Archive member included because of file (symbol)

G:\development\repos\AvalonStudio\SampleProject\LCDSample\obj\libArmSystem.a(startup.o)
                              G:\development\repos\AvalonStudio\SampleProject\LCDSample\obj\startup_stm32f40xx.o (system_startup)
c:/vestudio/appdata/repos/gcctoolchain/bin/../lib/gcc/arm-none-eabi/4.9.3/../../../../arm-none-eabi/lib/armv7e-m/fpu\libc_nano.a(lib_a-memset.o)
                              G:\development\repos\AvalonStudio\SampleProject\LCDSample\obj\stm32f4xx_hal_sd.o (memset)

Allocating common symbols
Common symbol       size              file

LCD_CacheBuffer_yptr_bottom_bak
                    0x2               G:\development\repos\AvalonStudio\SampleProject\LCDSample\obj\lcd_log.o
LCD_CacheBuffer_yptr_top_bak
                    0x2               G:\development\repos\AvalonStudio\SampleProject\LCDSample\obj\lcd_log.o
LCD_CacheBuffer_yptr_bottom
                    0x2               G:\development\repos\AvalonStudio\SampleProject\LCDSample\obj\lcd_log.o
pFlash              0x1c              G:\development\repos\AvalonStudio\SampleProject\LCDSample\obj\stm32f4xx_hal_flash.o
LCD_CacheBuffer_xptr
                    0x2               G:\development\repos\AvalonStudio\SampleProject\LCDSample\obj\lcd_log.o
LCD_CacheBuffer_yptr_invert
                    0x1               G:\development\repos\AvalonStudio\SampleProject\LCDSample\obj\lcd_log.o
LCD_Lock            0x1               G:\development\repos\AvalonStudio\SampleProject\LCDSample\obj\lcd_log.o
LCD_Scrolled        0x1               G:\development\repos\AvalonStudio\SampleProject\LCDSample\obj\lcd_log.o
LCD_CacheBuffer_yptr_top
                    0x2               G:\development\repos\AvalonStudio\SampleProject\LCDSample\obj\lcd_log.o
LCD_ScrollActive    0x1               G:\development\repos\AvalonStudio\SampleProject\LCDSample\obj\lcd_log.o
LCD_CacheBuffer     0x3c54            G:\development\repos\AvalonStudio\SampleProject\LCDSample\obj\lcd_log.o
LCD_LineColor       0x4               G:\development\repos\AvalonStudio\SampleProject\LCDSample\obj\lcd_log.o
I2cHandle           0x38              G:\development\repos\AvalonStudio\SampleProject\LCDSample\obj\stm32f429i_discovery.o
LCD_ScrollBackStep  0x2               G:\development\repos\AvalonStudio\SampleProject\LCDSample\obj\lcd_log.o
LcdDrv              0x4               G:\development\repos\AvalonStudio\SampleProject\LCDSample\obj\stm32f429i_discovery_lcd.o

Memory Configuration

Name             Origin             Length             Attributes
FLASH            0x08000000         0x00100000         xr
RAM              0x20000000         0x00020000         xrw
*default*        0x00000000         0xffffffff

Linker script and memory map

                0x20020000                _eram = 0x20020000

.text           0x08000000    0x253d8
 *(.interrupt_vector)
 .interrupt_vector
                0x08000000      0x188 G:\development\repos\AvalonStudio\SampleProject\LCDSample\obj\startup_stm32f40xx.o
 *(.text*)
 .text          0x08000188        0x0 G:\development\repos\AvalonStudio\SampleProject\LCDSample\obj\font12.o
 .text          0x08000188        0x0 G:\development\repos\AvalonStudio\SampleProject\LCDSample\obj\main.o
 .text.SystemClock_Config
                0x08000188       0x80 G:\development\repos\AvalonStudio\SampleProject\LCDSample\obj\main.o
 .text.main     0x08000208       0x80 G:\development\repos\AvalonStudio\SampleProject\LCDSample\obj\main.o
                0x08000208                main
 .text          0x08000288        0x0 G:\development\repos\AvalonStudio\SampleProject\LCDSample\obj\font20.o
 .text          0x08000288        0x0 G:\development\repos\AvalonStudio\SampleProject\LCDSample\obj\font8.o
 .text          0x08000288        0x0 G:\development\repos\AvalonStudio\SampleProject\LCDSample\obj\stm32f429i_discovery_eeprom.o
 .text          0x08000288        0x0 G:\development\repos\AvalonStudio\SampleProject\LCDSample\obj\font16.o
 .text          0x08000288        0x0 G:\development\repos\AvalonStudio\SampleProject\LCDSample\obj\stm32f429i_discovery_sdram.o
 .text.MspInit  0x08000288      0x12c G:\development\repos\AvalonStudio\SampleProject\LCDSample\obj\stm32f429i_discovery_sdram.o
 .text.BSP_SDRAM_Initialization_sequence
                0x080003b4       0xa0 G:\development\repos\AvalonStudio\SampleProject\LCDSample\obj\stm32f429i_discovery_sdram.o
                0x080003b4                BSP_SDRAM_Initialization_sequence
 .text.BSP_SDRAM_Init
                0x08000454       0x68 G:\development\repos\AvalonStudio\SampleProject\LCDSample\obj\stm32f429i_discovery_sdram.o
                0x08000454                BSP_SDRAM_Init
 .text.BSP_SDRAM_ReadData
                0x080004bc       0x18 G:\development\repos\AvalonStudio\SampleProject\LCDSample\obj\stm32f429i_discovery_sdram.o
                0x080004bc                BSP_SDRAM_ReadData
 .text.BSP_SDRAM_ReadData_DMA
                0x080004d4       0x18 G:\development\repos\AvalonStudio\SampleProject\LCDSample\obj\stm32f429i_discovery_sdram.o
                0x080004d4                BSP_SDRAM_ReadData_DMA
 .text.BSP_SDRAM_WriteData
                0x080004ec       0x24 G:\development\repos\AvalonStudio\SampleProject\LCDSample\obj\stm32f429i_discovery_sdram.o
                0x080004ec                BSP_SDRAM_WriteData
 .text.BSP_SDRAM_WriteData_DMA
                0x08000510       0x18 G:\development\repos\AvalonStudio\SampleProject\LCDSample\obj\stm32f429i_discovery_sdram.o
                0x08000510                BSP_SDRAM_WriteData_DMA
 .text.BSP_SDRAM_Sendcmd
                0x08000528       0x14 G:\development\repos\AvalonStudio\SampleProject\LCDSample\obj\stm32f429i_discovery_sdram.o
                0x08000528                BSP_SDRAM_Sendcmd
 .text.BSP_SDRAM_DMA_IRQHandler
                0x0800053c       0x10 G:\development\repos\AvalonStudio\SampleProject\LCDSample\obj\stm32f429i_discovery_sdram.o
                0x0800053c                BSP_SDRAM_DMA_IRQHandler
 .text          0x0800054c        0x0 G:\development\repos\AvalonStudio\SampleProject\LCDSample\obj\stm32f429i_discovery_ts.o
 .text.BSP_TS_Init
                0x0800054c       0x50 G:\development\repos\AvalonStudio\SampleProject\LCDSample\obj\stm32f429i_discovery_ts.o
                0x0800054c                BSP_TS_Init
 .text.BSP_TS_ITConfig
                0x0800059c       0x24 G:\development\repos\AvalonStudio\SampleProject\LCDSample\obj\stm32f429i_discovery_ts.o
                0x0800059c                BSP_TS_ITConfig
 .text.BSP_TS_ITGetStatus
                0x080005c0       0x14 G:\development\repos\AvalonStudio\SampleProject\LCDSample\obj\stm32f429i_discovery_ts.o
                0x080005c0                BSP_TS_ITGetStatus
 .text.BSP_TS_GetState
                0x080005d4       0xe8 G:\development\repos\AvalonStudio\SampleProject\LCDSample\obj\stm32f429i_discovery_ts.o
                0x080005d4                BSP_TS_GetState
 .text.BSP_TS_ITClear
                0x080006bc       0x18 G:\development\repos\AvalonStudio\SampleProject\LCDSample\obj\stm32f429i_discovery_ts.o
                0x080006bc                BSP_TS_ITClear
 .text          0x080006d4        0x0 G:\development\repos\AvalonStudio\SampleProject\LCDSample\obj\stm32f4xx_it.o
 .text.NMI_Handler
                0x080006d4        0x4 G:\development\repos\AvalonStudio\SampleProject\LCDSample\obj\stm32f4xx_it.o
                0x080006d4                NMI_Handler
 .text.HardFault_Handler
                0x080006d8        0x4 G:\development\repos\AvalonStudio\SampleProject\LCDSample\obj\stm32f4xx_it.o
                0x080006d8                HardFault_Handler
 .text.MemManage_Handler
                0x080006dc        0x4 G:\development\repos\AvalonStudio\SampleProject\LCDSample\obj\stm32f4xx_it.o
                0x080006dc                MemManage_Handler
 .text.BusFault_Handler
                0x080006e0        0x4 G:\development\repos\AvalonStudio\SampleProject\LCDSample\obj\stm32f4xx_it.o
                0x080006e0                BusFault_Handler
 .text.UsageFault_Handler
                0x080006e4        0x4 G:\development\repos\AvalonStudio\SampleProject\LCDSample\obj\stm32f4xx_it.o
                0x080006e4                UsageFault_Handler
 .text.SVC_Handler
                0x080006e8        0x4 G:\development\repos\AvalonStudio\SampleProject\LCDSample\obj\stm32f4xx_it.o
                0x080006e8                SVC_Handler
 .text.DebugMon_Handler
                0x080006ec        0x4 G:\development\repos\AvalonStudio\SampleProject\LCDSample\obj\stm32f4xx_it.o
                0x080006ec                DebugMon_Handler
 .text.PendSV_Handler
                0x080006f0        0x4 G:\development\repos\AvalonStudio\SampleProject\LCDSample\obj\stm32f4xx_it.o
                0x080006f0                PendSV_Handler
 .text.SysTick_Handler
                0x080006f4        0x8 G:\development\repos\AvalonStudio\SampleProject\LCDSample\obj\stm32f4xx_it.o
                0x080006f4                SysTick_Handler
 .text          0x080006fc        0x0 G:\development\repos\AvalonStudio\SampleProject\LCDSample\obj\ili9325.o
 .text.ili9325_GetLcdPixelWidth
                0x080006fc        0x8 G:\development\repos\AvalonStudio\SampleProject\LCDSample\obj\ili9325.o
                0x080006fc                ili9325_GetLcdPixelWidth
 .text.ili9325_GetLcdPixelHeight
                0x08000704        0x4 G:\development\repos\AvalonStudio\SampleProject\LCDSample\obj\ili9325.o
                0x08000704                ili9325_GetLcdPixelHeight
 .text.ili9325_WriteReg
                0x08000708       0x10 G:\development\repos\AvalonStudio\SampleProject\LCDSample\obj\ili9325.o
                0x08000708                ili9325_WriteReg
 .text.ili9325_DisplayOn
                0x08000718       0x60 G:\development\repos\AvalonStudio\SampleProject\LCDSample\obj\ili9325.o
                0x08000718                ili9325_DisplayOn
 .text.ili9325_DisplayOff
                0x08000778       0x34 G:\development\repos\AvalonStudio\SampleProject\LCDSample\obj\ili9325.o
                0x08000778                ili9325_DisplayOff
 .text.ili9325_SetCursor
                0x080007ac       0x1c G:\development\repos\AvalonStudio\SampleProject\LCDSample\obj\ili9325.o
                0x080007ac                ili9325_SetCursor
 .text.ili9325_WritePixel
                0x080007c8       0x18 G:\development\repos\AvalonStudio\SampleProject\LCDSample\obj\ili9325.o
                0x080007c8                ili9325_WritePixel
 .text.ili9325_ReadPixel
                0x080007e0       0x18 G:\development\repos\AvalonStudio\SampleProject\LCDSample\obj\ili9325.o
                0x080007e0                ili9325_ReadPixel
 .text.ili9325_DrawHLine
                0x080007f8       0x28 G:\development\repos\AvalonStudio\SampleProject\LCDSample\obj\ili9325.o
                0x080007f8                ili9325_DrawHLine
 .text.ili9325_DrawRGBImage
                0x08000820       0x28 G:\development\repos\AvalonStudio\SampleProject\LCDSample\obj\ili9325.o
                0x08000820                ili9325_DrawRGBImage
 .text.ili9325_Init
                0x08000848      0x1fc G:\development\repos\AvalonStudio\SampleProject\LCDSample\obj\ili9325.o
                0x08000848                ili9325_Init
 .text.ili9325_SetDisplayWindow
                0x08000a44       0x3c G:\development\repos\AvalonStudio\SampleProject\LCDSample\obj\ili9325.o
                0x08000a44                ili9325_SetDisplayWindow
 .text.ili9325_DrawVLine
                0x08000a80       0x40 G:\development\repos\AvalonStudio\SampleProject\LCDSample\obj\ili9325.o
                0x08000a80                ili9325_DrawVLine
 .text.ili9325_DrawBitmap
                0x08000ac0       0x58 G:\development\repos\AvalonStudio\SampleProject\LCDSample\obj\ili9325.o
                0x08000ac0                ili9325_DrawBitmap
 .text.ili9325_ReadReg
                0x08000b18        0xc G:\development\repos\AvalonStudio\SampleProject\LCDSample\obj\ili9325.o
                0x08000b18                ili9325_ReadReg
 .text.ili9325_ReadID
                0x08000b24       0x18 G:\development\repos\AvalonStudio\SampleProject\LCDSample\obj\ili9325.o
                0x08000b24                ili9325_ReadID
 .text          0x08000b3c        0x0 G:\development\repos\AvalonStudio\SampleProject\LCDSample\obj\ili9341.o
 .text.ili9341_GetLcdPixelWidth
                0x08000b3c        0x4 G:\development\repos\AvalonStudio\SampleProject\LCDSample\obj\ili9341.o
                0x08000b3c                ili9341_GetLcdPixelWidth
 .text.ili9341_GetLcdPixelHeight
                0x08000b40        0x8 G:\development\repos\AvalonStudio\SampleProject\LCDSample\obj\ili9341.o
                0x08000b40                ili9341_GetLcdPixelHeight
 .text.ili9341_WriteReg
                0x08000b48        0x8 G:\development\repos\AvalonStudio\SampleProject\LCDSample\obj\ili9341.o
                0x08000b48                ili9341_WriteReg
 .text.ili9341_DisplayOn
                0x08000b50        0xc G:\development\repos\AvalonStudio\SampleProject\LCDSample\obj\ili9341.o
                0x08000b50                ili9341_DisplayOn
 .text.ili9341_DisplayOff
                0x08000b5c        0xc G:\development\repos\AvalonStudio\SampleProject\LCDSample\obj\ili9341.o
                0x08000b5c                ili9341_DisplayOff
 .text.ili9341_WriteData
                0x08000b68        0x8 G:\development\repos\AvalonStudio\SampleProject\LCDSample\obj\ili9341.o
                0x08000b68                ili9341_WriteData
 .text.ili9341_Init
                0x08000b70      0x2a8 G:\development\repos\AvalonStudio\SampleProject\LCDSample\obj\ili9341.o
                0x08000b70                ili9341_Init
 .text.ili9341_ReadData
                0x08000e18        0x8 G:\development\repos\AvalonStudio\SampleProject\LCDSample\obj\ili9341.o
                0x08000e18                ili9341_ReadData
 .text.ili9341_ReadID
                0x08000e20       0x1c G:\development\repos\AvalonStudio\SampleProject\LCDSample\obj\ili9341.o
                0x08000e20                ili9341_ReadID
 .text          0x08000e3c        0x0 G:\development\repos\AvalonStudio\SampleProject\LCDSample\obj\stm32f429i_discovery_io.o
 .text.BSP_IO_Init
                0x08000e3c        0x4 G:\development\repos\AvalonStudio\SampleProject\LCDSample\obj\stm32f429i_discovery_io.o
                0x08000e3c                BSP_IO_Init
 .text.BSP_IO_ITGetStatus
                0x08000e40       0x14 G:\development\repos\AvalonStudio\SampleProject\LCDSample\obj\stm32f429i_discovery_io.o
                0x08000e40                BSP_IO_ITGetStatus
 .text.BSP_IO_ITClear
                0x08000e54       0x14 G:\development\repos\AvalonStudio\SampleProject\LCDSample\obj\stm32f429i_discovery_io.o
                0x08000e54                BSP_IO_ITClear
 .text.BSP_IO_ConfigPin
                0x08000e68       0x18 G:\development\repos\AvalonStudio\SampleProject\LCDSample\obj\stm32f429i_discovery_io.o
                0x08000e68                BSP_IO_ConfigPin
 .text.BSP_IO_WritePin
                0x08000e80       0x18 G:\development\repos\AvalonStudio\SampleProject\LCDSample\obj\stm32f429i_discovery_io.o
                0x08000e80                BSP_IO_WritePin
 .text.BSP_IO_ReadPin
                0x08000e98       0x14 G:\development\repos\AvalonStudio\SampleProject\LCDSample\obj\stm32f429i_discovery_io.o
                0x08000e98                BSP_IO_ReadPin
 .text.BSP_IO_TogglePin
                0x08000eac       0x38 G:\development\repos\AvalonStudio\SampleProject\LCDSample\obj\stm32f429i_discovery_io.o
                0x08000eac                BSP_IO_TogglePin
 .text          0x08000ee4        0x0 G:\development\repos\AvalonStudio\SampleProject\LCDSample\obj\font24.o
 .text          0x08000ee4        0x0 G:\development\repos\AvalonStudio\SampleProject\LCDSample\obj\lcd_log.o
 .text.LCD_LOG_DeInit
                0x08000ee4       0x64 G:\development\repos\AvalonStudio\SampleProject\LCDSample\obj\lcd_log.o
                0x08000ee4                LCD_LOG_DeInit
 .text.LCD_LOG_Init
                0x08000f48       0x10 G:\development\repos\AvalonStudio\SampleProject\LCDSample\obj\lcd_log.o
                0x08000f48                LCD_LOG_Init
 .text.LCD_LOG_SetHeader
                0x08000f58       0x6c G:\development\repos\AvalonStudio\SampleProject\LCDSample\obj\lcd_log.o
                0x08000f58                LCD_LOG_SetHeader
 .text.LCD_LOG_SetFooter
                0x08000fc4       0x80 G:\development\repos\AvalonStudio\SampleProject\LCDSample\obj\lcd_log.o
                0x08000fc4                LCD_LOG_SetFooter
 .text.LCD_LOG_ClearTextZone
                0x08001044       0x1c G:\development\repos\AvalonStudio\SampleProject\LCDSample\obj\lcd_log.o
                0x08001044                LCD_LOG_ClearTextZone
 .text.LCD_LOG_UpdateDisplay
                0x08001060       0xac G:\development\repos\AvalonStudio\SampleProject\LCDSample\obj\lcd_log.o
                0x08001060                LCD_LOG_UpdateDisplay
 .text.__io_putchar
                0x0800110c      0x150 G:\development\repos\AvalonStudio\SampleProject\LCDSample\obj\lcd_log.o
                0x0800110c                __io_putchar
 .text.LCD_LOG_ScrollBack
                0x0800125c       0xdc G:\development\repos\AvalonStudio\SampleProject\LCDSample\obj\lcd_log.o
                0x0800125c                LCD_LOG_ScrollBack
 .text.LCD_LOG_ScrollForward
                0x08001338       0xb0 G:\development\repos\AvalonStudio\SampleProject\LCDSample\obj\lcd_log.o
                0x08001338                LCD_LOG_ScrollForward
 .text          0x080013e8        0x0 G:\development\repos\AvalonStudio\SampleProject\LCDSample\obj\stm32f429i_discovery.o
 .text.SPIx_MspInit
                0x080013e8       0x40 G:\development\repos\AvalonStudio\SampleProject\LCDSample\obj\stm32f429i_discovery.o
 .text.I2Cx_MspInit
                0x08001428       0x9c G:\development\repos\AvalonStudio\SampleProject\LCDSample\obj\stm32f429i_discovery.o
 .text.I2Cx_ITConfig
                0x080014c4       0x48 G:\development\repos\AvalonStudio\SampleProject\LCDSample\obj\stm32f429i_discovery.o
 .text.SPIx_Init
                0x0800150c       0x4c G:\development\repos\AvalonStudio\SampleProject\LCDSample\obj\stm32f429i_discovery.o
 .text.SPIx_Error
                0x08001558       0x14 G:\development\repos\AvalonStudio\SampleProject\LCDSample\obj\stm32f429i_discovery.o
 .text.SPIx_Write
                0x0800156c       0x2c G:\development\repos\AvalonStudio\SampleProject\LCDSample\obj\stm32f429i_discovery.o
 .text.SPIx_Read
                0x08001598       0x28 G:\development\repos\AvalonStudio\SampleProject\LCDSample\obj\stm32f429i_discovery.o
 .text.I2Cx_Init
                0x080015c0       0x44 G:\development\repos\AvalonStudio\SampleProject\LCDSample\obj\stm32f429i_discovery.o
 .text.I2Cx_Error
                0x08001604       0x14 G:\development\repos\AvalonStudio\SampleProject\LCDSample\obj\stm32f429i_discovery.o
 .text.I2Cx_WriteData
                0x08001618       0x34 G:\development\repos\AvalonStudio\SampleProject\LCDSample\obj\stm32f429i_discovery.o
 .text.I2Cx_WriteBuffer
                0x0800164c       0x30 G:\development\repos\AvalonStudio\SampleProject\LCDSample\obj\stm32f429i_discovery.o
 .text.I2Cx_ReadData
                0x0800167c       0x3c G:\development\repos\AvalonStudio\SampleProject\LCDSample\obj\stm32f429i_discovery.o
 .text.I2Cx_ReadBuffer
                0x080016b8       0x38 G:\development\repos\AvalonStudio\SampleProject\LCDSample\obj\stm32f429i_discovery.o
 .text.SPIx_WriteRead
                0x080016f0       0x3c G:\development\repos\AvalonStudio\SampleProject\LCDSample\obj\stm32f429i_discovery.o
 .text.BSP_GetVersion
                0x0800172c        0x8 G:\development\repos\AvalonStudio\SampleProject\LCDSample\obj\stm32f429i_discovery.o
                0x0800172c                BSP_GetVersion
 .text.BSP_LED_Init
                0x08001734       0x58 G:\development\repos\AvalonStudio\SampleProject\LCDSample\obj\stm32f429i_discovery.o
                0x08001734                BSP_LED_Init
 .text.BSP_LED_On
                0x0800178c       0x20 G:\development\repos\AvalonStudio\SampleProject\LCDSample\obj\stm32f429i_discovery.o
                0x0800178c                BSP_LED_On
 .text.BSP_LED_Off
                0x080017ac       0x20 G:\development\repos\AvalonStudio\SampleProject\LCDSample\obj\stm32f429i_discovery.o
                0x080017ac                BSP_LED_Off
 .text.BSP_LED_Toggle
                0x080017cc       0x20 G:\development\repos\AvalonStudio\SampleProject\LCDSample\obj\stm32f429i_discovery.o
                0x080017cc                BSP_LED_Toggle
 .text.BSP_PB_Init
                0x080017ec       0x74 G:\development\repos\AvalonStudio\SampleProject\LCDSample\obj\stm32f429i_discovery.o
                0x080017ec                BSP_PB_Init
 .text.BSP_PB_GetState
                0x08001860       0x14 G:\development\repos\AvalonStudio\SampleProject\LCDSample\obj\stm32f429i_discovery.o
                0x08001860                BSP_PB_GetState
 .text.LCD_IO_Init
                0x08001874       0x94 G:\development\repos\AvalonStudio\SampleProject\LCDSample\obj\stm32f429i_discovery.o
                0x08001874                LCD_IO_Init
 .text.LCD_IO_WriteData
                0x08001908       0x38 G:\development\repos\AvalonStudio\SampleProject\LCDSample\obj\stm32f429i_discovery.o
                0x08001908                LCD_IO_WriteData
 .text.LCD_IO_WriteReg
                0x08001940       0x38 G:\development\repos\AvalonStudio\SampleProject\LCDSample\obj\stm32f429i_discovery.o
                0x08001940                LCD_IO_WriteReg
 .text.LCD_IO_ReadData
                0x08001978       0x50 G:\development\repos\AvalonStudio\SampleProject\LCDSample\obj\stm32f429i_discovery.o
                0x08001978                LCD_IO_ReadData
 .text.LCD_Delay
                0x080019c8        0x8 G:\development\repos\AvalonStudio\SampleProject\LCDSample\obj\stm32f429i_discovery.o
                0x080019c8                LCD_Delay
 .text.IOE_Init
                0x080019d0        0x8 G:\development\repos\AvalonStudio\SampleProject\LCDSample\obj\stm32f429i_discovery.o
                0x080019d0                IOE_Init
 .text.IOE_ITConfig
                0x080019d8        0x8 G:\development\repos\AvalonStudio\SampleProject\LCDSample\obj\stm32f429i_discovery.o
                0x080019d8                IOE_ITConfig
 .text.IOE_Write
                0x080019e0        0x8 G:\development\repos\AvalonStudio\SampleProject\LCDSample\obj\stm32f429i_discovery.o
                0x080019e0                IOE_Write
 .text.IOE_Read
                0x080019e8        0x8 G:\development\repos\AvalonStudio\SampleProject\LCDSample\obj\stm32f429i_discovery.o
                0x080019e8                IOE_Read
 .text.IOE_WriteMultiple
                0x080019f0        0x8 G:\development\repos\AvalonStudio\SampleProject\LCDSample\obj\stm32f429i_discovery.o
                0x080019f0                IOE_WriteMultiple
 .text.IOE_ReadMultiple
                0x080019f8        0x8 G:\development\repos\AvalonStudio\SampleProject\LCDSample\obj\stm32f429i_discovery.o
                0x080019f8                IOE_ReadMultiple
 .text.IOE_Delay
                0x08001a00        0x8 G:\development\repos\AvalonStudio\SampleProject\LCDSample\obj\stm32f429i_discovery.o
                0x08001a00                IOE_Delay
 .text.GYRO_IO_Init
                0x08001a08       0x64 G:\development\repos\AvalonStudio\SampleProject\LCDSample\obj\stm32f429i_discovery.o
                0x08001a08                GYRO_IO_Init
 .text.GYRO_IO_Write
                0x08001a6c       0x44 G:\development\repos\AvalonStudio\SampleProject\LCDSample\obj\stm32f429i_discovery.o
                0x08001a6c                GYRO_IO_Write
 .text.GYRO_IO_Read
                0x08001ab0       0x48 G:\development\repos\AvalonStudio\SampleProject\LCDSample\obj\stm32f429i_discovery.o
                0x08001ab0                GYRO_IO_Read
 .text          0x08001af8        0x0 G:\development\repos\AvalonStudio\SampleProject\LCDSample\obj\stm32f429i_discovery_lcd.o
 .text.MspInit  0x08001af8       0xe8 G:\development\repos\AvalonStudio\SampleProject\LCDSample\obj\stm32f429i_discovery_lcd.o
 .text.FillBuffer
                0x08001be0       0x54 G:\development\repos\AvalonStudio\SampleProject\LCDSample\obj\stm32f429i_discovery_lcd.o
 .text.ConvertLineToARGB8888
                0x08001c34       0x5c G:\development\repos\AvalonStudio\SampleProject\LCDSample\obj\stm32f429i_discovery_lcd.o
 .text.BSP_LCD_GetXSize
                0x08001c90       0x10 G:\development\repos\AvalonStudio\SampleProject\LCDSample\obj\stm32f429i_discovery_lcd.o
                0x08001c90                BSP_LCD_GetXSize
 .text.BSP_LCD_GetYSize
                0x08001ca0       0x10 G:\development\repos\AvalonStudio\SampleProject\LCDSample\obj\stm32f429i_discovery_lcd.o
                0x08001ca0                BSP_LCD_GetYSize
 .text.BSP_LCD_LayerDefaultInit
                0x08001cb0       0x88 G:\development\repos\AvalonStudio\SampleProject\LCDSample\obj\stm32f429i_discovery_lcd.o
                0x08001cb0                BSP_LCD_LayerDefaultInit
 .text.BSP_LCD_LayerDefaultInitPixelFormat
                0x08001d38       0x88 G:\development\repos\AvalonStudio\SampleProject\LCDSample\obj\stm32f429i_discovery_lcd.o
                0x08001d38                BSP_LCD_LayerDefaultInitPixelFormat
 .text.BSP_LCD_SelectLayer
                0x08001dc0        0xc G:\development\repos\AvalonStudio\SampleProject\LCDSample\obj\stm32f429i_discovery_lcd.o
                0x08001dc0                BSP_LCD_SelectLayer
 .text.BSP_LCD_SetLayerVisible
                0x08001dcc       0x40 G:\development\repos\AvalonStudio\SampleProject\LCDSample\obj\stm32f429i_discovery_lcd.o
                0x08001dcc                BSP_LCD_SetLayerVisible
 .text.BSP_LCD_SetTransparency
                0x08001e0c       0x10 G:\development\repos\AvalonStudio\SampleProject\LCDSample\obj\stm32f429i_discovery_lcd.o
                0x08001e0c                BSP_LCD_SetTransparency
 .text.BSP_LCD_SetLayerAddress
                0x08001e1c       0x10 G:\development\repos\AvalonStudio\SampleProject\LCDSample\obj\stm32f429i_discovery_lcd.o
                0x08001e1c                BSP_LCD_SetLayerAddress
 .text.BSP_LCD_SetLayerWindow
                0x08001e2c       0x2c G:\development\repos\AvalonStudio\SampleProject\LCDSample\obj\stm32f429i_discovery_lcd.o
                0x08001e2c                BSP_LCD_SetLayerWindow
 .text.BSP_LCD_SetColorKeying
                0x08001e58       0x1c G:\development\repos\AvalonStudio\SampleProject\LCDSample\obj\stm32f429i_discovery_lcd.o
                0x08001e58                BSP_LCD_SetColorKeying
 .text.BSP_LCD_ResetColorKeying
                0x08001e74       0x10 G:\development\repos\AvalonStudio\SampleProject\LCDSample\obj\stm32f429i_discovery_lcd.o
                0x08001e74                BSP_LCD_ResetColorKeying
 .text.BSP_LCD_GetTextColor
                0x08001e84       0x18 G:\development\repos\AvalonStudio\SampleProject\LCDSample\obj\stm32f429i_discovery_lcd.o
                0x08001e84                BSP_LCD_GetTextColor
 .text.BSP_LCD_GetBackColor
                0x08001e9c       0x1c G:\development\repos\AvalonStudio\SampleProject\LCDSample\obj\stm32f429i_discovery_lcd.o
                0x08001e9c                BSP_LCD_GetBackColor
 .text.BSP_LCD_SetTextColor
                0x08001eb8       0x18 G:\development\repos\AvalonStudio\SampleProject\LCDSample\obj\stm32f429i_discovery_lcd.o
                0x08001eb8                BSP_LCD_SetTextColor
 .text.BSP_LCD_SetBackColor
                0x08001ed0       0x1c G:\development\repos\AvalonStudio\SampleProject\LCDSample\obj\stm32f429i_discovery_lcd.o
                0x08001ed0                BSP_LCD_SetBackColor
 .text.BSP_LCD_SetFont
                0x08001eec       0x1c G:\development\repos\AvalonStudio\SampleProject\LCDSample\obj\stm32f429i_discovery_lcd.o
                0x08001eec                BSP_LCD_SetFont
 .text.BSP_LCD_Init
                0x08001f08       0x98 G:\development\repos\AvalonStudio\SampleProject\LCDSample\obj\stm32f429i_discovery_lcd.o
                0x08001f08                BSP_LCD_Init
 .text.BSP_LCD_GetFont
                0x08001fa0       0x1c G:\development\repos\AvalonStudio\SampleProject\LCDSample\obj\stm32f429i_discovery_lcd.o
                0x08001fa0                BSP_LCD_GetFont
 .text.BSP_LCD_ReadPixel
                0x08001fbc       0x94 G:\development\repos\AvalonStudio\SampleProject\LCDSample\obj\stm32f429i_discovery_lcd.o
                0x08001fbc                BSP_LCD_ReadPixel
 .text.BSP_LCD_Clear
                0x08002050       0x3c G:\development\repos\AvalonStudio\SampleProject\LCDSample\obj\stm32f429i_discovery_lcd.o
                0x08002050                BSP_LCD_Clear
 .text.BSP_LCD_DrawHLine
                0x0800208c       0x54 G:\development\repos\AvalonStudio\SampleProject\LCDSample\obj\stm32f429i_discovery_lcd.o
                0x0800208c                BSP_LCD_DrawHLine
 .text.BSP_LCD_DrawVLine
                0x080020e0       0x5c G:\development\repos\AvalonStudio\SampleProject\LCDSample\obj\stm32f429i_discovery_lcd.o
                0x080020e0                BSP_LCD_DrawVLine
 .text.BSP_LCD_DrawRect
                0x0800213c       0x34 G:\development\repos\AvalonStudio\SampleProject\LCDSample\obj\stm32f429i_discovery_lcd.o
                0x0800213c                BSP_LCD_DrawRect
 .text.BSP_LCD_DrawBitmap
                0x08002170       0xa8 G:\development\repos\AvalonStudio\SampleProject\LCDSample\obj\stm32f429i_discovery_lcd.o
                0x08002170                BSP_LCD_DrawBitmap
 .text.BSP_LCD_FillRect
                0x08002218       0x74 G:\development\repos\AvalonStudio\SampleProject\LCDSample\obj\stm32f429i_discovery_lcd.o
                0x08002218                BSP_LCD_FillRect
 .text.BSP_LCD_ClearStringLine
                0x0800228c       0x5c G:\development\repos\AvalonStudio\SampleProject\LCDSample\obj\stm32f429i_discovery_lcd.o
                0x0800228c                BSP_LCD_ClearStringLine
 .text.BSP_LCD_FillEllipse
                0x080022e8       0xc0 G:\development\repos\AvalonStudio\SampleProject\LCDSample\obj\stm32f429i_discovery_lcd.o
                0x080022e8                BSP_LCD_FillEllipse
 .text.BSP_LCD_DisplayOn
                0x080023a8       0x14 G:\development\repos\AvalonStudio\SampleProject\LCDSample\obj\stm32f429i_discovery_lcd.o
                0x080023a8                BSP_LCD_DisplayOn
 .text.BSP_LCD_DisplayOff
                0x080023bc       0x14 G:\development\repos\AvalonStudio\SampleProject\LCDSample\obj\stm32f429i_discovery_lcd.o
                0x080023bc                BSP_LCD_DisplayOff
 .text.BSP_LCD_DrawPixel
                0x080023d0       0x2c G:\development\repos\AvalonStudio\SampleProject\LCDSample\obj\stm32f429i_discovery_lcd.o
                0x080023d0                BSP_LCD_DrawPixel
 .text.DrawChar
                0x080023fc       0xe0 G:\development\repos\AvalonStudio\SampleProject\LCDSample\obj\stm32f429i_discovery_lcd.o
 .text.BSP_LCD_DisplayChar
                0x080024dc       0x34 G:\development\repos\AvalonStudio\SampleProject\LCDSample\obj\stm32f429i_discovery_lcd.o
                0x080024dc                BSP_LCD_DisplayChar
 .text.BSP_LCD_DisplayStringAt
                0x08002510       0xc4 G:\development\repos\AvalonStudio\SampleProject\LCDSample\obj\stm32f429i_discovery_lcd.o
                0x08002510                BSP_LCD_DisplayStringAt
 .text.BSP_LCD_DisplayStringAtLine
                0x080025d4       0x20 G:\development\repos\AvalonStudio\SampleProject\LCDSample\obj\stm32f429i_discovery_lcd.o
                0x080025d4                BSP_LCD_DisplayStringAtLine
 .text.BSP_LCD_DisplayStringAtLineMode
                0x080025f4       0x20 G:\development\repos\AvalonStudio\SampleProject\LCDSample\obj\stm32f429i_discovery_lcd.o
                0x080025f4                BSP_LCD_DisplayStringAtLineMode
 .text.BSP_LCD_DrawLine
                0x08002614       0xf8 G:\development\repos\AvalonStudio\SampleProject\LCDSample\obj\stm32f429i_discovery_lcd.o
                0x08002614                BSP_LCD_DrawLine
 .text.BSP_LCD_DrawPolygon
                0x0800270c       0x3c G:\development\repos\AvalonStudio\SampleProject\LCDSample\obj\stm32f429i_discovery_lcd.o
                0x0800270c                BSP_LCD_DrawPolygon
 .text.BSP_LCD_FillTriangle
                0x08002748       0xf4 G:\development\repos\AvalonStudio\SampleProject\LCDSample\obj\stm32f429i_discovery_lcd.o
                0x08002748                BSP_LCD_FillTriangle
 .text.BSP_LCD_FillPolygon
                0x0800283c      0x124 G:\development\repos\AvalonStudio\SampleProject\LCDSample\obj\stm32f429i_discovery_lcd.o
                0x0800283c                BSP_LCD_FillPolygon
 .text.BSP_LCD_DrawCircle
                0x08002960      0x134 G:\development\repos\AvalonStudio\SampleProject\LCDSample\obj\stm32f429i_discovery_lcd.o
                0x08002960                BSP_LCD_DrawCircle
 .text.BSP_LCD_FillCircle
                0x08002a94       0xd0 G:\development\repos\AvalonStudio\SampleProject\LCDSample\obj\stm32f429i_discovery_lcd.o
                0x08002a94                BSP_LCD_FillCircle
 .text.BSP_LCD_DrawEllipse
                0x08002b64      0x10c G:\development\repos\AvalonStudio\SampleProject\LCDSample\obj\stm32f429i_discovery_lcd.o
                0x08002b64                BSP_LCD_DrawEllipse
 .text          0x08002c70        0x0 G:\development\repos\AvalonStudio\SampleProject\LCDSample\obj\stmpe811.o
 .text.stmpe811_GetInstance
                0x08002c70       0x20 G:\development\repos\AvalonStudio\SampleProject\LCDSample\obj\stmpe811.o
 .text.stmpe811_IO_WritePin
                0x08002c90       0x20 G:\development\repos\AvalonStudio\SampleProject\LCDSample\obj\stmpe811.o
                0x08002c90                stmpe811_IO_WritePin
 .text.stmpe811_Reset
                0x08002cb0       0x28 G:\development\repos\AvalonStudio\SampleProject\LCDSample\obj\stmpe811.o
                0x08002cb0                stmpe811_Reset
 .text.stmpe811_Init
                0x08002cd8       0x2c G:\development\repos\AvalonStudio\SampleProject\LCDSample\obj\stmpe811.o
                0x08002cd8                stmpe811_Init
 .text.stmpe811_ReadID
                0x08002d04       0x24 G:\development\repos\AvalonStudio\SampleProject\LCDSample\obj\stmpe811.o
                0x08002d04                stmpe811_ReadID
 .text.stmpe811_IO_ReadPin
                0x08002d28       0x14 G:\development\repos\AvalonStudio\SampleProject\LCDSample\obj\stmpe811.o
                0x08002d28                stmpe811_IO_ReadPin
 .text.stmpe811_IO_ITStatus
                0x08002d3c       0x14 G:\development\repos\AvalonStudio\SampleProject\LCDSample\obj\stmpe811.o
                0x08002d3c                stmpe811_IO_ITStatus
 .text.stmpe811_TS_DetectTouch
                0x08002d50       0x3c G:\development\repos\AvalonStudio\SampleProject\LCDSample\obj\stmpe811.o
                0x08002d50                stmpe811_TS_DetectTouch
 .text.stmpe811_TS_GetXY
                0x08002d8c       0x54 G:\development\repos\AvalonStudio\SampleProject\LCDSample\obj\stmpe811.o
                0x08002d8c                stmpe811_TS_GetXY
 .text.stmpe811_EnableGlobalIT
                0x08002de0       0x1c G:\development\repos\AvalonStudio\SampleProject\LCDSample\obj\stmpe811.o
                0x08002de0                stmpe811_EnableGlobalIT
 .text.stmpe811_DisableGlobalIT
                0x08002dfc       0x1c G:\development\repos\AvalonStudio\SampleProject\LCDSample\obj\stmpe811.o
                0x08002dfc                stmpe811_DisableGlobalIT
 .text.stmpe811_EnableITSource
                0x08002e18       0x20 G:\development\repos\AvalonStudio\SampleProject\LCDSample\obj\stmpe811.o
                0x08002e18                stmpe811_EnableITSource
 .text.stmpe811_IO_EnableIT
                0x08002e38       0x18 G:\development\repos\AvalonStudio\SampleProject\LCDSample\obj\stmpe811.o
                0x08002e38                stmpe811_IO_EnableIT
 .text.stmpe811_TS_EnableIT
                0x08002e50       0x18 G:\development\repos\AvalonStudio\SampleProject\LCDSample\obj\stmpe811.o
                0x08002e50                stmpe811_TS_EnableIT
 .text.stmpe811_DisableITSource
                0x08002e68       0x20 G:\development\repos\AvalonStudio\SampleProject\LCDSample\obj\stmpe811.o
                0x08002e68                stmpe811_DisableITSource
 .text.stmpe811_IO_DisableIT
                0x08002e88       0x14 G:\development\repos\AvalonStudio\SampleProject\LCDSample\obj\stmpe811.o
                0x08002e88                stmpe811_IO_DisableIT
 .text.stmpe811_TS_DisableIT
                0x08002e9c       0x14 G:\development\repos\AvalonStudio\SampleProject\LCDSample\obj\stmpe811.o
                0x08002e9c                stmpe811_TS_DisableIT
 .text.stmpe811_SetITPolarity
                0x08002eb0       0x20 G:\development\repos\AvalonStudio\SampleProject\LCDSample\obj\stmpe811.o
                0x08002eb0                stmpe811_SetITPolarity
 .text.stmpe811_SetITType
                0x08002ed0       0x20 G:\development\repos\AvalonStudio\SampleProject\LCDSample\obj\stmpe811.o
                0x08002ed0                stmpe811_SetITType
 .text.stmpe811_GlobalITStatus
                0x08002ef0       0x18 G:\development\repos\AvalonStudio\SampleProject\LCDSample\obj\stmpe811.o
                0x08002ef0                stmpe811_GlobalITStatus
 .text.stmpe811_ReadGITStatus
                0x08002f08       0x10 G:\development\repos\AvalonStudio\SampleProject\LCDSample\obj\stmpe811.o
                0x08002f08                stmpe811_ReadGITStatus
 .text.stmpe811_TS_ITStatus
                0x08002f18        0xc G:\development\repos\AvalonStudio\SampleProject\LCDSample\obj\stmpe811.o
                0x08002f18                stmpe811_TS_ITStatus
 .text.stmpe811_ClearGlobalIT
                0x08002f24       0x10 G:\development\repos\AvalonStudio\SampleProject\LCDSample\obj\stmpe811.o
                0x08002f24                stmpe811_ClearGlobalIT
 .text.stmpe811_IO_ClearIT
                0x08002f34       0x3c G:\development\repos\AvalonStudio\SampleProject\LCDSample\obj\stmpe811.o
                0x08002f34                stmpe811_IO_ClearIT
 .text.stmpe811_TS_ClearIT
                0x08002f70        0xc G:\development\repos\AvalonStudio\SampleProject\LCDSample\obj\stmpe811.o
                0x08002f70                stmpe811_TS_ClearIT
 .text.stmpe811_IO_InitPin
                0x08002f7c       0x2c G:\development\repos\AvalonStudio\SampleProject\LCDSample\obj\stmpe811.o
                0x08002f7c                stmpe811_IO_InitPin
 .text.stmpe811_IO_EnableAF
                0x08002fa8       0x20 G:\development\repos\AvalonStudio\SampleProject\LCDSample\obj\stmpe811.o
                0x08002fa8                stmpe811_IO_EnableAF
 .text.stmpe811_IO_Start
                0x08002fc8       0x28 G:\development\repos\AvalonStudio\SampleProject\LCDSample\obj\stmpe811.o
                0x08002fc8                stmpe811_IO_Start
 .text.stmpe811_IO_DisableAF
                0x08002ff0       0x20 G:\development\repos\AvalonStudio\SampleProject\LCDSample\obj\stmpe811.o
                0x08002ff0                stmpe811_IO_DisableAF
 .text.stmpe811_TS_Start
                0x08003010       0x94 G:\development\repos\AvalonStudio\SampleProject\LCDSample\obj\stmpe811.o
                0x08003010                stmpe811_TS_Start
 .text.stmpe811_IO_SetEdgeMode
                0x080030a4       0x50 G:\development\repos\AvalonStudio\SampleProject\LCDSample\obj\stmpe811.o
                0x080030a4                stmpe811_IO_SetEdgeMode
 .text.stmpe811_IO_EnablePinIT
                0x080030f4       0x20 G:\development\repos\AvalonStudio\SampleProject\LCDSample\obj\stmpe811.o
                0x080030f4                stmpe811_IO_EnablePinIT
 .text.stmpe811_IO_Config
                0x08003114       0xc8 G:\development\repos\AvalonStudio\SampleProject\LCDSample\obj\stmpe811.o
                0x08003114                stmpe811_IO_Config
 .text.stmpe811_IO_DisablePinIT
                0x080031dc       0x20 G:\development\repos\AvalonStudio\SampleProject\LCDSample\obj\stmpe811.o
                0x080031dc                stmpe811_IO_DisablePinIT
 .text          0x080031fc        0x0 G:\development\repos\AvalonStudio\SampleProject\LCDSample\obj\system_stm32f4xx.o
 .text.SystemInit_ExtMemCtl
                0x080031fc       0xcc G:\development\repos\AvalonStudio\SampleProject\LCDSample\obj\system_stm32f4xx.o
 .text.SystemInit
                0x080032c8       0x50 G:\development\repos\AvalonStudio\SampleProject\LCDSample\obj\system_stm32f4xx.o
                0x080032c8                SystemInit
 .text.SystemCoreClockUpdate
                0x08003318       0xa4 G:\development\repos\AvalonStudio\SampleProject\LCDSample\obj\system_stm32f4xx.o
                0x08003318                SystemCoreClockUpdate
 .text          0x080033bc        0x0 G:\development\repos\AvalonStudio\SampleProject\LCDSample\obj\_initialize_hardware.o
 .text.__initialize_hardware
                0x080033bc       0x1c G:\development\repos\AvalonStudio\SampleProject\LCDSample\obj\_initialize_hardware.o
                0x080033bc                __initialize_hardware
 .text          0x080033d8        0x0 G:\development\repos\AvalonStudio\SampleProject\LCDSample\obj\_reset_hardware.o
 .text.__reset_hardware
                0x080033d8       0x20 G:\development\repos\AvalonStudio\SampleProject\LCDSample\obj\_reset_hardware.o
                0x080033d8                __reset_hardware
 .text          0x080033f8        0x0 G:\development\repos\AvalonStudio\SampleProject\LCDSample\obj\stm32f4xx_hal_adc.o
 .text.ADC_Init
                0x080033f8      0x10c G:\development\repos\AvalonStudio\SampleProject\LCDSample\obj\stm32f4xx_hal_adc.o
 .text.HAL_ADC_MspInit
                0x08003504        0x4 G:\development\repos\AvalonStudio\SampleProject\LCDSample\obj\stm32f4xx_hal_adc.o
                0x08003504                HAL_ADC_MspInit
 .text.HAL_ADC_Init
                0x08003508       0x34 G:\development\repos\AvalonStudio\SampleProject\LCDSample\obj\stm32f4xx_hal_adc.o
                0x08003508                HAL_ADC_Init
 .text.HAL_ADC_MspDeInit
                0x0800353c        0x4 G:\development\repos\AvalonStudio\SampleProject\LCDSample\obj\stm32f4xx_hal_adc.o
                0x0800353c                HAL_ADC_MspDeInit
 .text.HAL_ADC_DeInit
                0x08003540       0x20 G:\development\repos\AvalonStudio\SampleProject\LCDSample\obj\stm32f4xx_hal_adc.o
                0x08003540                HAL_ADC_DeInit
 .text.HAL_ADC_Start
                0x08003560       0x8c G:\development\repos\AvalonStudio\SampleProject\LCDSample\obj\stm32f4xx_hal_adc.o
                0x08003560                HAL_ADC_Start
 .text.HAL_ADC_Stop
                0x080035ec       0x14 G:\development\repos\AvalonStudio\SampleProject\LCDSample\obj\stm32f4xx_hal_adc.o
                0x080035ec                HAL_ADC_Stop
 .text.HAL_ADC_PollForConversion
                0x08003600       0x58 G:\development\repos\AvalonStudio\SampleProject\LCDSample\obj\stm32f4xx_hal_adc.o
                0x08003600                HAL_ADC_PollForConversion
 .text.HAL_ADC_PollForEvent
                0x08003658       0x60 G:\development\repos\AvalonStudio\SampleProject\LCDSample\obj\stm32f4xx_hal_adc.o
                0x08003658                HAL_ADC_PollForEvent
 .text.HAL_ADC_Start_IT
                0x080036b8       0xa4 G:\development\repos\AvalonStudio\SampleProject\LCDSample\obj\stm32f4xx_hal_adc.o
                0x080036b8                HAL_ADC_Start_IT
 .text.HAL_ADC_Stop_IT
                0x0800375c       0x28 G:\development\repos\AvalonStudio\SampleProject\LCDSample\obj\stm32f4xx_hal_adc.o
                0x0800375c                HAL_ADC_Stop_IT
 .text.HAL_ADC_Start_DMA
                0x08003784       0x94 G:\development\repos\AvalonStudio\SampleProject\LCDSample\obj\stm32f4xx_hal_adc.o
                0x08003784                HAL_ADC_Start_DMA
 .text.HAL_ADC_Stop_DMA
                0x08003818       0x34 G:\development\repos\AvalonStudio\SampleProject\LCDSample\obj\stm32f4xx_hal_adc.o
                0x08003818                HAL_ADC_Stop_DMA
 .text.HAL_ADC_GetValue
                0x0800384c        0x8 G:\development\repos\AvalonStudio\SampleProject\LCDSample\obj\stm32f4xx_hal_adc.o
                0x0800384c                HAL_ADC_GetValue
 .text.HAL_ADC_ConvCpltCallback
                0x08003854        0x4 G:\development\repos\AvalonStudio\SampleProject\LCDSample\obj\stm32f4xx_hal_adc.o
                0x08003854                HAL_ADC_ConvCpltCallback
 .text.ADC_DMAConvCplt
                0x08003858       0x24 G:\development\repos\AvalonStudio\SampleProject\LCDSample\obj\stm32f4xx_hal_adc.o
 .text.HAL_ADC_ConvHalfCpltCallback
                0x0800387c        0x4 G:\development\repos\AvalonStudio\SampleProject\LCDSample\obj\stm32f4xx_hal_adc.o
                0x0800387c                HAL_ADC_ConvHalfCpltCallback
 .text.ADC_DMAHalfConvCplt
                0x08003880        0xc G:\development\repos\AvalonStudio\SampleProject\LCDSample\obj\stm32f4xx_hal_adc.o
 .text.HAL_ADC_LevelOutOfWindowCallback
                0x0800388c        0x4 G:\development\repos\AvalonStudio\SampleProject\LCDSample\obj\stm32f4xx_hal_adc.o
                0x0800388c                HAL_ADC_LevelOutOfWindowCallback
 .text.HAL_ADC_ErrorCallback
                0x08003890        0x4 G:\development\repos\AvalonStudio\SampleProject\LCDSample\obj\stm32f4xx_hal_adc.o
                0x08003890                HAL_ADC_ErrorCallback
 .text.HAL_ADC_IRQHandler
                0x08003894      0x128 G:\development\repos\AvalonStudio\SampleProject\LCDSample\obj\stm32f4xx_hal_adc.o
                0x08003894                HAL_ADC_IRQHandler
 .text.ADC_DMAError
                0x080039bc       0x18 G:\development\repos\AvalonStudio\SampleProject\LCDSample\obj\stm32f4xx_hal_adc.o
 .text.HAL_ADC_ConfigChannel
                0x080039d4      0x144 G:\development\repos\AvalonStudio\SampleProject\LCDSample\obj\stm32f4xx_hal_adc.o
                0x080039d4                HAL_ADC_ConfigChannel
 .text.HAL_ADC_AnalogWDGConfig
                0x08003b18       0x78 G:\development\repos\AvalonStudio\SampleProject\LCDSample\obj\stm32f4xx_hal_adc.o
                0x08003b18                HAL_ADC_AnalogWDGConfig
 .text.HAL_ADC_GetState
                0x08003b90        0x8 G:\development\repos\AvalonStudio\SampleProject\LCDSample\obj\stm32f4xx_hal_adc.o
                0x08003b90                HAL_ADC_GetState
 .text.HAL_ADC_GetError
                0x08003b98        0x4 G:\development\repos\AvalonStudio\SampleProject\LCDSample\obj\stm32f4xx_hal_adc.o
                0x08003b98                HAL_ADC_GetError
 .text          0x08003b9c        0x0 G:\development\repos\AvalonStudio\SampleProject\LCDSample\obj\stm32f4xx_hal.o
 .text.HAL_MspInit
                0x08003b9c        0x4 G:\development\repos\AvalonStudio\SampleProject\LCDSample\obj\stm32f4xx_hal.o
 .text.HAL_MspDeInit
                0x08003ba0        0x4 G:\development\repos\AvalonStudio\SampleProject\LCDSample\obj\stm32f4xx_hal.o
 .text.HAL_DeInit
                0x08003ba4       0x2c G:\development\repos\AvalonStudio\SampleProject\LCDSample\obj\stm32f4xx_hal.o
                0x08003ba4                HAL_DeInit
 .text.HAL_InitTick
                0x08003bd0       0x28 G:\development\repos\AvalonStudio\SampleProject\LCDSample\obj\stm32f4xx_hal.o
                0x08003bd0                HAL_InitTick
 .text.HAL_Init
                0x08003bf8       0x34 G:\development\repos\AvalonStudio\SampleProject\LCDSample\obj\stm32f4xx_hal.o
                0x08003bf8                HAL_Init
 .text.HAL_IncTick
                0x08003c2c       0x10 G:\development\repos\AvalonStudio\SampleProject\LCDSample\obj\stm32f4xx_hal.o
                0x08003c2c                HAL_IncTick
 .text.HAL_GetTick
                0x08003c3c        0xc G:\development\repos\AvalonStudio\SampleProject\LCDSample\obj\stm32f4xx_hal.o
                0x08003c3c                HAL_GetTick
 .text.HAL_Delay
                0x08003c48       0x1c G:\development\repos\AvalonStudio\SampleProject\LCDSample\obj\stm32f4xx_hal.o
                0x08003c48                HAL_Delay
 .text.HAL_SuspendTick
                0x08003c64       0x10 G:\development\repos\AvalonStudio\SampleProject\LCDSample\obj\stm32f4xx_hal.o
                0x08003c64                HAL_SuspendTick
 .text.HAL_ResumeTick
                0x08003c74       0x10 G:\development\repos\AvalonStudio\SampleProject\LCDSample\obj\stm32f4xx_hal.o
                0x08003c74                HAL_ResumeTick
 .text.HAL_GetHalVersion
                0x08003c84        0x8 G:\development\repos\AvalonStudio\SampleProject\LCDSample\obj\stm32f4xx_hal.o
                0x08003c84                HAL_GetHalVersion
 .text.HAL_GetREVID
                0x08003c8c        0xc G:\development\repos\AvalonStudio\SampleProject\LCDSample\obj\stm32f4xx_hal.o
                0x08003c8c                HAL_GetREVID
 .text.HAL_GetDEVID
                0x08003c98       0x10 G:\development\repos\AvalonStudio\SampleProject\LCDSample\obj\stm32f4xx_hal.o
                0x08003c98                HAL_GetDEVID
 .text.HAL_EnableDBGSleepMode
                0x08003ca8       0x10 G:\development\repos\AvalonStudio\SampleProject\LCDSample\obj\stm32f4xx_hal.o
                0x08003ca8                HAL_EnableDBGSleepMode
 .text.HAL_DisableDBGSleepMode
                0x08003cb8       0x10 G:\development\repos\AvalonStudio\SampleProject\LCDSample\obj\stm32f4xx_hal.o
                0x08003cb8                HAL_DisableDBGSleepMode
 .text.HAL_EnableDBGStopMode
                0x08003cc8       0x10 G:\development\repos\AvalonStudio\SampleProject\LCDSample\obj\stm32f4xx_hal.o
                0x08003cc8                HAL_EnableDBGStopMode
 .text.HAL_DisableDBGStopMode
                0x08003cd8       0x10 G:\development\repos\AvalonStudio\SampleProject\LCDSample\obj\stm32f4xx_hal.o
                0x08003cd8                HAL_DisableDBGStopMode
 .text.HAL_EnableDBGStandbyMode
                0x08003ce8       0x10 G:\development\repos\AvalonStudio\SampleProject\LCDSample\obj\stm32f4xx_hal.o
                0x08003ce8                HAL_EnableDBGStandbyMode
 .text.HAL_DisableDBGStandbyMode
                0x08003cf8       0x10 G:\development\repos\AvalonStudio\SampleProject\LCDSample\obj\stm32f4xx_hal.o
                0x08003cf8                HAL_DisableDBGStandbyMode
 .text.HAL_EnableCompensationCell
                0x08003d08        0xc G:\development\repos\AvalonStudio\SampleProject\LCDSample\obj\stm32f4xx_hal.o
                0x08003d08                HAL_EnableCompensationCell
 .text.HAL_DisableCompensationCell
                0x08003d14        0xc G:\development\repos\AvalonStudio\SampleProject\LCDSample\obj\stm32f4xx_hal.o
                0x08003d14                HAL_DisableCompensationCell
 .text.HAL_EnableMemorySwappingBank
                0x08003d20        0xc G:\development\repos\AvalonStudio\SampleProject\LCDSample\obj\stm32f4xx_hal.o
                0x08003d20                HAL_EnableMemorySwappingBank
 .text.HAL_DisableMemorySwappingBank
                0x08003d2c        0xc G:\development\repos\AvalonStudio\SampleProject\LCDSample\obj\stm32f4xx_hal.o
                0x08003d2c                HAL_DisableMemorySwappingBank
 .text          0x08003d38        0x0 G:\development\repos\AvalonStudio\SampleProject\LCDSample\obj\stm32f4xx_hal_adc_ex.o
 .text.ADC_MultiModeDMAError
                0x08003d38       0x18 G:\development\repos\AvalonStudio\SampleProject\LCDSample\obj\stm32f4xx_hal_adc_ex.o
 .text.ADC_MultiModeDMAHalfConvCplt
                0x08003d50        0xc G:\development\repos\AvalonStudio\SampleProject\LCDSample\obj\stm32f4xx_hal_adc_ex.o
 .text.ADC_MultiModeDMAConvCplt
                0x08003d5c       0x24 G:\development\repos\AvalonStudio\SampleProject\LCDSample\obj\stm32f4xx_hal_adc_ex.o
 .text.HAL_ADCEx_InjectedStart
                0x08003d80       0xb4 G:\development\repos\AvalonStudio\SampleProject\LCDSample\obj\stm32f4xx_hal_adc_ex.o
                0x08003d80                HAL_ADCEx_InjectedStart
 .text.HAL_ADCEx_InjectedStart_IT
                0x08003e34       0xcc G:\development\repos\AvalonStudio\SampleProject\LCDSample\obj\stm32f4xx_hal_adc_ex.o
                0x08003e34                HAL_ADCEx_InjectedStart_IT
 .text.HAL_ADCEx_InjectedStop
                0x08003f00       0x14 G:\development\repos\AvalonStudio\SampleProject\LCDSample\obj\stm32f4xx_hal_adc_ex.o
                0x08003f00                HAL_ADCEx_InjectedStop
 .text.HAL_ADCEx_InjectedPollForConversion
                0x08003f14       0x58 G:\development\repos\AvalonStudio\SampleProject\LCDSample\obj\stm32f4xx_hal_adc_ex.o
                0x08003f14                HAL_ADCEx_InjectedPollForConversion
 .text.HAL_ADCEx_InjectedStop_IT
                0x08003f6c       0x28 G:\development\repos\AvalonStudio\SampleProject\LCDSample\obj\stm32f4xx_hal_adc_ex.o
                0x08003f6c                HAL_ADCEx_InjectedStop_IT
 .text.HAL_ADCEx_InjectedGetValue
                0x08003f94       0x40 G:\development\repos\AvalonStudio\SampleProject\LCDSample\obj\stm32f4xx_hal_adc_ex.o
                0x08003f94                HAL_ADCEx_InjectedGetValue
 .text.HAL_ADCEx_MultiModeStart_DMA
                0x08003fd4       0xac G:\development\repos\AvalonStudio\SampleProject\LCDSample\obj\stm32f4xx_hal_adc_ex.o
                0x08003fd4                HAL_ADCEx_MultiModeStart_DMA
 .text.HAL_ADCEx_MultiModeStop_DMA
                0x08004080       0x4c G:\development\repos\AvalonStudio\SampleProject\LCDSample\obj\stm32f4xx_hal_adc_ex.o
                0x08004080                HAL_ADCEx_MultiModeStop_DMA
 .text.HAL_ADCEx_MultiModeGetValue
                0x080040cc        0xc G:\development\repos\AvalonStudio\SampleProject\LCDSample\obj\stm32f4xx_hal_adc_ex.o
                0x080040cc                HAL_ADCEx_MultiModeGetValue
 .text.HAL_ADCEx_InjectedConvCpltCallback
                0x080040d8        0x4 G:\development\repos\AvalonStudio\SampleProject\LCDSample\obj\stm32f4xx_hal_adc_ex.o
                0x080040d8                HAL_ADCEx_InjectedConvCpltCallback
 .text.HAL_ADCEx_InjectedConfigChannel
                0x080040dc      0x1d8 G:\development\repos\AvalonStudio\SampleProject\LCDSample\obj\stm32f4xx_hal_adc_ex.o
                0x080040dc                HAL_ADCEx_InjectedConfigChannel
 .text.HAL_ADCEx_MultiModeConfigChannel
                0x080042b4       0x5c G:\development\repos\AvalonStudio\SampleProject\LCDSample\obj\stm32f4xx_hal_adc_ex.o
                0x080042b4                HAL_ADCEx_MultiModeConfigChannel
 .text          0x08004310        0x0 G:\development\repos\AvalonStudio\SampleProject\LCDSample\obj\stm32f4xx_hal_cortex.o
 .text.HAL_NVIC_SetPriorityGrouping
                0x08004310       0x24 G:\development\repos\AvalonStudio\SampleProject\LCDSample\obj\stm32f4xx_hal_cortex.o
                0x08004310                HAL_NVIC_SetPriorityGrouping
 .text.HAL_NVIC_SetPriority
                0x08004334       0x64 G:\development\repos\AvalonStudio\SampleProject\LCDSample\obj\stm32f4xx_hal_cortex.o
                0x08004334                HAL_NVIC_SetPriority
 .text.HAL_NVIC_EnableIRQ
                0x08004398       0x18 G:\development\repos\AvalonStudio\SampleProject\LCDSample\obj\stm32f4xx_hal_cortex.o
                0x08004398                HAL_NVIC_EnableIRQ
 .text.HAL_NVIC_DisableIRQ
                0x080043b0       0x18 G:\development\repos\AvalonStudio\SampleProject\LCDSample\obj\stm32f4xx_hal_cortex.o
                0x080043b0                HAL_NVIC_DisableIRQ
 .text.HAL_NVIC_SystemReset
                0x080043c8       0x20 G:\development\repos\AvalonStudio\SampleProject\LCDSample\obj\stm32f4xx_hal_cortex.o
                0x080043c8                HAL_NVIC_SystemReset
 .text.HAL_SYSTICK_Config
                0x080043e8       0x2c G:\development\repos\AvalonStudio\SampleProject\LCDSample\obj\stm32f4xx_hal_cortex.o
                0x080043e8                HAL_SYSTICK_Config
 .text.HAL_NVIC_GetPriorityGrouping
                0x08004414       0x10 G:\development\repos\AvalonStudio\SampleProject\LCDSample\obj\stm32f4xx_hal_cortex.o
                0x08004414                HAL_NVIC_GetPriorityGrouping
 .text.HAL_NVIC_GetPriority
                0x08004424       0x5c G:\development\repos\AvalonStudio\SampleProject\LCDSample\obj\stm32f4xx_hal_cortex.o
                0x08004424                HAL_NVIC_GetPriority
 .text.HAL_NVIC_SetPendingIRQ
                0x08004480       0x18 G:\development\repos\AvalonStudio\SampleProject\LCDSample\obj\stm32f4xx_hal_cortex.o
                0x08004480                HAL_NVIC_SetPendingIRQ
 .text.HAL_NVIC_GetPendingIRQ
                0x08004498       0x20 G:\development\repos\AvalonStudio\SampleProject\LCDSample\obj\stm32f4xx_hal_cortex.o
                0x08004498                HAL_NVIC_GetPendingIRQ
 .text.HAL_NVIC_ClearPendingIRQ
                0x080044b8       0x18 G:\development\repos\AvalonStudio\SampleProject\LCDSample\obj\stm32f4xx_hal_cortex.o
                0x080044b8                HAL_NVIC_ClearPendingIRQ
 .text.HAL_NVIC_GetActive
                0x080044d0       0x20 G:\development\repos\AvalonStudio\SampleProject\LCDSample\obj\stm32f4xx_hal_cortex.o
                0x080044d0                HAL_NVIC_GetActive
 .text.HAL_SYSTICK_CLKSourceConfig
                0x080044f0       0x20 G:\development\repos\AvalonStudio\SampleProject\LCDSample\obj\stm32f4xx_hal_cortex.o
                0x080044f0                HAL_SYSTICK_CLKSourceConfig
 .text.HAL_SYSTICK_Callback
                0x08004510        0x4 G:\development\repos\AvalonStudio\SampleProject\LCDSample\obj\stm32f4xx_hal_cortex.o
                0x08004510                HAL_SYSTICK_Callback
 .text.HAL_SYSTICK_IRQHandler
                0x08004514        0x8 G:\development\repos\AvalonStudio\SampleProject\LCDSample\obj\stm32f4xx_hal_cortex.o
                0x08004514                HAL_SYSTICK_IRQHandler
 .text          0x0800451c        0x0 G:\development\repos\AvalonStudio\SampleProject\LCDSample\obj\stm32f4xx_hal_crc.o
 .text.HAL_CRC_MspInit
                0x0800451c        0x4 G:\development\repos\AvalonStudio\SampleProject\LCDSample\obj\stm32f4xx_hal_crc.o
                0x0800451c                HAL_CRC_MspInit
 .text.HAL_CRC_Init
                0x08004520       0x24 G:\development\repos\AvalonStudio\SampleProject\LCDSample\obj\stm32f4xx_hal_crc.o
                0x08004520                HAL_CRC_Init
 .text.HAL_CRC_MspDeInit
                0x08004544        0x4 G:\development\repos\AvalonStudio\SampleProject\LCDSample\obj\stm32f4xx_hal_crc.o
                0x08004544                HAL_CRC_MspDeInit
 .text.HAL_CRC_DeInit
                0x08004548       0x1c G:\development\repos\AvalonStudio\SampleProject\LCDSample\obj\stm32f4xx_hal_crc.o
                0x08004548                HAL_CRC_DeInit
 .text.HAL_CRC_Accumulate
                0x08004564       0x38 G:\development\repos\AvalonStudio\SampleProject\LCDSample\obj\stm32f4xx_hal_crc.o
                0x08004564                HAL_CRC_Accumulate
 .text.HAL_CRC_Calculate
                0x0800459c       0x44 G:\development\repos\AvalonStudio\SampleProject\LCDSample\obj\stm32f4xx_hal_crc.o
                0x0800459c                HAL_CRC_Calculate
 .text.HAL_CRC_GetState
                0x080045e0        0x4 G:\development\repos\AvalonStudio\SampleProject\LCDSample\obj\stm32f4xx_hal_crc.o
                0x080045e0                HAL_CRC_GetState
 .text          0x080045e4        0x0 G:\development\repos\AvalonStudio\SampleProject\LCDSample\obj\stm32f4xx_hal_can.o
 .text.HAL_CAN_ConfigFilter
                0x080045e4      0x10c G:\development\repos\AvalonStudio\SampleProject\LCDSample\obj\stm32f4xx_hal_can.o
                0x080045e4                HAL_CAN_ConfigFilter
 .text.HAL_CAN_MspInit
                0x080046f0        0x4 G:\development\repos\AvalonStudio\SampleProject\LCDSample\obj\stm32f4xx_hal_can.o
                0x080046f0                HAL_CAN_MspInit
 .text.HAL_CAN_Init
                0x080046f4      0x184 G:\development\repos\AvalonStudio\SampleProject\LCDSample\obj\stm32f4xx_hal_can.o
                0x080046f4                HAL_CAN_Init
 .text.HAL_CAN_MspDeInit
                0x08004878        0x4 G:\development\repos\AvalonStudio\SampleProject\LCDSample\obj\stm32f4xx_hal_can.o
                0x08004878                HAL_CAN_MspDeInit
 .text.HAL_CAN_DeInit
                0x0800487c       0x20 G:\development\repos\AvalonStudio\SampleProject\LCDSample\obj\stm32f4xx_hal_can.o
                0x0800487c                HAL_CAN_DeInit
 .text.HAL_CAN_Transmit
                0x0800489c      0x1bc G:\development\repos\AvalonStudio\SampleProject\LCDSample\obj\stm32f4xx_hal_can.o
                0x0800489c                HAL_CAN_Transmit
 .text.HAL_CAN_Transmit_IT
                0x08004a58      0x17c G:\development\repos\AvalonStudio\SampleProject\LCDSample\obj\stm32f4xx_hal_can.o
                0x08004a58                HAL_CAN_Transmit_IT
 .text.HAL_CAN_Receive
                0x08004bd4      0x1a4 G:\development\repos\AvalonStudio\SampleProject\LCDSample\obj\stm32f4xx_hal_can.o
                0x08004bd4                HAL_CAN_Receive
 .text.HAL_CAN_Receive_IT
                0x08004d78       0x9c G:\development\repos\AvalonStudio\SampleProject\LCDSample\obj\stm32f4xx_hal_can.o
                0x08004d78                HAL_CAN_Receive_IT
 .text.HAL_CAN_Sleep
                0x08004e14       0x74 G:\development\repos\AvalonStudio\SampleProject\LCDSample\obj\stm32f4xx_hal_can.o
                0x08004e14                HAL_CAN_Sleep
 .text.HAL_CAN_WakeUp
                0x08004e88       0x6c G:\development\repos\AvalonStudio\SampleProject\LCDSample\obj\stm32f4xx_hal_can.o
                0x08004e88                HAL_CAN_WakeUp
 .text.HAL_CAN_TxCpltCallback
                0x08004ef4        0x4 G:\development\repos\AvalonStudio\SampleProject\LCDSample\obj\stm32f4xx_hal_can.o
                0x08004ef4                HAL_CAN_TxCpltCallback
 .text.CAN_Transmit_IT
                0x08004ef8       0x68 G:\development\repos\AvalonStudio\SampleProject\LCDSample\obj\stm32f4xx_hal_can.o
 .text.HAL_CAN_RxCpltCallback
                0x08004f60        0x4 G:\development\repos\AvalonStudio\SampleProject\LCDSample\obj\stm32f4xx_hal_can.o
                0x08004f60                HAL_CAN_RxCpltCallback
 .text.CAN_Receive_IT
                0x08004f64      0x170 G:\development\repos\AvalonStudio\SampleProject\LCDSample\obj\stm32f4xx_hal_can.o
 .text.HAL_CAN_ErrorCallback
                0x080050d4        0x4 G:\development\repos\AvalonStudio\SampleProject\LCDSample\obj\stm32f4xx_hal_can.o
                0x080050d4                HAL_CAN_ErrorCallback
 .text.HAL_CAN_IRQHandler
                0x080050d8      0x18c G:\development\repos\AvalonStudio\SampleProject\LCDSample\obj\stm32f4xx_hal_can.o
                0x080050d8                HAL_CAN_IRQHandler
 .text.HAL_CAN_GetState
                0x08005264        0x8 G:\development\repos\AvalonStudio\SampleProject\LCDSample\obj\stm32f4xx_hal_can.o
                0x08005264                HAL_CAN_GetState
 .text.HAL_CAN_GetError
                0x0800526c        0x4 G:\development\repos\AvalonStudio\SampleProject\LCDSample\obj\stm32f4xx_hal_can.o
                0x0800526c                HAL_CAN_GetError
 .text          0x08005270        0x0 G:\development\repos\AvalonStudio\SampleProject\LCDSample\obj\stm32f4xx_hal_cryp.o
 .text          0x08005270        0x0 G:\development\repos\AvalonStudio\SampleProject\LCDSample\obj\stm32f4xx_hal_cryp_ex.o
 .text          0x08005270        0x0 G:\development\repos\AvalonStudio\SampleProject\LCDSample\obj\stm32f4xx_hal_dac.o
 .text.HAL_DAC_MspInit
                0x08005270        0x4 G:\development\repos\AvalonStudio\SampleProject\LCDSample\obj\stm32f4xx_hal_dac.o
                0x08005270                HAL_DAC_MspInit
 .text.HAL_DAC_Init
                0x08005274       0x24 G:\development\repos\AvalonStudio\SampleProject\LCDSample\obj\stm32f4xx_hal_dac.o
                0x08005274                HAL_DAC_Init
 .text.HAL_DAC_MspDeInit
                0x08005298        0x4 G:\development\repos\AvalonStudio\SampleProject\LCDSample\obj\stm32f4xx_hal_dac.o
                0x08005298                HAL_DAC_MspDeInit
 .text.HAL_DAC_DeInit
                0x0800529c       0x1c G:\development\repos\AvalonStudio\SampleProject\LCDSample\obj\stm32f4xx_hal_dac.o
                0x0800529c                HAL_DAC_DeInit
 .text.HAL_DAC_Start
                0x080052b8       0x70 G:\development\repos\AvalonStudio\SampleProject\LCDSample\obj\stm32f4xx_hal_dac.o
                0x080052b8                HAL_DAC_Start
 .text.HAL_DAC_Stop
                0x08005328       0x1c G:\development\repos\AvalonStudio\SampleProject\LCDSample\obj\stm32f4xx_hal_dac.o
                0x08005328                HAL_DAC_Stop
 .text.HAL_DAC_Start_DMA
                0x08005344       0xec G:\development\repos\AvalonStudio\SampleProject\LCDSample\obj\stm32f4xx_hal_dac.o
                0x08005344                HAL_DAC_Start_DMA
 .text.HAL_DAC_Stop_DMA
                0x08005430       0x44 G:\development\repos\AvalonStudio\SampleProject\LCDSample\obj\stm32f4xx_hal_dac.o
                0x08005430                HAL_DAC_Stop_DMA
 .text.HAL_DAC_GetValue
                0x08005474       0x10 G:\development\repos\AvalonStudio\SampleProject\LCDSample\obj\stm32f4xx_hal_dac.o
                0x08005474                HAL_DAC_GetValue
 .text.HAL_DAC_ConvCpltCallbackCh1
                0x08005484        0x4 G:\development\repos\AvalonStudio\SampleProject\LCDSample\obj\stm32f4xx_hal_dac.o
                0x08005484                HAL_DAC_ConvCpltCallbackCh1
 .text.DAC_DMAConvCpltCh1
                0x08005488       0x10 G:\development\repos\AvalonStudio\SampleProject\LCDSample\obj\stm32f4xx_hal_dac.o
 .text.HAL_DAC_ConvHalfCpltCallbackCh1
                0x08005498        0x4 G:\development\repos\AvalonStudio\SampleProject\LCDSample\obj\stm32f4xx_hal_dac.o
                0x08005498                HAL_DAC_ConvHalfCpltCallbackCh1
 .text.DAC_DMAHalfConvCpltCh1
                0x0800549c        0xc G:\development\repos\AvalonStudio\SampleProject\LCDSample\obj\stm32f4xx_hal_dac.o
 .text.HAL_DAC_ErrorCallbackCh1
                0x080054a8        0x4 G:\development\repos\AvalonStudio\SampleProject\LCDSample\obj\stm32f4xx_hal_dac.o
                0x080054a8                HAL_DAC_ErrorCallbackCh1
 .text.DAC_DMAErrorCh1
                0x080054ac       0x18 G:\development\repos\AvalonStudio\SampleProject\LCDSample\obj\stm32f4xx_hal_dac.o
 .text.HAL_DAC_DMAUnderrunCallbackCh1
                0x080054c4        0x4 G:\development\repos\AvalonStudio\SampleProject\LCDSample\obj\stm32f4xx_hal_dac.o
                0x080054c4                HAL_DAC_DMAUnderrunCallbackCh1
 .text.HAL_DAC_IRQHandler
                0x080054c8       0x50 G:\development\repos\AvalonStudio\SampleProject\LCDSample\obj\stm32f4xx_hal_dac.o
                0x080054c8                HAL_DAC_IRQHandler
 .text.HAL_DAC_ConfigChannel
                0x08005518       0x4c G:\development\repos\AvalonStudio\SampleProject\LCDSample\obj\stm32f4xx_hal_dac.o
                0x08005518                HAL_DAC_ConfigChannel
 .text.HAL_DAC_SetValue
                0x08005564       0x30 G:\development\repos\AvalonStudio\SampleProject\LCDSample\obj\stm32f4xx_hal_dac.o
                0x08005564                HAL_DAC_SetValue
 .text.HAL_DAC_GetState
                0x08005594        0x4 G:\development\repos\AvalonStudio\SampleProject\LCDSample\obj\stm32f4xx_hal_dac.o
                0x08005594                HAL_DAC_GetState
 .text.HAL_DAC_GetError
                0x08005598        0x4 G:\development\repos\AvalonStudio\SampleProject\LCDSample\obj\stm32f4xx_hal_dac.o
                0x08005598                HAL_DAC_GetError
 .text          0x0800559c        0x0 G:\development\repos\AvalonStudio\SampleProject\LCDSample\obj\stm32f4xx_hal_dcmi.o
 .text.HAL_DCMI_MspInit
                0x0800559c        0x4 G:\development\repos\AvalonStudio\SampleProject\LCDSample\obj\stm32f4xx_hal_dcmi.o
                0x0800559c                HAL_DCMI_MspInit
 .text.HAL_DCMI_Init
                0x080055a0       0xbc G:\development\repos\AvalonStudio\SampleProject\LCDSample\obj\stm32f4xx_hal_dcmi.o
                0x080055a0                HAL_DCMI_Init
 .text.HAL_DCMI_MspDeInit
                0x0800565c        0x4 G:\development\repos\AvalonStudio\SampleProject\LCDSample\obj\stm32f4xx_hal_dcmi.o
                0x0800565c                HAL_DCMI_MspDeInit
 .text.HAL_DCMI_DeInit
                0x08005660       0x18 G:\development\repos\AvalonStudio\SampleProject\LCDSample\obj\stm32f4xx_hal_dcmi.o
                0x08005660                HAL_DCMI_DeInit
 .text.HAL_DCMI_Start_DMA
                0x08005678       0xb0 G:\development\repos\AvalonStudio\SampleProject\LCDSample\obj\stm32f4xx_hal_dcmi.o
                0x08005678                HAL_DCMI_Start_DMA
 .text.HAL_DCMI_Stop
                0x08005728       0x70 G:\development\repos\AvalonStudio\SampleProject\LCDSample\obj\stm32f4xx_hal_dcmi.o
                0x08005728                HAL_DCMI_Stop
 .text.HAL_DCMI_ErrorCallback
                0x08005798        0x4 G:\development\repos\AvalonStudio\SampleProject\LCDSample\obj\stm32f4xx_hal_dcmi.o
                0x08005798                HAL_DCMI_ErrorCallback
 .text.DCMI_DMAError
                0x0800579c       0x10 G:\development\repos\AvalonStudio\SampleProject\LCDSample\obj\stm32f4xx_hal_dcmi.o
 .text.HAL_DCMI_LineEventCallback
                0x080057ac        0x4 G:\development\repos\AvalonStudio\SampleProject\LCDSample\obj\stm32f4xx_hal_dcmi.o
                0x080057ac                HAL_DCMI_LineEventCallback
 .text.HAL_DCMI_VsyncEventCallback
                0x080057b0        0x4 G:\development\repos\AvalonStudio\SampleProject\LCDSample\obj\stm32f4xx_hal_dcmi.o
                0x080057b0                HAL_DCMI_VsyncEventCallback
 .text.HAL_DCMI_FrameEventCallback
                0x080057b4        0x4 G:\development\repos\AvalonStudio\SampleProject\LCDSample\obj\stm32f4xx_hal_dcmi.o
                0x080057b4                HAL_DCMI_FrameEventCallback
 .text.DCMI_DMAConvCplt
                0x080057b8       0x98 G:\development\repos\AvalonStudio\SampleProject\LCDSample\obj\stm32f4xx_hal_dcmi.o
 .text.HAL_DCMI_IRQHandler
                0x08005850      0x100 G:\development\repos\AvalonStudio\SampleProject\LCDSample\obj\stm32f4xx_hal_dcmi.o
                0x08005850                HAL_DCMI_IRQHandler
 .text.HAL_DCMI_ConfigCROP
                0x08005950       0x3c G:\development\repos\AvalonStudio\SampleProject\LCDSample\obj\stm32f4xx_hal_dcmi.o
                0x08005950                HAL_DCMI_ConfigCROP
 .text.HAL_DCMI_DisableCROP
                0x0800598c       0x34 G:\development\repos\AvalonStudio\SampleProject\LCDSample\obj\stm32f4xx_hal_dcmi.o
                0x0800598c                HAL_DCMI_DisableCROP
 .text.HAL_DCMI_EnableCROP
                0x080059c0       0x34 G:\development\repos\AvalonStudio\SampleProject\LCDSample\obj\stm32f4xx_hal_dcmi.o
                0x080059c0                HAL_DCMI_EnableCROP
 .text.HAL_DCMI_GetState
                0x080059f4        0x8 G:\development\repos\AvalonStudio\SampleProject\LCDSample\obj\stm32f4xx_hal_dcmi.o
                0x080059f4                HAL_DCMI_GetState
 .text.HAL_DCMI_GetError
                0x080059fc        0x4 G:\development\repos\AvalonStudio\SampleProject\LCDSample\obj\stm32f4xx_hal_dcmi.o
                0x080059fc                HAL_DCMI_GetError
 .text          0x08005a00        0x0 G:\development\repos\AvalonStudio\SampleProject\LCDSample\obj\stm32f4xx_hal_dac_ex.o
 .text.HAL_DACEx_DualGetValue
                0x08005a00        0xc G:\development\repos\AvalonStudio\SampleProject\LCDSample\obj\stm32f4xx_hal_dac_ex.o
                0x08005a00                HAL_DACEx_DualGetValue
 .text.HAL_DACEx_TriangleWaveGenerate
                0x08005a0c       0x30 G:\development\repos\AvalonStudio\SampleProject\LCDSample\obj\stm32f4xx_hal_dac_ex.o
                0x08005a0c                HAL_DACEx_TriangleWaveGenerate
 .text.HAL_DACEx_NoiseWaveGenerate
                0x08005a3c       0x30 G:\development\repos\AvalonStudio\SampleProject\LCDSample\obj\stm32f4xx_hal_dac_ex.o
                0x08005a3c                HAL_DACEx_NoiseWaveGenerate
 .text.HAL_DACEx_DualSetValue
                0x08005a6c       0x18 G:\development\repos\AvalonStudio\SampleProject\LCDSample\obj\stm32f4xx_hal_dac_ex.o
                0x08005a6c                HAL_DACEx_DualSetValue
 .text.HAL_DACEx_ConvCpltCallbackCh2
                0x08005a84        0x4 G:\development\repos\AvalonStudio\SampleProject\LCDSample\obj\stm32f4xx_hal_dac_ex.o
                0x08005a84                HAL_DACEx_ConvCpltCallbackCh2
 .text.HAL_DACEx_ConvHalfCpltCallbackCh2
                0x08005a88        0x4 G:\development\repos\AvalonStudio\SampleProject\LCDSample\obj\stm32f4xx_hal_dac_ex.o
                0x08005a88                HAL_DACEx_ConvHalfCpltCallbackCh2
 .text.HAL_DACEx_ErrorCallbackCh2
                0x08005a8c        0x4 G:\development\repos\AvalonStudio\SampleProject\LCDSample\obj\stm32f4xx_hal_dac_ex.o
                0x08005a8c                HAL_DACEx_ErrorCallbackCh2
 .text.HAL_DACEx_DMAUnderrunCallbackCh2
                0x08005a90        0x4 G:\development\repos\AvalonStudio\SampleProject\LCDSample\obj\stm32f4xx_hal_dac_ex.o
                0x08005a90                HAL_DACEx_DMAUnderrunCallbackCh2
 .text.DAC_DMAConvCpltCh2
                0x08005a94       0x10 G:\development\repos\AvalonStudio\SampleProject\LCDSample\obj\stm32f4xx_hal_dac_ex.o
                0x08005a94                DAC_DMAConvCpltCh2
 .text.DAC_DMAHalfConvCpltCh2
                0x08005aa4        0xc G:\development\repos\AvalonStudio\SampleProject\LCDSample\obj\stm32f4xx_hal_dac_ex.o
                0x08005aa4                DAC_DMAHalfConvCpltCh2
 .text.DAC_DMAErrorCh2
                0x08005ab0       0x18 G:\development\repos\AvalonStudio\SampleProject\LCDSample\obj\stm32f4xx_hal_dac_ex.o
                0x08005ab0                DAC_DMAErrorCh2
 .text          0x08005ac8        0x0 G:\development\repos\AvalonStudio\SampleProject\LCDSample\obj\stm32f4xx_hal_dma.o
 .text.DMA_SetConfig
                0x08005ac8       0x24 G:\development\repos\AvalonStudio\SampleProject\LCDSample\obj\stm32f4xx_hal_dma.o
 .text.HAL_DMA_Init
                0x08005aec       0x78 G:\development\repos\AvalonStudio\SampleProject\LCDSample\obj\stm32f4xx_hal_dma.o
                0x08005aec                HAL_DMA_Init
 .text.HAL_DMA_DeInit
                0x08005b64      0xe3c G:\development\repos\AvalonStudio\SampleProject\LCDSample\obj\stm32f4xx_hal_dma.o
                0x08005b64                HAL_DMA_DeInit
 .text.HAL_DMA_Start
                0x080069a0       0x3c G:\development\repos\AvalonStudio\SampleProject\LCDSample\obj\stm32f4xx_hal_dma.o
                0x080069a0                HAL_DMA_Start
 .text.HAL_DMA_Start_IT
                0x080069dc       0x6c G:\development\repos\AvalonStudio\SampleProject\LCDSample\obj\stm32f4xx_hal_dma.o
                0x080069dc                HAL_DMA_Start_IT
 .text.HAL_DMA_Abort
                0x08006a48       0x50 G:\development\repos\AvalonStudio\SampleProject\LCDSample\obj\stm32f4xx_hal_dma.o
                0x08006a48                HAL_DMA_Abort
 .text.HAL_DMA_PollForTransfer
                0x08006a98     0x243c G:\development\repos\AvalonStudio\SampleProject\LCDSample\obj\stm32f4xx_hal_dma.o
                0x08006a98                HAL_DMA_PollForTransfer
 .text.HAL_DMA_IRQHandler
                0x08008ed4     0x236c G:\development\repos\AvalonStudio\SampleProject\LCDSample\obj\stm32f4xx_hal_dma.o
                0x08008ed4                HAL_DMA_IRQHandler
 .text.HAL_DMA_GetState
                0x0800b240        0x8 G:\development\repos\AvalonStudio\SampleProject\LCDSample\obj\stm32f4xx_hal_dma.o
                0x0800b240                HAL_DMA_GetState
 .text.HAL_DMA_GetError
                0x0800b248        0x4 G:\development\repos\AvalonStudio\SampleProject\LCDSample\obj\stm32f4xx_hal_dma.o
                0x0800b248                HAL_DMA_GetError
 .text          0x0800b24c        0x0 G:\development\repos\AvalonStudio\SampleProject\LCDSample\obj\stm32f4xx_hal_dma_ex.o
 .text.DMA_MultiBufferSetConfig
                0x0800b24c       0x24 G:\development\repos\AvalonStudio\SampleProject\LCDSample\obj\stm32f4xx_hal_dma_ex.o
 .text.HAL_DMAEx_MultiBufferStart
                0x0800b270       0x64 G:\development\repos\AvalonStudio\SampleProject\LCDSample\obj\stm32f4xx_hal_dma_ex.o
                0x0800b270                HAL_DMAEx_MultiBufferStart
 .text.HAL_DMAEx_MultiBufferStart_IT
                0x0800b2d4       0x94 G:\development\repos\AvalonStudio\SampleProject\LCDSample\obj\stm32f4xx_hal_dma_ex.o
                0x0800b2d4                HAL_DMAEx_MultiBufferStart_IT
 .text.HAL_DMAEx_ChangeMemory
                0x0800b368       0x10 G:\development\repos\AvalonStudio\SampleProject\LCDSample\obj\stm32f4xx_hal_dma_ex.o
                0x0800b368                HAL_DMAEx_ChangeMemory
 .text          0x0800b378        0x0 G:\development\repos\AvalonStudio\SampleProject\LCDSample\obj\stm32f4xx_hal_dma2d.o
 .text.DMA2D_SetConfig
                0x0800b378       0x8c G:\development\repos\AvalonStudio\SampleProject\LCDSample\obj\stm32f4xx_hal_dma2d.o
 .text.HAL_DMA2D_MspInit
                0x0800b404        0x4 G:\development\repos\AvalonStudio\SampleProject\LCDSample\obj\stm32f4xx_hal_dma2d.o
                0x0800b404                HAL_DMA2D_MspInit
 .text.HAL_DMA2D_Init
                0x0800b408       0x58 G:\development\repos\AvalonStudio\SampleProject\LCDSample\obj\stm32f4xx_hal_dma2d.o
                0x0800b408                HAL_DMA2D_Init
 .text.HAL_DMA2D_MspDeInit
                0x0800b460        0x4 G:\development\repos\AvalonStudio\SampleProject\LCDSample\obj\stm32f4xx_hal_dma2d.o
                0x0800b460                HAL_DMA2D_MspDeInit
 .text.HAL_DMA2D_DeInit
                0x0800b464       0x1c G:\development\repos\AvalonStudio\SampleProject\LCDSample\obj\stm32f4xx_hal_dma2d.o
                0x0800b464                HAL_DMA2D_DeInit
 .text.HAL_DMA2D_Start
                0x0800b480       0x44 G:\development\repos\AvalonStudio\SampleProject\LCDSample\obj\stm32f4xx_hal_dma2d.o
                0x0800b480                HAL_DMA2D_Start
 .text.HAL_DMA2D_Start_IT
                0x0800b4c4       0x60 G:\development\repos\AvalonStudio\SampleProject\LCDSample\obj\stm32f4xx_hal_dma2d.o
                0x0800b4c4                HAL_DMA2D_Start_IT
 .text.HAL_DMA2D_BlendingStart
                0x0800b524       0x4c G:\development\repos\AvalonStudio\SampleProject\LCDSample\obj\stm32f4xx_hal_dma2d.o
                0x0800b524                HAL_DMA2D_BlendingStart
 .text.HAL_DMA2D_BlendingStart_IT
                0x0800b570       0x6c G:\development\repos\AvalonStudio\SampleProject\LCDSample\obj\stm32f4xx_hal_dma2d.o
[...]
 .debug_ranges  0x00001188       0xc0 G:\development\repos\AvalonStudio\SampleProject\LCDSample\obj\stm32f4xx_hal_flash_ex.o
 .debug_ranges  0x00001248       0x90 G:\development\repos\AvalonStudio\SampleProject\LCDSample\obj\stm32f4xx_hal_flash.o
 .debug_ranges  0x000012d8       0x28 G:\development\repos\AvalonStudio\SampleProject\LCDSample\obj\stm32f4xx_hal_i2s_ex.o
 .debug_ranges  0x00001300       0xf8 G:\development\repos\AvalonStudio\SampleProject\LCDSample\obj\stm32f4xx_hal_irda.o
 .debug_ranges  0x000013f8       0x30 G:\development\repos\AvalonStudio\SampleProject\LCDSample\obj\stm32f4xx_hal_iwdg.o
 .debug_ranges  0x00001428       0xd0 G:\development\repos\AvalonStudio\SampleProject\LCDSample\obj\stm32f4xx_hal_ltdc.o
 .debug_ranges  0x000014f8       0x28 G:\development\repos\AvalonStudio\SampleProject\LCDSample\obj\stm32f4xx_hal_msp_template.o
 .debug_ranges  0x00001520       0xa0 G:\development\repos\AvalonStudio\SampleProject\LCDSample\obj\stm32f4xx_hal_nand.o
 .debug_ranges  0x000015c0       0x98 G:\development\repos\AvalonStudio\SampleProject\LCDSample\obj\stm32f4xx_hal_nor.o
 .debug_ranges  0x00001658       0x78 G:\development\repos\AvalonStudio\SampleProject\LCDSample\obj\stm32f4xx_hal_pccard.o
 .debug_ranges  0x000016d0       0x18 G:\development\repos\AvalonStudio\SampleProject\LCDSample\obj\stm32f4xx_hal_pcd_ex.o
 .debug_ranges  0x000016e8       0x70 G:\development\repos\AvalonStudio\SampleProject\LCDSample\obj\stm32f4xx_hal_pwr.o
 .debug_ranges  0x00001758      0x110 G:\development\repos\AvalonStudio\SampleProject\LCDSample\obj\stm32f4xx_hal_pcd.o
 .debug_ranges  0x00001868       0x40 G:\development\repos\AvalonStudio\SampleProject\LCDSample\obj\stm32f4xx_hal_pwr_ex.o
 .debug_ranges  0x000018a8       0x18 G:\development\repos\AvalonStudio\SampleProject\LCDSample\obj\stm32f4xx_hal_rcc_ex.o
 .debug_ranges  0x000018c0       0x78 G:\development\repos\AvalonStudio\SampleProject\LCDSample\obj\stm32f4xx_hal_rcc.o
 .debug_ranges  0x00001938       0x58 G:\development\repos\AvalonStudio\SampleProject\LCDSample\obj\stm32f4xx_hal_rng.o
 .debug_ranges  0x00001990       0xa8 G:\development\repos\AvalonStudio\SampleProject\LCDSample\obj\stm32f4xx_hal_rtc.o
 .debug_ranges  0x00001a38      0x120 G:\development\repos\AvalonStudio\SampleProject\LCDSample\obj\stm32f4xx_hal_rtc_ex.o
 .debug_ranges  0x00001b58       0xd8 G:\development\repos\AvalonStudio\SampleProject\LCDSample\obj\stm32f4xx_hal_sai.o
 .debug_ranges  0x00001c30       0xc0 G:\development\repos\AvalonStudio\SampleProject\LCDSample\obj\stm32f4xx_hal_sdram.o
 .debug_ranges  0x00001cf0       0xc0 G:\development\repos\AvalonStudio\SampleProject\LCDSample\obj\stm32f4xx_hal_smartcard.o
 .debug_ranges  0x00001db0      0x170 G:\development\repos\AvalonStudio\SampleProject\LCDSample\obj\stm32f4xx_hal_sd.o
 .debug_ranges  0x00001f20       0x90 G:\development\repos\AvalonStudio\SampleProject\LCDSample\obj\stm32f4xx_hal_sram.o
 .debug_ranges  0x00001fb0      0x140 G:\development\repos\AvalonStudio\SampleProject\LCDSample\obj\stm32f4xx_hal_spi.o
 .debug_ranges  0x000020f0      0x130 G:\development\repos\AvalonStudio\SampleProject\LCDSample\obj\stm32f4xx_hal_tim_ex.o
 .debug_ranges  0x00002220      0x120 G:\development\repos\AvalonStudio\SampleProject\LCDSample\obj\stm32f4xx_hal_usart.o
 .debug_ranges  0x00002340      0x348 G:\development\repos\AvalonStudio\SampleProject\LCDSample\obj\stm32f4xx_hal_tim.o
 .debug_ranges  0x00002688      0x138 G:\development\repos\AvalonStudio\SampleProject\LCDSample\obj\stm32f4xx_hal_uart.o
 .debug_ranges  0x000027c0       0x58 G:\development\repos\AvalonStudio\SampleProject\LCDSample\obj\stm32f4xx_hal_wwdg.o
 .debug_ranges  0x00002818       0x70 G:\development\repos\AvalonStudio\SampleProject\LCDSample\obj\stm32f4xx_ll_sdmmc.o
 .debug_ranges  0x00002888       0x18 G:\development\repos\AvalonStudio\SampleProject\LCDSample\obj\startup_stm32f40xx.o
 .debug_ranges  0x000028a0       0xe0 G:\development\repos\AvalonStudio\SampleProject\LCDSample\obj\stm32f4xx_ll_fmc.o
 .debug_ranges  0x00002980      0x170 G:\development\repos\AvalonStudio\SampleProject\LCDSample\obj\stm32f4xx_ll_usb.o
 .debug_ranges  0x00002af0       0x20 G:\development\repos\AvalonStudio\SampleProject\LCDSample\obj\libArmSystem.a(startup.o)

.debug_frame    0x00000000     0x80d8
 .debug_frame   0x00000000       0x48 G:\development\repos\AvalonStudio\SampleProject\LCDSample\obj\main.o
 .debug_frame   0x00000048      0x11c G:\development\repos\AvalonStudio\SampleProject\LCDSample\obj\stm32f429i_discovery_sdram.o
 .debug_frame   0x00000164       0x94 G:\development\repos\AvalonStudio\SampleProject\LCDSample\obj\stm32f429i_discovery_ts.o
 .debug_frame   0x000001f8       0xa8 G:\development\repos\AvalonStudio\SampleProject\LCDSample\obj\stm32f4xx_it.o
 .debug_frame   0x000002a0      0x1a0 G:\development\repos\AvalonStudio\SampleProject\LCDSample\obj\ili9325.o
 .debug_frame   0x00000440       0xe0 G:\development\repos\AvalonStudio\SampleProject\LCDSample\obj\ili9341.o
 .debug_frame   0x00000520       0xb0 G:\development\repos\AvalonStudio\SampleProject\LCDSample\obj\stm32f429i_discovery_io.o
 .debug_frame   0x000005d0       0xf8 G:\development\repos\AvalonStudio\SampleProject\LCDSample\obj\lcd_log.o
 .debug_frame   0x000006c8      0x3fc G:\development\repos\AvalonStudio\SampleProject\LCDSample\obj\stm32f429i_discovery.o
 .debug_frame   0x00000ac4      0x594 G:\development\repos\AvalonStudio\SampleProject\LCDSample\obj\stm32f429i_discovery_lcd.o
 .debug_frame   0x00001058      0x384 G:\development\repos\AvalonStudio\SampleProject\LCDSample\obj\stmpe811.o
 .debug_frame   0x000013dc       0x54 G:\development\repos\AvalonStudio\SampleProject\LCDSample\obj\system_stm32f4xx.o
 .debug_frame   0x00001430       0x28 G:\development\repos\AvalonStudio\SampleProject\LCDSample\obj\_initialize_hardware.o
 .debug_frame   0x00001458       0x20 G:\development\repos\AvalonStudio\SampleProject\LCDSample\obj\_reset_hardware.o
 .debug_frame   0x00001478      0x244 G:\development\repos\AvalonStudio\SampleProject\LCDSample\obj\stm32f4xx_hal_adc.o
 .debug_frame   0x000016bc      0x1a8 G:\development\repos\AvalonStudio\SampleProject\LCDSample\obj\stm32f4xx_hal.o
 .debug_frame   0x00001864      0x1a4 G:\development\repos\AvalonStudio\SampleProject\LCDSample\obj\stm32f4xx_hal_adc_ex.o
 .debug_frame   0x00001a08      0x128 G:\development\repos\AvalonStudio\SampleProject\LCDSample\obj\stm32f4xx_hal_cortex.o
 .debug_frame   0x00001b30       0xc8 G:\development\repos\AvalonStudio\SampleProject\LCDSample\obj\stm32f4xx_hal_crc.o
 .debug_frame   0x00001bf8      0x200 G:\development\repos\AvalonStudio\SampleProject\LCDSample\obj\stm32f4xx_hal_can.o
 .debug_frame   0x00001df8      0x204 G:\development\repos\AvalonStudio\SampleProject\LCDSample\obj\stm32f4xx_hal_dac.o
 .debug_frame   0x00001ffc      0x188 G:\development\repos\AvalonStudio\SampleProject\LCDSample\obj\stm32f4xx_hal_dcmi.o
 .debug_frame   0x00002184      0x108 G:\development\repos\AvalonStudio\SampleProject\LCDSample\obj\stm32f4xx_hal_dac_ex.o
 .debug_frame   0x0000228c      0x110 G:\development\repos\AvalonStudio\SampleProject\LCDSample\obj\stm32f4xx_hal_dma.o
 .debug_frame   0x0000239c       0x74 G:\development\repos\AvalonStudio\SampleProject\LCDSample\obj\stm32f4xx_hal_dma_ex.o
 .debug_frame   0x00002410      0x220 G:\development\repos\AvalonStudio\SampleProject\LCDSample\obj\stm32f4xx_hal_dma2d.o
 .debug_frame   0x00002630      0x2e8 G:\development\repos\AvalonStudio\SampleProject\LCDSample\obj\stm32f4xx_hal_i2s.o
 .debug_frame   0x00002918      0x284 G:\development\repos\AvalonStudio\SampleProject\LCDSample\obj\stm32f4xx_hal_hcd.o
 .debug_frame   0x00002b9c      0x5dc G:\development\repos\AvalonStudio\SampleProject\LCDSample\obj\stm32f4xx_hal_i2c.o
 .debug_frame   0x00003178       0x44 G:\development\repos\AvalonStudio\SampleProject\LCDSample\obj\stm32f4xx_hal_i2c_ex.o
 .debug_frame   0x000031bc       0xc0 G:\development\repos\AvalonStudio\SampleProject\LCDSample\obj\stm32f4xx_hal_gpio.o
 .debug_frame   0x0000327c      0x330 G:\development\repos\AvalonStudio\SampleProject\LCDSample\obj\stm32f4xx_hal_eth.o
 .debug_frame   0x000035ac      0x208 G:\development\repos\AvalonStudio\SampleProject\LCDSample\obj\stm32f4xx_hal_flash_ex.o
 .debug_frame   0x000037b4      0x164 G:\development\repos\AvalonStudio\SampleProject\LCDSample\obj\stm32f4xx_hal_flash.o
 .debug_frame   0x00003918       0x9c G:\development\repos\AvalonStudio\SampleProject\LCDSample\obj\stm32f4xx_hal_i2s_ex.o
 .debug_frame   0x000039b4      0x2a0 G:\development\repos\AvalonStudio\SampleProject\LCDSample\obj\stm32f4xx_hal_irda.o
 .debug_frame   0x00003c54       0x78 G:\development\repos\AvalonStudio\SampleProject\LCDSample\obj\stm32f4xx_hal_iwdg.o
 .debug_frame   0x00003ccc      0x288 G:\development\repos\AvalonStudio\SampleProject\LCDSample\obj\stm32f4xx_hal_ltdc.o
 .debug_frame   0x00003f54       0x50 G:\development\repos\AvalonStudio\SampleProject\LCDSample\obj\stm32f4xx_hal_msp_template.o
 .debug_frame   0x00003fa4      0x21c G:\development\repos\AvalonStudio\SampleProject\LCDSample\obj\stm32f4xx_hal_nand.o
 .debug_frame   0x000041c0      0x1e8 G:\development\repos\AvalonStudio\SampleProject\LCDSample\obj\stm32f4xx_hal_nor.o
 .debug_frame   0x000043a8      0x160 G:\development\repos\AvalonStudio\SampleProject\LCDSample\obj\stm32f4xx_hal_pccard.o
 .debug_frame   0x00004508       0x3c G:\development\repos\AvalonStudio\SampleProject\LCDSample\obj\stm32f4xx_hal_pcd_ex.o
 .debug_frame   0x00004544       0xe8 G:\development\repos\AvalonStudio\SampleProject\LCDSample\obj\stm32f4xx_hal_pwr.o
 .debug_frame   0x0000462c      0x314 G:\development\repos\AvalonStudio\SampleProject\LCDSample\obj\stm32f4xx_hal_pcd.o
 .debug_frame   0x00004940       0xac G:\development\repos\AvalonStudio\SampleProject\LCDSample\obj\stm32f4xx_hal_pwr_ex.o
 .debug_frame   0x000049ec       0x4c G:\development\repos\AvalonStudio\SampleProject\LCDSample\obj\stm32f4xx_hal_rcc_ex.o
 .debug_frame   0x00004a38      0x13c G:\development\repos\AvalonStudio\SampleProject\LCDSample\obj\stm32f4xx_hal_rcc.o
 .debug_frame   0x00004b74       0xdc G:\development\repos\AvalonStudio\SampleProject\LCDSample\obj\stm32f4xx_hal_rng.o
 .debug_frame   0x00004c50      0x218 G:\development\repos\AvalonStudio\SampleProject\LCDSample\obj\stm32f4xx_hal_rtc.o
 .debug_frame   0x00004e68      0x3b8 G:\development\repos\AvalonStudio\SampleProject\LCDSample\obj\stm32f4xx_hal_rtc_ex.o
 .debug_frame   0x00005220      0x2ac G:\development\repos\AvalonStudio\SampleProject\LCDSample\obj\stm32f4xx_hal_sai.o
 .debug_frame   0x000054cc      0x24c G:\development\repos\AvalonStudio\SampleProject\LCDSample\obj\stm32f4xx_hal_sdram.o
 .debug_frame   0x00005718      0x220 G:\development\repos\AvalonStudio\SampleProject\LCDSample\obj\stm32f4xx_hal_smartcard.o
 .debug_frame   0x00005938      0x518 G:\development\repos\AvalonStudio\SampleProject\LCDSample\obj\stm32f4xx_hal_sd.o
 .debug_frame   0x00005e50      0x1b4 G:\development\repos\AvalonStudio\SampleProject\LCDSample\obj\stm32f4xx_hal_sram.o
 .debug_frame   0x00006004      0x3bc G:\development\repos\AvalonStudio\SampleProject\LCDSample\obj\stm32f4xx_hal_spi.o
 .debug_frame   0x000063c0      0x3c8 G:\development\repos\AvalonStudio\SampleProject\LCDSample\obj\stm32f4xx_hal_tim_ex.o
 .debug_frame   0x00006788      0x32c G:\development\repos\AvalonStudio\SampleProject\LCDSample\obj\stm32f4xx_hal_usart.o
 .debug_frame   0x00006ab4      0x978 G:\development\repos\AvalonStudio\SampleProject\LCDSample\obj\stm32f4xx_hal_tim.o
 .debug_frame   0x0000742c      0x354 G:\development\repos\AvalonStudio\SampleProject\LCDSample\obj\stm32f4xx_hal_uart.o
 .debug_frame   0x00007780       0xe8 G:\development\repos\AvalonStudio\SampleProject\LCDSample\obj\stm32f4xx_hal_wwdg.o
 .debug_frame   0x00007868       0xf8 G:\development\repos\AvalonStudio\SampleProject\LCDSample\obj\stm32f4xx_ll_sdmmc.o
 .debug_frame   0x00007960       0x38 G:\development\repos\AvalonStudio\SampleProject\LCDSample\obj\startup_stm32f40xx.o
 .debug_frame   0x00007998      0x254 G:\development\repos\AvalonStudio\SampleProject\LCDSample\obj\stm32f4xx_ll_fmc.o
 .debug_frame   0x00007bec      0x47c G:\development\repos\AvalonStudio\SampleProject\LCDSample\obj\stm32f4xx_ll_usb.o
 .debug_frame   0x00008068       0x50 G:\development\repos\AvalonStudio\SampleProject\LCDSample\obj\libArmSystem.a(startup.o)
 .debug_frame   0x000080b8       0x20 c:/vestudio/appdata/repos/gcctoolchain/bin/../lib/gcc/arm-none-eabi/4.9.3/../../../../arm-none-eabi/lib/armv7e-m/fpu\libc_nano.a(lib_a-memset.o)

.debug_loc      0x00000000    0x22af9
 .debug_loc     0x00000000      0x268 G:\development\repos\AvalonStudio\SampleProject\LCDSample\obj\stm32f429i_discovery_sdram.o
 .debug_loc     0x00000268      0x1c9 G:\development\repos\AvalonStudio\SampleProject\LCDSample\obj\stm32f429i_discovery_ts.o
 .debug_loc     0x00000431      0x506 G:\development\repos\AvalonStudio\SampleProject\LCDSample\obj\ili9325.o
 .debug_loc     0x00000937       0x84 G:\development\repos\AvalonStudio\SampleProject\LCDSample\obj\ili9341.o
 .debug_loc     0x000009bb       0xe7 G:\development\repos\AvalonStudio\SampleProject\LCDSample\obj\stm32f429i_discovery_io.o
 .debug_loc     0x00000aa2      0x158 G:\development\repos\AvalonStudio\SampleProject\LCDSample\obj\lcd_log.o
 .debug_loc     0x00000bfa      0x85c G:\development\repos\AvalonStudio\SampleProject\LCDSample\obj\stm32f429i_discovery.o
 .debug_loc     0x00001456     0x1f21 G:\development\repos\AvalonStudio\SampleProject\LCDSample\obj\stm32f429i_discovery_lcd.o
 .debug_loc     0x00003377      0xc70 G:\development\repos\AvalonStudio\SampleProject\LCDSample\obj\stmpe811.o
 .debug_loc     0x00003fe7      0x137 G:\development\repos\AvalonStudio\SampleProject\LCDSample\obj\system_stm32f4xx.o
 .debug_loc     0x0000411e      0x5f0 G:\development\repos\AvalonStudio\SampleProject\LCDSample\obj\stm32f4xx_hal_adc.o
 .debug_loc     0x0000470e       0x6a G:\development\repos\AvalonStudio\SampleProject\LCDSample\obj\stm32f4xx_hal.o
 .debug_loc     0x00004778      0x5a0 G:\development\repos\AvalonStudio\SampleProject\LCDSample\obj\stm32f4xx_hal_adc_ex.o
 .debug_loc     0x00004d18      0x4cd G:\development\repos\AvalonStudio\SampleProject\LCDSample\obj\stm32f4xx_hal_cortex.o
 .debug_loc     0x000051e5      0x159 G:\development\repos\AvalonStudio\SampleProject\LCDSample\obj\stm32f4xx_hal_crc.o
 .debug_loc     0x0000533e      0x830 G:\development\repos\AvalonStudio\SampleProject\LCDSample\obj\stm32f4xx_hal_can.o
 .debug_loc     0x00005b6e      0x722 G:\development\repos\AvalonStudio\SampleProject\LCDSample\obj\stm32f4xx_hal_dac.o
 .debug_loc     0x00006290      0x467 G:\development\repos\AvalonStudio\SampleProject\LCDSample\obj\stm32f4xx_hal_dcmi.o
 .debug_loc     0x000066f7      0x2a5 G:\development\repos\AvalonStudio\SampleProject\LCDSample\obj\stm32f4xx_hal_dac_ex.o
 .debug_loc     0x0000699c      0x48c G:\development\repos\AvalonStudio\SampleProject\LCDSample\obj\stm32f4xx_hal_dma.o
 .debug_loc     0x00006e28      0x21e G:\development\repos\AvalonStudio\SampleProject\LCDSample\obj\stm32f4xx_hal_dma_ex.o
 .debug_loc     0x00007046      0xd54 G:\development\repos\AvalonStudio\SampleProject\LCDSample\obj\stm32f4xx_hal_dma2d.o
 .debug_loc     0x00007d9a     0x1258 G:\development\repos\AvalonStudio\SampleProject\LCDSample\obj\stm32f4xx_hal_i2s.o
 .debug_loc     0x00008ff2      0x96f G:\development\repos\AvalonStudio\SampleProject\LCDSample\obj\stm32f4xx_hal_hcd.o
 .debug_loc     0x00009961     0x29dd G:\development\repos\AvalonStudio\SampleProject\LCDSample\obj\stm32f4xx_hal_i2c.o
 .debug_loc     0x0000c33e      0x1de G:\development\repos\AvalonStudio\SampleProject\LCDSample\obj\stm32f4xx_hal_i2c_ex.o
 .debug_loc     0x0000c51c      0x31d G:\development\repos\AvalonStudio\SampleProject\LCDSample\obj\stm32f4xx_hal_gpio.o
 .debug_loc     0x0000c839      0xdae G:\development\repos\AvalonStudio\SampleProject\LCDSample\obj\stm32f4xx_hal_eth.o
 .debug_loc     0x0000d5e7      0x816 G:\development\repos\AvalonStudio\SampleProject\LCDSample\obj\stm32f4xx_hal_flash_ex.o
 .debug_loc     0x0000ddfd      0x34e G:\development\repos\AvalonStudio\SampleProject\LCDSample\obj\stm32f4xx_hal_flash.o
 .debug_loc     0x0000e14b      0x8ab G:\development\repos\AvalonStudio\SampleProject\LCDSample\obj\stm32f4xx_hal_i2s_ex.o
 .debug_loc     0x0000e9f6      0xc8f G:\development\repos\AvalonStudio\SampleProject\LCDSample\obj\stm32f4xx_hal_irda.o
 .debug_loc     0x0000f685       0xff G:\development\repos\AvalonStudio\SampleProject\LCDSample\obj\stm32f4xx_hal_iwdg.o
 .debug_loc     0x0000f784      0xaeb G:\development\repos\AvalonStudio\SampleProject\LCDSample\obj\stm32f4xx_hal_ltdc.o
 .debug_loc     0x0001026f      0xb46 G:\development\repos\AvalonStudio\SampleProject\LCDSample\obj\stm32f4xx_hal_nand.o
 .debug_loc     0x00010db5      0x8b2 G:\development\repos\AvalonStudio\SampleProject\LCDSample\obj\stm32f4xx_hal_nor.o
 .debug_loc     0x00011667      0x79b G:\development\repos\AvalonStudio\SampleProject\LCDSample\obj\stm32f4xx_hal_pccard.o
 .debug_loc     0x00011e02       0xd0 G:\development\repos\AvalonStudio\SampleProject\LCDSample\obj\stm32f4xx_hal_pcd_ex.o
 .debug_loc     0x00011ed2       0x85 G:\development\repos\AvalonStudio\SampleProject\LCDSample\obj\stm32f4xx_hal_pwr.o
 .debug_loc     0x00011f57      0xa80 G:\development\repos\AvalonStudio\SampleProject\LCDSample\obj\stm32f4xx_hal_pcd.o
 .debug_loc     0x000129d7      0x1a5 G:\development\repos\AvalonStudio\SampleProject\LCDSample\obj\stm32f4xx_hal_pwr_ex.o
 .debug_loc     0x00012b7c      0x377 G:\development\repos\AvalonStudio\SampleProject\LCDSample\obj\stm32f4xx_hal_rcc_ex.o
 .debug_loc     0x00012ef3      0x8eb G:\development\repos\AvalonStudio\SampleProject\LCDSample\obj\stm32f4xx_hal_rcc.o
 .debug_loc     0x000137de      0x1c0 G:\development\repos\AvalonStudio\SampleProject\LCDSample\obj\stm32f4xx_hal_rng.o
 .debug_loc     0x0001399e      0xbb8 G:\development\repos\AvalonStudio\SampleProject\LCDSample\obj\stm32f4xx_hal_rtc.o
 .debug_loc     0x00014556      0xe0b G:\development\repos\AvalonStudio\SampleProject\LCDSample\obj\stm32f4xx_hal_rtc_ex.o
 .debug_loc     0x00015361      0xcd3 G:\development\repos\AvalonStudio\SampleProject\LCDSample\obj\stm32f4xx_hal_sai.o
 .debug_loc     0x00016034      0xc1c G:\development\repos\AvalonStudio\SampleProject\LCDSample\obj\stm32f4xx_hal_sdram.o
 .debug_loc     0x00016c50      0xb10 G:\development\repos\AvalonStudio\SampleProject\LCDSample\obj\stm32f4xx_hal_smartcard.o
 .debug_loc     0x00017760     0x1ea4 G:\development\repos\AvalonStudio\SampleProject\LCDSample\obj\stm32f4xx_hal_sd.o
 .debug_loc     0x00019604      0x7cc G:\development\repos\AvalonStudio\SampleProject\LCDSample\obj\stm32f4xx_hal_sram.o
 .debug_loc     0x00019dd0     0x108c G:\development\repos\AvalonStudio\SampleProject\LCDSample\obj\stm32f4xx_hal_spi.o
 .debug_loc     0x0001ae5c      0xc47 G:\development\repos\AvalonStudio\SampleProject\LCDSample\obj\stm32f4xx_hal_tim_ex.o
 .debug_loc     0x0001baa3     0x112e G:\development\repos\AvalonStudio\SampleProject\LCDSample\obj\stm32f4xx_hal_usart.o
 .debug_loc     0x0001cbd1     0x30f8 G:\development\repos\AvalonStudio\SampleProject\LCDSample\obj\stm32f4xx_hal_tim.o
 .debug_loc     0x0001fcc9      0xf96 G:\development\repos\AvalonStudio\SampleProject\LCDSample\obj\stm32f4xx_hal_uart.o
 .debug_loc     0x00020c5f      0x1a0 G:\development\repos\AvalonStudio\SampleProject\LCDSample\obj\stm32f4xx_hal_wwdg.o
 .debug_loc     0x00020dff      0x229 G:\development\repos\AvalonStudio\SampleProject\LCDSample\obj\stm32f4xx_ll_sdmmc.o
 .debug_loc     0x00021028      0x7ac G:\development\repos\AvalonStudio\SampleProject\LCDSample\obj\stm32f4xx_ll_fmc.o
 .debug_loc     0x000217d4     0x1277 G:\development\repos\AvalonStudio\SampleProject\LCDSample\obj\stm32f4xx_ll_usb.o
 .debug_loc     0x00022a4b       0xae G:\development\repos\AvalonStudio\SampleProject\LCDSample\obj\libArmSystem.a(startup.o)
