Archive member included because of file (symbol)

G:\development\repos\AvalonStudio\SampleProject\LCDSample\obj\libArmSystem.a(startup.o)
                              G:\development\repos\AvalonStudio\SampleProject\LCDSample\obj\startup_stm32f40xx.o (system_startup)
c:/vestudio/appdata/repos/gcctoolchain/bin/../lib/gcc/arm-none-eabi/4.9.3/../../../../arm-none-eabi/lib/armv7e-m/fpu\libc_nano.a(lib_a-memset.o)
                              G:\development\repos\AvalonStudio\SampleProject\LCDSample\obj\stm32f4xx_hal_sd.o (memset)

Allocating common symbols
Common symbol       size              file

LCD_CacheBuffer_yptr_bottom_bak
                    0x2               G:\development\repos\AvalonStudio\SampleProject\LCDSample\obj\lcd_log.o
LCD_CacheBuffer_yptr_top_bak
                    0x2               G:\development\repos\AvalonStudio\SampleProject\LCDSample\obj\lcd_log.o
LCD_CacheBuffer_yptr_bottom
                    0x2               G:\development\repos\AvalonStudio\SampleProject\LCDSample\obj\lcd_log.o
pFlash              0x1c              G:\development\repos\AvalonStudio\SampleProject\LCDSample\obj\stm32f4xx_hal_flash.o
LCD_CacheBuffer_xptr
                    0x2               G:\development\repos\AvalonStudio\SampleProject\LCDSample\obj\lcd_log.o
LCD_CacheBuffer_yptr_invert
                    0x1               G:\development\repos\AvalonStudio\SampleProject\LCDSample\obj\lcd_log.o
LCD_Lock            0x1               G:\development\repos\AvalonStudio\SampleProject\LCDSample\obj\lcd_log.o
LCD_Scrolled        0x1               G:\development\repos\AvalonStudio\SampleProject\LCDSample\obj\lcd_log.o
LCD_CacheBuffer_yptr_top
                    0x2               G:\development\repos\AvalonStudio\SampleProject\LCDSample\obj\lcd_log.o
LCD_ScrollActive    0x1               G:\development\repos\AvalonStudio\SampleProject\LCDSample\obj\lcd_log.o
LCD_CacheBuffer     0x3c54            G:\development\repos\AvalonStudio\SampleProject\LCDSample\obj\lcd_log.o
LCD_LineColor       0x4               G:\development\repos\AvalonStudio\SampleProject\LCDSample\obj\lcd_log.o
I2cHandle           0x38              G:\development\repos\AvalonStudio\SampleProject\LCDSample\obj\stm32f429i_discovery.o
LCD_ScrollBackStep  0x2               G:\development\repos\AvalonStudio\SampleProject\LCDSample\obj\lcd_log.o
LcdDrv              0x4               G:\development\repos\AvalonStudio\SampleProject\LCDSample\obj\stm32f429i_discovery_lcd.o

Memory Configuration

Name             Origin             Length             Attributes
FLASH            0x08000000         0x00100000         xr
RAM              0x20000000         0x00020000         xrw
*default*        0x00000000         0xffffffff

Linker script and memory map

                0x20020000                _eram = 0x20020000

.text           0x08000000    0x2541c
 *(.interrupt_vector)
 .interrupt_vector
                0x08000000      0x188 G:\development\repos\AvalonStudio\SampleProject\LCDSample\obj\startup_stm32f40xx.o
 *(.text*)
 .text          0x08000188        0x0 G:\development\repos\AvalonStudio\SampleProject\LCDSample\obj\font12.o
 .text          0x08000188        0x0 G:\development\repos\AvalonStudio\SampleProject\LCDSample\obj\font16.o
 .text          0x08000188        0x0 G:\development\repos\AvalonStudio\SampleProject\LCDSample\obj\font20.o
 .text          0x08000188        0x0 G:\development\repos\AvalonStudio\SampleProject\LCDSample\obj\font24.o
 .text          0x08000188        0x0 G:\development\repos\AvalonStudio\SampleProject\LCDSample\obj\font8.o
 .text          0x08000188        0x0 G:\development\repos\AvalonStudio\SampleProject\LCDSample\obj\lcd_log.o
 .text.LCD_LOG_DeInit
                0x08000188       0x64 G:\development\repos\AvalonStudio\SampleProject\LCDSample\obj\lcd_log.o
                0x08000188                LCD_LOG_DeInit
 .text.LCD_LOG_Init
                0x080001ec       0x10 G:\development\repos\AvalonStudio\SampleProject\LCDSample\obj\lcd_log.o
                0x080001ec                LCD_LOG_Init
 .text.LCD_LOG_SetHeader
                0x080001fc       0x6c G:\development\repos\AvalonStudio\SampleProject\LCDSample\obj\lcd_log.o
                0x080001fc                LCD_LOG_SetHeader
 .text.LCD_LOG_SetFooter
                0x08000268       0x80 G:\development\repos\AvalonStudio\SampleProject\LCDSample\obj\lcd_log.o
                0x08000268                LCD_LOG_SetFooter
 .text.LCD_LOG_ClearTextZone
                0x080002e8       0x1c G:\development\repos\AvalonStudio\SampleProject\LCDSample\obj\lcd_log.o
                0x080002e8                LCD_LOG_ClearTextZone
 .text.LCD_LOG_UpdateDisplay
                0x08000304       0xac G:\development\repos\AvalonStudio\SampleProject\LCDSample\obj\lcd_log.o
                0x08000304                LCD_LOG_UpdateDisplay
 .text.__io_putchar
                0x080003b0      0x150 G:\development\repos\AvalonStudio\SampleProject\LCDSample\obj\lcd_log.o
                0x080003b0                __io_putchar
 .text.LCD_LOG_ScrollBack
                0x08000500       0xdc G:\development\repos\AvalonStudio\SampleProject\LCDSample\obj\lcd_log.o
                0x08000500                LCD_LOG_ScrollBack
 .text.LCD_LOG_ScrollForward
                0x080005dc       0xb0 G:\development\repos\AvalonStudio\SampleProject\LCDSample\obj\lcd_log.o
                0x080005dc                LCD_LOG_ScrollForward
 .text          0x0800068c        0x0 G:\development\repos\AvalonStudio\SampleProject\LCDSample\obj\stm32f429i_discovery.o
 .text.SPIx_MspInit
                0x0800068c       0x40 G:\development\repos\AvalonStudio\SampleProject\LCDSample\obj\stm32f429i_discovery.o
 .text.I2Cx_MspInit
                0x080006cc       0x9c G:\development\repos\AvalonStudio\SampleProject\LCDSample\obj\stm32f429i_discovery.o
 .text.I2Cx_ITConfig
                0x08000768       0x48 G:\development\repos\AvalonStudio\SampleProject\LCDSample\obj\stm32f429i_discovery.o
 .text.SPIx_Init
                0x080007b0       0x4c G:\development\repos\AvalonStudio\SampleProject\LCDSample\obj\stm32f429i_discovery.o
 .text.SPIx_Error
                0x080007fc       0x14 G:\development\repos\AvalonStudio\SampleProject\LCDSample\obj\stm32f429i_discovery.o
 .text.SPIx_Write
                0x08000810       0x2c G:\development\repos\AvalonStudio\SampleProject\LCDSample\obj\stm32f429i_discovery.o
 .text.SPIx_Read
                0x0800083c       0x28 G:\development\repos\AvalonStudio\SampleProject\LCDSample\obj\stm32f429i_discovery.o
 .text.I2Cx_Init
                0x08000864       0x44 G:\development\repos\AvalonStudio\SampleProject\LCDSample\obj\stm32f429i_discovery.o
 .text.I2Cx_Error
                0x080008a8       0x14 G:\development\repos\AvalonStudio\SampleProject\LCDSample\obj\stm32f429i_discovery.o
 .text.I2Cx_WriteData
                0x080008bc       0x34 G:\development\repos\AvalonStudio\SampleProject\LCDSample\obj\stm32f429i_discovery.o
 .text.I2Cx_WriteBuffer
                0x080008f0       0x30 G:\development\repos\AvalonStudio\SampleProject\LCDSample\obj\stm32f429i_discovery.o
 .text.I2Cx_ReadData
                0x08000920       0x3c G:\development\repos\AvalonStudio\SampleProject\LCDSample\obj\stm32f429i_discovery.o
 .text.I2Cx_ReadBuffer
                0x0800095c       0x38 G:\development\repos\AvalonStudio\SampleProject\LCDSample\obj\stm32f429i_discovery.o
 .text.SPIx_WriteRead
                0x08000994       0x3c G:\development\repos\AvalonStudio\SampleProject\LCDSample\obj\stm32f429i_discovery.o
 .text.BSP_GetVersion
                0x080009d0        0x8 G:\development\repos\AvalonStudio\SampleProject\LCDSample\obj\stm32f429i_discovery.o
                0x080009d0                BSP_GetVersion
 .text.BSP_LED_Init
                0x080009d8       0x58 G:\development\repos\AvalonStudio\SampleProject\LCDSample\obj\stm32f429i_discovery.o
                0x080009d8                BSP_LED_Init
 .text.BSP_LED_On
                0x08000a30       0x20 G:\development\repos\AvalonStudio\SampleProject\LCDSample\obj\stm32f429i_discovery.o
                0x08000a30                BSP_LED_On
 .text.BSP_LED_Off
                0x08000a50       0x20 G:\development\repos\AvalonStudio\SampleProject\LCDSample\obj\stm32f429i_discovery.o
                0x08000a50                BSP_LED_Off
 .text.BSP_LED_Toggle
                0x08000a70       0x20 G:\development\repos\AvalonStudio\SampleProject\LCDSample\obj\stm32f429i_discovery.o
                0x08000a70                BSP_LED_Toggle
 .text.BSP_PB_Init
                0x08000a90       0x74 G:\development\repos\AvalonStudio\SampleProject\LCDSample\obj\stm32f429i_discovery.o
                0x08000a90                BSP_PB_Init
 .text.BSP_PB_GetState
                0x08000b04       0x14 G:\development\repos\AvalonStudio\SampleProject\LCDSample\obj\stm32f429i_discovery.o
                0x08000b04                BSP_PB_GetState
 .text.LCD_IO_Init
                0x08000b18       0x94 G:\development\repos\AvalonStudio\SampleProject\LCDSample\obj\stm32f429i_discovery.o
                0x08000b18                LCD_IO_Init
 .text.LCD_IO_WriteData
                0x08000bac       0x38 G:\development\repos\AvalonStudio\SampleProject\LCDSample\obj\stm32f429i_discovery.o
                0x08000bac                LCD_IO_WriteData
 .text.LCD_IO_WriteReg
                0x08000be4       0x38 G:\development\repos\AvalonStudio\SampleProject\LCDSample\obj\stm32f429i_discovery.o
                0x08000be4                LCD_IO_WriteReg
 .text.LCD_IO_ReadData
                0x08000c1c       0x50 G:\development\repos\AvalonStudio\SampleProject\LCDSample\obj\stm32f429i_discovery.o
                0x08000c1c                LCD_IO_ReadData
 .text.LCD_Delay
                0x08000c6c        0x8 G:\development\repos\AvalonStudio\SampleProject\LCDSample\obj\stm32f429i_discovery.o
                0x08000c6c                LCD_Delay
 .text.IOE_Init
                0x08000c74        0x8 G:\development\repos\AvalonStudio\SampleProject\LCDSample\obj\stm32f429i_discovery.o
                0x08000c74                IOE_Init
 .text.IOE_ITConfig
                0x08000c7c        0x8 G:\development\repos\AvalonStudio\SampleProject\LCDSample\obj\stm32f429i_discovery.o
                0x08000c7c                IOE_ITConfig
 .text.IOE_Write
                0x08000c84        0x8 G:\development\repos\AvalonStudio\SampleProject\LCDSample\obj\stm32f429i_discovery.o
                0x08000c84                IOE_Write
 .text.IOE_Read
                0x08000c8c        0x8 G:\development\repos\AvalonStudio\SampleProject\LCDSample\obj\stm32f429i_discovery.o
                0x08000c8c                IOE_Read
 .text.IOE_WriteMultiple
                0x08000c94        0x8 G:\development\repos\AvalonStudio\SampleProject\LCDSample\obj\stm32f429i_discovery.o
                0x08000c94                IOE_WriteMultiple
 .text.IOE_ReadMultiple
                0x08000c9c        0x8 G:\development\repos\AvalonStudio\SampleProject\LCDSample\obj\stm32f429i_discovery.o
                0x08000c9c                IOE_ReadMultiple
 .text.IOE_Delay
                0x08000ca4        0x8 G:\development\repos\AvalonStudio\SampleProject\LCDSample\obj\stm32f429i_discovery.o
                0x08000ca4                IOE_Delay
 .text.GYRO_IO_Init
                0x08000cac       0x64 G:\development\repos\AvalonStudio\SampleProject\LCDSample\obj\stm32f429i_discovery.o
                0x08000cac                GYRO_IO_Init
 .text.GYRO_IO_Write
                0x08000d10       0x44 G:\development\repos\AvalonStudio\SampleProject\LCDSample\obj\stm32f429i_discovery.o
                0x08000d10                GYRO_IO_Write
 .text.GYRO_IO_Read
                0x08000d54       0x48 G:\development\repos\AvalonStudio\SampleProject\LCDSample\obj\stm32f429i_discovery.o
                0x08000d54                GYRO_IO_Read
 .text          0x08000d9c        0x0 G:\development\repos\AvalonStudio\SampleProject\LCDSample\obj\stm32f429i_discovery_eeprom.o
 .text          0x08000d9c        0x0 G:\development\repos\AvalonStudio\SampleProject\LCDSample\obj\stm32f429i_discovery_io.o
 .text.BSP_IO_Init
                0x08000d9c        0x4 G:\development\repos\AvalonStudio\SampleProject\LCDSample\obj\stm32f429i_discovery_io.o
                0x08000d9c                BSP_IO_Init
 .text.BSP_IO_ITGetStatus
                0x08000da0       0x14 G:\development\repos\AvalonStudio\SampleProject\LCDSample\obj\stm32f429i_discovery_io.o
                0x08000da0                BSP_IO_ITGetStatus
 .text.BSP_IO_ITClear
                0x08000db4       0x14 G:\development\repos\AvalonStudio\SampleProject\LCDSample\obj\stm32f429i_discovery_io.o
                0x08000db4                BSP_IO_ITClear
 .text.BSP_IO_ConfigPin
                0x08000dc8       0x18 G:\development\repos\AvalonStudio\SampleProject\LCDSample\obj\stm32f429i_discovery_io.o
                0x08000dc8                BSP_IO_ConfigPin
 .text.BSP_IO_WritePin
                0x08000de0       0x18 G:\development\repos\AvalonStudio\SampleProject\LCDSample\obj\stm32f429i_discovery_io.o
                0x08000de0                BSP_IO_WritePin
 .text.BSP_IO_ReadPin
                0x08000df8       0x14 G:\development\repos\AvalonStudio\SampleProject\LCDSample\obj\stm32f429i_discovery_io.o
                0x08000df8                BSP_IO_ReadPin
 .text.BSP_IO_TogglePin
                0x08000e0c       0x38 G:\development\repos\AvalonStudio\SampleProject\LCDSample\obj\stm32f429i_discovery_io.o
                0x08000e0c                BSP_IO_TogglePin
 .text          0x08000e44        0x0 G:\development\repos\AvalonStudio\SampleProject\LCDSample\obj\stm32f429i_discovery_lcd.o
 .text.MspInit  0x08000e44       0xe8 G:\development\repos\AvalonStudio\SampleProject\LCDSample\obj\stm32f429i_discovery_lcd.o
 .text.FillBuffer
                0x08000f2c       0x54 G:\development\repos\AvalonStudio\SampleProject\LCDSample\obj\stm32f429i_discovery_lcd.o
 .text.ConvertLineToARGB8888
                0x08000f80       0x5c G:\development\repos\AvalonStudio\SampleProject\LCDSample\obj\stm32f429i_discovery_lcd.o
 .text.BSP_LCD_GetXSize
                0x08000fdc       0x10 G:\development\repos\AvalonStudio\SampleProject\LCDSample\obj\stm32f429i_discovery_lcd.o
                0x08000fdc                BSP_LCD_GetXSize
 .text.BSP_LCD_GetYSize
                0x08000fec       0x10 G:\development\repos\AvalonStudio\SampleProject\LCDSample\obj\stm32f429i_discovery_lcd.o
                0x08000fec                BSP_LCD_GetYSize
 .text.BSP_LCD_LayerDefaultInit
                0x08000ffc       0x88 G:\development\repos\AvalonStudio\SampleProject\LCDSample\obj\stm32f429i_discovery_lcd.o
                0x08000ffc                BSP_LCD_LayerDefaultInit
 .text.BSP_LCD_LayerDefaultInitPixelFormat
                0x08001084       0x88 G:\development\repos\AvalonStudio\SampleProject\LCDSample\obj\stm32f429i_discovery_lcd.o
                0x08001084                BSP_LCD_LayerDefaultInitPixelFormat
 .text.BSP_LCD_SelectLayer
                0x0800110c        0xc G:\development\repos\AvalonStudio\SampleProject\LCDSample\obj\stm32f429i_discovery_lcd.o
                0x0800110c                BSP_LCD_SelectLayer
 .text.BSP_LCD_SetLayerVisible
                0x08001118       0x40 G:\development\repos\AvalonStudio\SampleProject\LCDSample\obj\stm32f429i_discovery_lcd.o
                0x08001118                BSP_LCD_SetLayerVisible
 .text.BSP_LCD_SetTransparency
                0x08001158       0x10 G:\development\repos\AvalonStudio\SampleProject\LCDSample\obj\stm32f429i_discovery_lcd.o
                0x08001158                BSP_LCD_SetTransparency
 .text.BSP_LCD_SetLayerAddress
                0x08001168       0x10 G:\development\repos\AvalonStudio\SampleProject\LCDSample\obj\stm32f429i_discovery_lcd.o
                0x08001168                BSP_LCD_SetLayerAddress
 .text.BSP_LCD_SetLayerWindow
                0x08001178       0x2c G:\development\repos\AvalonStudio\SampleProject\LCDSample\obj\stm32f429i_discovery_lcd.o
                0x08001178                BSP_LCD_SetLayerWindow
 .text.BSP_LCD_SetColorKeying
                0x080011a4       0x1c G:\development\repos\AvalonStudio\SampleProject\LCDSample\obj\stm32f429i_discovery_lcd.o
                0x080011a4                BSP_LCD_SetColorKeying
 .text.BSP_LCD_ResetColorKeying
                0x080011c0       0x10 G:\development\repos\AvalonStudio\SampleProject\LCDSample\obj\stm32f429i_discovery_lcd.o
                0x080011c0                BSP_LCD_ResetColorKeying
 .text.BSP_LCD_GetTextColor
                0x080011d0       0x18 G:\development\repos\AvalonStudio\SampleProject\LCDSample\obj\stm32f429i_discovery_lcd.o
                0x080011d0                BSP_LCD_GetTextColor
 .text.BSP_LCD_GetBackColor
                0x080011e8       0x1c G:\development\repos\AvalonStudio\SampleProject\LCDSample\obj\stm32f429i_discovery_lcd.o
                0x080011e8                BSP_LCD_GetBackColor
 .text.BSP_LCD_SetTextColor
                0x08001204       0x18 G:\development\repos\AvalonStudio\SampleProject\LCDSample\obj\stm32f429i_discovery_lcd.o
                0x08001204                BSP_LCD_SetTextColor
 .text.BSP_LCD_SetBackColor
                0x0800121c       0x1c G:\development\repos\AvalonStudio\SampleProject\LCDSample\obj\stm32f429i_discovery_lcd.o
                0x0800121c                BSP_LCD_SetBackColor
 .text.BSP_LCD_SetFont
                0x08001238       0x1c G:\development\repos\AvalonStudio\SampleProject\LCDSample\obj\stm32f429i_discovery_lcd.o
                0x08001238                BSP_LCD_SetFont
 .text.BSP_LCD_Init
                0x08001254       0x98 G:\development\repos\AvalonStudio\SampleProject\LCDSample\obj\stm32f429i_discovery_lcd.o
                0x08001254                BSP_LCD_Init
 .text.BSP_LCD_GetFont
                0x080012ec       0x1c G:\development\repos\AvalonStudio\SampleProject\LCDSample\obj\stm32f429i_discovery_lcd.o
                0x080012ec                BSP_LCD_GetFont
 .text.BSP_LCD_ReadPixel
                0x08001308       0x94 G:\development\repos\AvalonStudio\SampleProject\LCDSample\obj\stm32f429i_discovery_lcd.o
                0x08001308                BSP_LCD_ReadPixel
 .text.BSP_LCD_Clear
                0x0800139c       0x3c G:\development\repos\AvalonStudio\SampleProject\LCDSample\obj\stm32f429i_discovery_lcd.o
                0x0800139c                BSP_LCD_Clear
 .text.BSP_LCD_DrawHLine
                0x080013d8       0x54 G:\development\repos\AvalonStudio\SampleProject\LCDSample\obj\stm32f429i_discovery_lcd.o
                0x080013d8                BSP_LCD_DrawHLine
 .text.BSP_LCD_DrawVLine
                0x0800142c       0x5c G:\development\repos\AvalonStudio\SampleProject\LCDSample\obj\stm32f429i_discovery_lcd.o
                0x0800142c                BSP_LCD_DrawVLine
 .text.BSP_LCD_DrawRect
                0x08001488       0x34 G:\development\repos\AvalonStudio\SampleProject\LCDSample\obj\stm32f429i_discovery_lcd.o
                0x08001488                BSP_LCD_DrawRect
 .text.BSP_LCD_DrawBitmap
                0x080014bc       0xa8 G:\development\repos\AvalonStudio\SampleProject\LCDSample\obj\stm32f429i_discovery_lcd.o
                0x080014bc                BSP_LCD_DrawBitmap
 .text.BSP_LCD_FillRect
                0x08001564       0x74 G:\development\repos\AvalonStudio\SampleProject\LCDSample\obj\stm32f429i_discovery_lcd.o
                0x08001564                BSP_LCD_FillRect
 .text.BSP_LCD_ClearStringLine
                0x080015d8       0x5c G:\development\repos\AvalonStudio\SampleProject\LCDSample\obj\stm32f429i_discovery_lcd.o
                0x080015d8                BSP_LCD_ClearStringLine
 .text.BSP_LCD_FillEllipse
                0x08001634       0xc0 G:\development\repos\AvalonStudio\SampleProject\LCDSample\obj\stm32f429i_discovery_lcd.o
                0x08001634                BSP_LCD_FillEllipse
 .text.BSP_LCD_DisplayOn
                0x080016f4       0x14 G:\development\repos\AvalonStudio\SampleProject\LCDSample\obj\stm32f429i_discovery_lcd.o
                0x080016f4                BSP_LCD_DisplayOn
 .text.BSP_LCD_DisplayOff
                0x08001708       0x14 G:\development\repos\AvalonStudio\SampleProject\LCDSample\obj\stm32f429i_discovery_lcd.o
                0x08001708                BSP_LCD_DisplayOff
 .text.BSP_LCD_DrawPixel
                0x0800171c       0x2c G:\development\repos\AvalonStudio\SampleProject\LCDSample\obj\stm32f429i_discovery_lcd.o
                0x0800171c                BSP_LCD_DrawPixel
 .text.DrawChar
                0x08001748       0xe0 G:\development\repos\AvalonStudio\SampleProject\LCDSample\obj\stm32f429i_discovery_lcd.o
 .text.BSP_LCD_DisplayChar
                0x08001828       0x34 G:\development\repos\AvalonStudio\SampleProject\LCDSample\obj\stm32f429i_discovery_lcd.o
                0x08001828                BSP_LCD_DisplayChar
 .text.BSP_LCD_DisplayStringAt
                0x0800185c       0xc4 G:\development\repos\AvalonStudio\SampleProject\LCDSample\obj\stm32f429i_discovery_lcd.o
                0x0800185c                BSP_LCD_DisplayStringAt
 .text.BSP_LCD_DisplayStringAtLine
                0x08001920       0x20 G:\development\repos\AvalonStudio\SampleProject\LCDSample\obj\stm32f429i_discovery_lcd.o
                0x08001920                BSP_LCD_DisplayStringAtLine
 .text.BSP_LCD_DisplayStringAtLineMode
                0x08001940       0x20 G:\development\repos\AvalonStudio\SampleProject\LCDSample\obj\stm32f429i_discovery_lcd.o
                0x08001940                BSP_LCD_DisplayStringAtLineMode
 .text.BSP_LCD_DrawLine
                0x08001960       0xf8 G:\development\repos\AvalonStudio\SampleProject\LCDSample\obj\stm32f429i_discovery_lcd.o
                0x08001960                BSP_LCD_DrawLine
 .text.BSP_LCD_DrawPolygon
                0x08001a58       0x3c G:\development\repos\AvalonStudio\SampleProject\LCDSample\obj\stm32f429i_discovery_lcd.o
                0x08001a58                BSP_LCD_DrawPolygon
 .text.BSP_LCD_FillTriangle
                0x08001a94       0xf4 G:\development\repos\AvalonStudio\SampleProject\LCDSample\obj\stm32f429i_discovery_lcd.o
                0x08001a94                BSP_LCD_FillTriangle
 .text.BSP_LCD_FillPolygon
                0x08001b88      0x124 G:\development\repos\AvalonStudio\SampleProject\LCDSample\obj\stm32f429i_discovery_lcd.o
                0x08001b88                BSP_LCD_FillPolygon
 .text.BSP_LCD_DrawCircle
                0x08001cac      0x134 G:\development\repos\AvalonStudio\SampleProject\LCDSample\obj\stm32f429i_discovery_lcd.o
                0x08001cac                BSP_LCD_DrawCircle
 .text.BSP_LCD_FillCircle
                0x08001de0       0xd0 G:\development\repos\AvalonStudio\SampleProject\LCDSample\obj\stm32f429i_discovery_lcd.o
                0x08001de0                BSP_LCD_FillCircle
 .text.BSP_LCD_DrawEllipse
                0x08001eb0      0x10c G:\development\repos\AvalonStudio\SampleProject\LCDSample\obj\stm32f429i_discovery_lcd.o
                0x08001eb0                BSP_LCD_DrawEllipse
 .text          0x08001fbc        0x0 G:\development\repos\AvalonStudio\SampleProject\LCDSample\obj\stm32f429i_discovery_sdram.o
 .text.MspInit  0x08001fbc      0x12c G:\development\repos\AvalonStudio\SampleProject\LCDSample\obj\stm32f429i_discovery_sdram.o
 .text.BSP_SDRAM_Initialization_sequence
                0x080020e8       0xa0 G:\development\repos\AvalonStudio\SampleProject\LCDSample\obj\stm32f429i_discovery_sdram.o
                0x080020e8                BSP_SDRAM_Initialization_sequence
 .text.BSP_SDRAM_Init
                0x08002188       0x68 G:\development\repos\AvalonStudio\SampleProject\LCDSample\obj\stm32f429i_discovery_sdram.o
                0x08002188                BSP_SDRAM_Init
 .text.BSP_SDRAM_ReadData
                0x080021f0       0x18 G:\development\repos\AvalonStudio\SampleProject\LCDSample\obj\stm32f429i_discovery_sdram.o
                0x080021f0                BSP_SDRAM_ReadData
 .text.BSP_SDRAM_ReadData_DMA
                0x08002208       0x18 G:\development\repos\AvalonStudio\SampleProject\LCDSample\obj\stm32f429i_discovery_sdram.o
                0x08002208                BSP_SDRAM_ReadData_DMA
 .text.BSP_SDRAM_WriteData
                0x08002220       0x24 G:\development\repos\AvalonStudio\SampleProject\LCDSample\obj\stm32f429i_discovery_sdram.o
                0x08002220                BSP_SDRAM_WriteData
 .text.BSP_SDRAM_WriteData_DMA
                0x08002244       0x18 G:\development\repos\AvalonStudio\SampleProject\LCDSample\obj\stm32f429i_discovery_sdram.o
                0x08002244                BSP_SDRAM_WriteData_DMA
 .text.BSP_SDRAM_Sendcmd
                0x0800225c       0x14 G:\development\repos\AvalonStudio\SampleProject\LCDSample\obj\stm32f429i_discovery_sdram.o
                0x0800225c                BSP_SDRAM_Sendcmd
 .text.BSP_SDRAM_DMA_IRQHandler
                0x08002270       0x10 G:\development\repos\AvalonStudio\SampleProject\LCDSample\obj\stm32f429i_discovery_sdram.o
                0x08002270                BSP_SDRAM_DMA_IRQHandler
 .text          0x08002280        0x0 G:\development\repos\AvalonStudio\SampleProject\LCDSample\obj\stm32f429i_discovery_ts.o
 .text.BSP_TS_Init
                0x08002280       0x50 G:\development\repos\AvalonStudio\SampleProject\LCDSample\obj\stm32f429i_discovery_ts.o
                0x08002280                BSP_TS_Init
 .text.BSP_TS_ITConfig
                0x080022d0       0x24 G:\development\repos\AvalonStudio\SampleProject\LCDSample\obj\stm32f429i_discovery_ts.o
                0x080022d0                BSP_TS_ITConfig
 .text.BSP_TS_ITGetStatus
                0x080022f4       0x14 G:\development\repos\AvalonStudio\SampleProject\LCDSample\obj\stm32f429i_discovery_ts.o
                0x080022f4                BSP_TS_ITGetStatus
 .text.BSP_TS_GetState
                0x08002308       0xe8 G:\development\repos\AvalonStudio\SampleProject\LCDSample\obj\stm32f429i_discovery_ts.o
                0x08002308                BSP_TS_GetState
 .text.BSP_TS_ITClear
                0x080023f0       0x18 G:\development\repos\AvalonStudio\SampleProject\LCDSample\obj\stm32f429i_discovery_ts.o
                0x080023f0                BSP_TS_ITClear
 .text          0x08002408        0x0 G:\development\repos\AvalonStudio\SampleProject\LCDSample\obj\stm32f4xx_it.o
 .text.NMI_Handler
                0x08002408        0x4 G:\development\repos\AvalonStudio\SampleProject\LCDSample\obj\stm32f4xx_it.o
                0x08002408                NMI_Handler
 .text.HardFault_Handler
                0x0800240c        0x4 G:\development\repos\AvalonStudio\SampleProject\LCDSample\obj\stm32f4xx_it.o
                0x0800240c                HardFault_Handler
 .text.MemManage_Handler
                0x08002410        0x4 G:\development\repos\AvalonStudio\SampleProject\LCDSample\obj\stm32f4xx_it.o
                0x08002410                MemManage_Handler
 .text.BusFault_Handler
                0x08002414        0x4 G:\development\repos\AvalonStudio\SampleProject\LCDSample\obj\stm32f4xx_it.o
                0x08002414                BusFault_Handler
 .text.UsageFault_Handler
                0x08002418        0x4 G:\development\repos\AvalonStudio\SampleProject\LCDSample\obj\stm32f4xx_it.o
                0x08002418                UsageFault_Handler
 .text.SVC_Handler
                0x0800241c        0x4 G:\development\repos\AvalonStudio\SampleProject\LCDSample\obj\stm32f4xx_it.o
                0x0800241c                SVC_Handler
 .text.DebugMon_Handler
                0x08002420        0x4 G:\development\repos\AvalonStudio\SampleProject\LCDSample\obj\stm32f4xx_it.o
                0x08002420                DebugMon_Handler
 .text.PendSV_Handler
                0x08002424        0x4 G:\development\repos\AvalonStudio\SampleProject\LCDSample\obj\stm32f4xx_it.o
                0x08002424                PendSV_Handler
 .text.SysTick_Handler
                0x08002428        0x8 G:\development\repos\AvalonStudio\SampleProject\LCDSample\obj\stm32f4xx_it.o
                0x08002428                SysTick_Handler
 .text          0x08002430        0x0 G:\development\repos\AvalonStudio\SampleProject\LCDSample\obj\ili9325.o
 .text.ili9325_GetLcdPixelWidth
                0x08002430        0x8 G:\development\repos\AvalonStudio\SampleProject\LCDSample\obj\ili9325.o
                0x08002430                ili9325_GetLcdPixelWidth
 .text.ili9325_GetLcdPixelHeight
                0x08002438        0x4 G:\development\repos\AvalonStudio\SampleProject\LCDSample\obj\ili9325.o
                0x08002438                ili9325_GetLcdPixelHeight
 .text.ili9325_WriteReg
                0x0800243c       0x10 G:\development\repos\AvalonStudio\SampleProject\LCDSample\obj\ili9325.o
                0x0800243c                ili9325_WriteReg
 .text.ili9325_DisplayOn
                0x0800244c       0x60 G:\development\repos\AvalonStudio\SampleProject\LCDSample\obj\ili9325.o
                0x0800244c                ili9325_DisplayOn
 .text.ili9325_DisplayOff
                0x080024ac       0x34 G:\development\repos\AvalonStudio\SampleProject\LCDSample\obj\ili9325.o
                0x080024ac                ili9325_DisplayOff
 .text.ili9325_SetCursor
                0x080024e0       0x1c G:\development\repos\AvalonStudio\SampleProject\LCDSample\obj\ili9325.o
                0x080024e0                ili9325_SetCursor
 .text.ili9325_WritePixel
                0x080024fc       0x18 G:\development\repos\AvalonStudio\SampleProject\LCDSample\obj\ili9325.o
                0x080024fc                ili9325_WritePixel
 .text.ili9325_ReadPixel
                0x08002514       0x18 G:\development\repos\AvalonStudio\SampleProject\LCDSample\obj\ili9325.o
                0x08002514                ili9325_ReadPixel
 .text.ili9325_DrawHLine
                0x0800252c       0x28 G:\development\repos\AvalonStudio\SampleProject\LCDSample\obj\ili9325.o
                0x0800252c                ili9325_DrawHLine
 .text.ili9325_DrawRGBImage
                0x08002554       0x28 G:\development\repos\AvalonStudio\SampleProject\LCDSample\obj\ili9325.o
                0x08002554                ili9325_DrawRGBImage
 .text.ili9325_Init
                0x0800257c      0x1fc G:\development\repos\AvalonStudio\SampleProject\LCDSample\obj\ili9325.o
                0x0800257c                ili9325_Init
 .text.ili9325_SetDisplayWindow
                0x08002778       0x3c G:\development\repos\AvalonStudio\SampleProject\LCDSample\obj\ili9325.o
                0x08002778                ili9325_SetDisplayWindow
 .text.ili9325_DrawVLine
                0x080027b4       0x40 G:\development\repos\AvalonStudio\SampleProject\LCDSample\obj\ili9325.o
                0x080027b4                ili9325_DrawVLine
 .text.ili9325_DrawBitmap
                0x080027f4       0x58 G:\development\repos\AvalonStudio\SampleProject\LCDSample\obj\ili9325.o
                0x080027f4                ili9325_DrawBitmap
 .text.ili9325_ReadReg
                0x0800284c        0xc G:\development\repos\AvalonStudio\SampleProject\LCDSample\obj\ili9325.o
                0x0800284c                ili9325_ReadReg
 .text.ili9325_ReadID
                0x08002858       0x18 G:\development\repos\AvalonStudio\SampleProject\LCDSample\obj\ili9325.o
                0x08002858                ili9325_ReadID
 .text          0x08002870        0x0 G:\development\repos\AvalonStudio\SampleProject\LCDSample\obj\ili9341.o
 .text.ili9341_GetLcdPixelWidth
                0x08002870        0x4 G:\development\repos\AvalonStudio\SampleProject\LCDSample\obj\ili9341.o
                0x08002870                ili9341_GetLcdPixelWidth
 .text.ili9341_GetLcdPixelHeight
                0x08002874        0x8 G:\development\repos\AvalonStudio\SampleProject\LCDSample\obj\ili9341.o
                0x08002874                ili9341_GetLcdPixelHeight
 .text.ili9341_WriteReg
                0x0800287c        0x8 G:\development\repos\AvalonStudio\SampleProject\LCDSample\obj\ili9341.o
                0x0800287c                ili9341_WriteReg
 .text.ili9341_DisplayOn
                0x08002884        0xc G:\development\repos\AvalonStudio\SampleProject\LCDSample\obj\ili9341.o
                0x08002884                ili9341_DisplayOn
 .text.ili9341_DisplayOff
                0x08002890        0xc G:\development\repos\AvalonStudio\SampleProject\LCDSample\obj\ili9341.o
                0x08002890                ili9341_DisplayOff
 .text.ili9341_WriteData
                0x0800289c        0x8 G:\development\repos\AvalonStudio\SampleProject\LCDSample\obj\ili9341.o
                0x0800289c                ili9341_WriteData
 .text.ili9341_Init
                0x080028a4      0x2a8 G:\development\repos\AvalonStudio\SampleProject\LCDSample\obj\ili9341.o
                0x080028a4                ili9341_Init
 .text.ili9341_ReadData
                0x08002b4c        0x8 G:\development\repos\AvalonStudio\SampleProject\LCDSample\obj\ili9341.o
                0x08002b4c                ili9341_ReadData
 .text.ili9341_ReadID
                0x08002b54       0x1c G:\development\repos\AvalonStudio\SampleProject\LCDSample\obj\ili9341.o
                0x08002b54                ili9341_ReadID
 .text          0x08002b70        0x0 G:\development\repos\AvalonStudio\SampleProject\LCDSample\obj\stmpe811.o
 .text.stmpe811_GetInstance
                0x08002b70       0x20 G:\development\repos\AvalonStudio\SampleProject\LCDSample\obj\stmpe811.o
 .text.stmpe811_IO_WritePin
                0x08002b90       0x20 G:\development\repos\AvalonStudio\SampleProject\LCDSample\obj\stmpe811.o
                0x08002b90                stmpe811_IO_WritePin
 .text.stmpe811_Reset
                0x08002bb0       0x28 G:\development\repos\AvalonStudio\SampleProject\LCDSample\obj\stmpe811.o
                0x08002bb0                stmpe811_Reset
 .text.stmpe811_Init
                0x08002bd8       0x2c G:\development\repos\AvalonStudio\SampleProject\LCDSample\obj\stmpe811.o
                0x08002bd8                stmpe811_Init
 .text.stmpe811_ReadID
                0x08002c04       0x24 G:\development\repos\AvalonStudio\SampleProject\LCDSample\obj\stmpe811.o
                0x08002c04                stmpe811_ReadID
 .text.stmpe811_IO_ReadPin
                0x08002c28       0x14 G:\development\repos\AvalonStudio\SampleProject\LCDSample\obj\stmpe811.o
                0x08002c28                stmpe811_IO_ReadPin
 .text.stmpe811_IO_ITStatus
                0x08002c3c       0x14 G:\development\repos\AvalonStudio\SampleProject\LCDSample\obj\stmpe811.o
                0x08002c3c                stmpe811_IO_ITStatus
 .text.stmpe811_TS_DetectTouch
                0x08002c50       0x3c G:\development\repos\AvalonStudio\SampleProject\LCDSample\obj\stmpe811.o
                0x08002c50                stmpe811_TS_DetectTouch
 .text.stmpe811_TS_GetXY
                0x08002c8c       0x54 G:\development\repos\AvalonStudio\SampleProject\LCDSample\obj\stmpe811.o
                0x08002c8c                stmpe811_TS_GetXY
 .text.stmpe811_EnableGlobalIT
                0x08002ce0       0x1c G:\development\repos\AvalonStudio\SampleProject\LCDSample\obj\stmpe811.o
                0x08002ce0                stmpe811_EnableGlobalIT
 .text.stmpe811_DisableGlobalIT
                0x08002cfc       0x1c G:\development\repos\AvalonStudio\SampleProject\LCDSample\obj\stmpe811.o
                0x08002cfc                stmpe811_DisableGlobalIT
 .text.stmpe811_EnableITSource
                0x08002d18       0x20 G:\development\repos\AvalonStudio\SampleProject\LCDSample\obj\stmpe811.o
                0x08002d18                stmpe811_EnableITSource
 .text.stmpe811_IO_EnableIT
                0x08002d38       0x18 G:\development\repos\AvalonStudio\SampleProject\LCDSample\obj\stmpe811.o
                0x08002d38                stmpe811_IO_EnableIT
 .text.stmpe811_TS_EnableIT
                0x08002d50       0x18 G:\development\repos\AvalonStudio\SampleProject\LCDSample\obj\stmpe811.o
                0x08002d50                stmpe811_TS_EnableIT
 .text.stmpe811_DisableITSource
                0x08002d68       0x20 G:\development\repos\AvalonStudio\SampleProject\LCDSample\obj\stmpe811.o
                0x08002d68                stmpe811_DisableITSource
 .text.stmpe811_IO_DisableIT
                0x08002d88       0x14 G:\development\repos\AvalonStudio\SampleProject\LCDSample\obj\stmpe811.o
                0x08002d88                stmpe811_IO_DisableIT
 .text.stmpe811_TS_DisableIT
                0x08002d9c       0x14 G:\development\repos\AvalonStudio\SampleProject\LCDSample\obj\stmpe811.o
                0x08002d9c                stmpe811_TS_DisableIT
 .text.stmpe811_SetITPolarity
                0x08002db0       0x20 G:\development\repos\AvalonStudio\SampleProject\LCDSample\obj\stmpe811.o
                0x08002db0                stmpe811_SetITPolarity
 .text.stmpe811_SetITType
                0x08002dd0       0x20 G:\development\repos\AvalonStudio\SampleProject\LCDSample\obj\stmpe811.o
                0x08002dd0                stmpe811_SetITType
 .text.stmpe811_GlobalITStatus
                0x08002df0       0x18 G:\development\repos\AvalonStudio\SampleProject\LCDSample\obj\stmpe811.o
                0x08002df0                stmpe811_GlobalITStatus
 .text.stmpe811_ReadGITStatus
                0x08002e08       0x10 G:\development\repos\AvalonStudio\SampleProject\LCDSample\obj\stmpe811.o
                0x08002e08                stmpe811_ReadGITStatus
 .text.stmpe811_TS_ITStatus
                0x08002e18        0xc G:\development\repos\AvalonStudio\SampleProject\LCDSample\obj\stmpe811.o
                0x08002e18                stmpe811_TS_ITStatus
 .text.stmpe811_ClearGlobalIT
                0x08002e24       0x10 G:\development\repos\AvalonStudio\SampleProject\LCDSample\obj\stmpe811.o
                0x08002e24                stmpe811_ClearGlobalIT
 .text.stmpe811_IO_ClearIT
                0x08002e34       0x3c G:\development\repos\AvalonStudio\SampleProject\LCDSample\obj\stmpe811.o
                0x08002e34                stmpe811_IO_ClearIT
 .text.stmpe811_TS_ClearIT
                0x08002e70        0xc G:\development\repos\AvalonStudio\SampleProject\LCDSample\obj\stmpe811.o
                0x08002e70                stmpe811_TS_ClearIT
 .text.stmpe811_IO_InitPin
                0x08002e7c       0x2c G:\development\repos\AvalonStudio\SampleProject\LCDSample\obj\stmpe811.o
                0x08002e7c                stmpe811_IO_InitPin
 .text.stmpe811_IO_EnableAF
                0x08002ea8       0x20 G:\development\repos\AvalonStudio\SampleProject\LCDSample\obj\stmpe811.o
                0x08002ea8                stmpe811_IO_EnableAF
 .text.stmpe811_IO_Start
                0x08002ec8       0x28 G:\development\repos\AvalonStudio\SampleProject\LCDSample\obj\stmpe811.o
                0x08002ec8                stmpe811_IO_Start
 .text.stmpe811_IO_DisableAF
                0x08002ef0       0x20 G:\development\repos\AvalonStudio\SampleProject\LCDSample\obj\stmpe811.o
                0x08002ef0                stmpe811_IO_DisableAF
 .text.stmpe811_TS_Start
                0x08002f10       0x94 G:\development\repos\AvalonStudio\SampleProject\LCDSample\obj\stmpe811.o
                0x08002f10                stmpe811_TS_Start
 .text.stmpe811_IO_SetEdgeMode
                0x08002fa4       0x50 G:\development\repos\AvalonStudio\SampleProject\LCDSample\obj\stmpe811.o
                0x08002fa4                stmpe811_IO_SetEdgeMode
 .text.stmpe811_IO_EnablePinIT
                0x08002ff4       0x20 G:\development\repos\AvalonStudio\SampleProject\LCDSample\obj\stmpe811.o
                0x08002ff4                stmpe811_IO_EnablePinIT
 .text.stmpe811_IO_Config
                0x08003014       0xc8 G:\development\repos\AvalonStudio\SampleProject\LCDSample\obj\stmpe811.o
                0x08003014                stmpe811_IO_Config
 .text.stmpe811_IO_DisablePinIT
                0x080030dc       0x20 G:\development\repos\AvalonStudio\SampleProject\LCDSample\obj\stmpe811.o
                0x080030dc                stmpe811_IO_DisablePinIT
 .text          0x080030fc        0x0 G:\development\repos\AvalonStudio\SampleProject\LCDSample\obj\system_stm32f4xx.o
 .text.SystemInit_ExtMemCtl
                0x080030fc       0xcc G:\development\repos\AvalonStudio\SampleProject\LCDSample\obj\system_stm32f4xx.o
 .text.SystemInit
                0x080031c8       0x50 G:\development\repos\AvalonStudio\SampleProject\LCDSample\obj\system_stm32f4xx.o
                0x080031c8                SystemInit
 .text.SystemCoreClockUpdate
                0x08003218       0xa4 G:\development\repos\AvalonStudio\SampleProject\LCDSample\obj\system_stm32f4xx.o
                0x08003218                SystemCoreClockUpdate
 .text          0x080032bc        0x0 G:\development\repos\AvalonStudio\SampleProject\LCDSample\obj\_initialize_hardware.o
 .text.__initialize_hardware
                0x080032bc       0x1c G:\development\repos\AvalonStudio\SampleProject\LCDSample\obj\_initialize_hardware.o
                0x080032bc                __initialize_hardware
 .text          0x080032d8        0x0 G:\development\repos\AvalonStudio\SampleProject\LCDSample\obj\_reset_hardware.o
 .text.__reset_hardware
                0x080032d8       0x20 G:\development\repos\AvalonStudio\SampleProject\LCDSample\obj\_reset_hardware.o
                0x080032d8                __reset_hardware
 .text          0x080032f8        0x0 G:\development\repos\AvalonStudio\SampleProject\LCDSample\obj\stm32f4xx_hal.o
 .text.HAL_MspInit
                0x080032f8        0x4 G:\development\repos\AvalonStudio\SampleProject\LCDSample\obj\stm32f4xx_hal.o
 .text.HAL_MspDeInit
                0x080032fc        0x4 G:\development\repos\AvalonStudio\SampleProject\LCDSample\obj\stm32f4xx_hal.o
 .text.HAL_DeInit
                0x08003300       0x2c G:\development\repos\AvalonStudio\SampleProject\LCDSample\obj\stm32f4xx_hal.o
                0x08003300                HAL_DeInit
 .text.HAL_InitTick
                0x0800332c       0x28 G:\development\repos\AvalonStudio\SampleProject\LCDSample\obj\stm32f4xx_hal.o
                0x0800332c                HAL_InitTick
 .text.HAL_Init
                0x08003354       0x34 G:\development\repos\AvalonStudio\SampleProject\LCDSample\obj\stm32f4xx_hal.o
                0x08003354                HAL_Init
 .text.HAL_IncTick
                0x08003388       0x10 G:\development\repos\AvalonStudio\SampleProject\LCDSample\obj\stm32f4xx_hal.o
                0x08003388                HAL_IncTick
 .text.HAL_GetTick
                0x08003398        0xc G:\development\repos\AvalonStudio\SampleProject\LCDSample\obj\stm32f4xx_hal.o
                0x08003398                HAL_GetTick
 .text.HAL_Delay
                0x080033a4       0x1c G:\development\repos\AvalonStudio\SampleProject\LCDSample\obj\stm32f4xx_hal.o
                0x080033a4                HAL_Delay
 .text.HAL_SuspendTick
                0x080033c0       0x10 G:\development\repos\AvalonStudio\SampleProject\LCDSample\obj\stm32f4xx_hal.o
                0x080033c0                HAL_SuspendTick
 .text.HAL_ResumeTick
                0x080033d0       0x10 G:\development\repos\AvalonStudio\SampleProject\LCDSample\obj\stm32f4xx_hal.o
                0x080033d0                HAL_ResumeTick
 .text.HAL_GetHalVersion
                0x080033e0        0x8 G:\development\repos\AvalonStudio\SampleProject\LCDSample\obj\stm32f4xx_hal.o
                0x080033e0                HAL_GetHalVersion
 .text.HAL_GetREVID
                0x080033e8        0xc G:\development\repos\AvalonStudio\SampleProject\LCDSample\obj\stm32f4xx_hal.o
                0x080033e8                HAL_GetREVID
 .text.HAL_GetDEVID
                0x080033f4       0x10 G:\development\repos\AvalonStudio\SampleProject\LCDSample\obj\stm32f4xx_hal.o
                0x080033f4                HAL_GetDEVID
 .text.HAL_EnableDBGSleepMode
                0x08003404       0x10 G:\development\repos\AvalonStudio\SampleProject\LCDSample\obj\stm32f4xx_hal.o
                0x08003404                HAL_EnableDBGSleepMode
 .text.HAL_DisableDBGSleepMode
                0x08003414       0x10 G:\development\repos\AvalonStudio\SampleProject\LCDSample\obj\stm32f4xx_hal.o
                0x08003414                HAL_DisableDBGSleepMode
 .text.HAL_EnableDBGStopMode
                0x08003424       0x10 G:\development\repos\AvalonStudio\SampleProject\LCDSample\obj\stm32f4xx_hal.o
                0x08003424                HAL_EnableDBGStopMode
 .text.HAL_DisableDBGStopMode
                0x08003434       0x10 G:\development\repos\AvalonStudio\SampleProject\LCDSample\obj\stm32f4xx_hal.o
                0x08003434                HAL_DisableDBGStopMode
 .text.HAL_EnableDBGStandbyMode
                0x08003444       0x10 G:\development\repos\AvalonStudio\SampleProject\LCDSample\obj\stm32f4xx_hal.o
                0x08003444                HAL_EnableDBGStandbyMode
 .text.HAL_DisableDBGStandbyMode
                0x08003454       0x10 G:\development\repos\AvalonStudio\SampleProject\LCDSample\obj\stm32f4xx_hal.o
                0x08003454                HAL_DisableDBGStandbyMode
 .text.HAL_EnableCompensationCell
                0x08003464        0xc G:\development\repos\AvalonStudio\SampleProject\LCDSample\obj\stm32f4xx_hal.o
                0x08003464                HAL_EnableCompensationCell
 .text.HAL_DisableCompensationCell
                0x08003470        0xc G:\development\repos\AvalonStudio\SampleProject\LCDSample\obj\stm32f4xx_hal.o
                0x08003470                HAL_DisableCompensationCell
 .text.HAL_EnableMemorySwappingBank
                0x0800347c        0xc G:\development\repos\AvalonStudio\SampleProject\LCDSample\obj\stm32f4xx_hal.o
                0x0800347c                HAL_EnableMemorySwappingBank
 .text.HAL_DisableMemorySwappingBank
                0x08003488        0xc G:\development\repos\AvalonStudio\SampleProject\LCDSample\obj\stm32f4xx_hal.o
                0x08003488                HAL_DisableMemorySwappingBank
 .text          0x08003494        0x0 G:\development\repos\AvalonStudio\SampleProject\LCDSample\obj\stm32f4xx_hal_adc.o
 .text.ADC_Init
                0x08003494      0x10c G:\development\repos\AvalonStudio\SampleProject\LCDSample\obj\stm32f4xx_hal_adc.o
 .text.HAL_ADC_MspInit
                0x080035a0        0x4 G:\development\repos\AvalonStudio\SampleProject\LCDSample\obj\stm32f4xx_hal_adc.o
                0x080035a0                HAL_ADC_MspInit
 .text.HAL_ADC_Init
                0x080035a4       0x34 G:\development\repos\AvalonStudio\SampleProject\LCDSample\obj\stm32f4xx_hal_adc.o
                0x080035a4                HAL_ADC_Init
 .text.HAL_ADC_MspDeInit
                0x080035d8        0x4 G:\development\repos\AvalonStudio\SampleProject\LCDSample\obj\stm32f4xx_hal_adc.o
                0x080035d8                HAL_ADC_MspDeInit
 .text.HAL_ADC_DeInit
                0x080035dc       0x20 G:\development\repos\AvalonStudio\SampleProject\LCDSample\obj\stm32f4xx_hal_adc.o
                0x080035dc                HAL_ADC_DeInit
 .text.HAL_ADC_Start
                0x080035fc       0x8c G:\development\repos\AvalonStudio\SampleProject\LCDSample\obj\stm32f4xx_hal_adc.o
                0x080035fc                HAL_ADC_Start
 .text.HAL_ADC_Stop
                0x08003688       0x14 G:\development\repos\AvalonStudio\SampleProject\LCDSample\obj\stm32f4xx_hal_adc.o
                0x08003688                HAL_ADC_Stop
 .text.HAL_ADC_PollForConversion
                0x0800369c       0x58 G:\development\repos\AvalonStudio\SampleProject\LCDSample\obj\stm32f4xx_hal_adc.o
                0x0800369c                HAL_ADC_PollForConversion
 .text.HAL_ADC_PollForEvent
                0x080036f4       0x60 G:\development\repos\AvalonStudio\SampleProject\LCDSample\obj\stm32f4xx_hal_adc.o
                0x080036f4                HAL_ADC_PollForEvent
 .text.HAL_ADC_Start_IT
                0x08003754       0xa4 G:\development\repos\AvalonStudio\SampleProject\LCDSample\obj\stm32f4xx_hal_adc.o
                0x08003754                HAL_ADC_Start_IT
 .text.HAL_ADC_Stop_IT
                0x080037f8       0x28 G:\development\repos\AvalonStudio\SampleProject\LCDSample\obj\stm32f4xx_hal_adc.o
                0x080037f8                HAL_ADC_Stop_IT
 .text.HAL_ADC_Start_DMA
                0x08003820       0x94 G:\development\repos\AvalonStudio\SampleProject\LCDSample\obj\stm32f4xx_hal_adc.o
                0x08003820                HAL_ADC_Start_DMA
 .text.HAL_ADC_Stop_DMA
                0x080038b4       0x34 G:\development\repos\AvalonStudio\SampleProject\LCDSample\obj\stm32f4xx_hal_adc.o
                0x080038b4                HAL_ADC_Stop_DMA
 .text.HAL_ADC_GetValue
                0x080038e8        0x8 G:\development\repos\AvalonStudio\SampleProject\LCDSample\obj\stm32f4xx_hal_adc.o
                0x080038e8                HAL_ADC_GetValue
 .text.HAL_ADC_ConvCpltCallback
                0x080038f0        0x4 G:\development\repos\AvalonStudio\SampleProject\LCDSample\obj\stm32f4xx_hal_adc.o
                0x080038f0                HAL_ADC_ConvCpltCallback
 .text.ADC_DMAConvCplt
                0x080038f4       0x24 G:\development\repos\AvalonStudio\SampleProject\LCDSample\obj\stm32f4xx_hal_adc.o
 .text.HAL_ADC_ConvHalfCpltCallback
                0x08003918        0x4 G:\development\repos\AvalonStudio\SampleProject\LCDSample\obj\stm32f4xx_hal_adc.o
                0x08003918                HAL_ADC_ConvHalfCpltCallback
 .text.ADC_DMAHalfConvCplt
                0x0800391c        0xc G:\development\repos\AvalonStudio\SampleProject\LCDSample\obj\stm32f4xx_hal_adc.o
 .text.HAL_ADC_LevelOutOfWindowCallback
                0x08003928        0x4 G:\development\repos\AvalonStudio\SampleProject\LCDSample\obj\stm32f4xx_hal_adc.o
                0x08003928                HAL_ADC_LevelOutOfWindowCallback
 .text.HAL_ADC_ErrorCallback
                0x0800392c        0x4 G:\development\repos\AvalonStudio\SampleProject\LCDSample\obj\stm32f4xx_hal_adc.o
                0x0800392c                HAL_ADC_ErrorCallback
 .text.HAL_ADC_IRQHandler
                0x08003930      0x128 G:\development\repos\AvalonStudio\SampleProject\LCDSample\obj\stm32f4xx_hal_adc.o
                0x08003930                HAL_ADC_IRQHandler
 .text.ADC_DMAError
                0x08003a58       0x18 G:\development\repos\AvalonStudio\SampleProject\LCDSample\obj\stm32f4xx_hal_adc.o
 .text.HAL_ADC_ConfigChannel
                0x08003a70      0x144 G:\development\repos\AvalonStudio\SampleProject\LCDSample\obj\stm32f4xx_hal_adc.o
                0x08003a70                HAL_ADC_ConfigChannel
 .text.HAL_ADC_AnalogWDGConfig
                0x08003bb4       0x78 G:\development\repos\AvalonStudio\SampleProject\LCDSample\obj\stm32f4xx_hal_adc.o
                0x08003bb4                HAL_ADC_AnalogWDGConfig
 .text.HAL_ADC_GetState
                0x08003c2c        0x8 G:\development\repos\AvalonStudio\SampleProject\LCDSample\obj\stm32f4xx_hal_adc.o
                0x08003c2c                HAL_ADC_GetState
 .text.HAL_ADC_GetError
                0x08003c34        0x4 G:\development\repos\AvalonStudio\SampleProject\LCDSample\obj\stm32f4xx_hal_adc.o
                0x08003c34                HAL_ADC_GetError
 .text          0x08003c38        0x0 G:\development\repos\AvalonStudio\SampleProject\LCDSample\obj\stm32f4xx_hal_adc_ex.o
 .text.ADC_MultiModeDMAError
                0x08003c38       0x18 G:\development\repos\AvalonStudio\SampleProject\LCDSample\obj\stm32f4xx_hal_adc_ex.o
 .text.ADC_MultiModeDMAHalfConvCplt
                0x08003c50        0xc G:\development\repos\AvalonStudio\SampleProject\LCDSample\obj\stm32f4xx_hal_adc_ex.o
 .text.ADC_MultiModeDMAConvCplt
                0x08003c5c       0x24 G:\development\repos\AvalonStudio\SampleProject\LCDSample\obj\stm32f4xx_hal_adc_ex.o
 .text.HAL_ADCEx_InjectedStart
                0x08003c80       0xb4 G:\development\repos\AvalonStudio\SampleProject\LCDSample\obj\stm32f4xx_hal_adc_ex.o
                0x08003c80                HAL_ADCEx_InjectedStart
 .text.HAL_ADCEx_InjectedStart_IT
                0x08003d34       0xcc G:\development\repos\AvalonStudio\SampleProject\LCDSample\obj\stm32f4xx_hal_adc_ex.o
                0x08003d34                HAL_ADCEx_InjectedStart_IT
 .text.HAL_ADCEx_InjectedStop
                0x08003e00       0x14 G:\development\repos\AvalonStudio\SampleProject\LCDSample\obj\stm32f4xx_hal_adc_ex.o
                0x08003e00                HAL_ADCEx_InjectedStop
 .text.HAL_ADCEx_InjectedPollForConversion
                0x08003e14       0x58 G:\development\repos\AvalonStudio\SampleProject\LCDSample\obj\stm32f4xx_hal_adc_ex.o
                0x08003e14                HAL_ADCEx_InjectedPollForConversion
 .text.HAL_ADCEx_InjectedStop_IT
                0x08003e6c       0x28 G:\development\repos\AvalonStudio\SampleProject\LCDSample\obj\stm32f4xx_hal_adc_ex.o
                0x08003e6c                HAL_ADCEx_InjectedStop_IT
 .text.HAL_ADCEx_InjectedGetValue
                0x08003e94       0x40 G:\development\repos\AvalonStudio\SampleProject\LCDSample\obj\stm32f4xx_hal_adc_ex.o
                0x08003e94                HAL_ADCEx_InjectedGetValue
 .text.HAL_ADCEx_MultiModeStart_DMA
                0x08003ed4       0xac G:\development\repos\AvalonStudio\SampleProject\LCDSample\obj\stm32f4xx_hal_adc_ex.o
                0x08003ed4                HAL_ADCEx_MultiModeStart_DMA
 .text.HAL_ADCEx_MultiModeStop_DMA
                0x08003f80       0x4c G:\development\repos\AvalonStudio\SampleProject\LCDSample\obj\stm32f4xx_hal_adc_ex.o
                0x08003f80                HAL_ADCEx_MultiModeStop_DMA
 .text.HAL_ADCEx_MultiModeGetValue
                0x08003fcc        0xc G:\development\repos\AvalonStudio\SampleProject\LCDSample\obj\stm32f4xx_hal_adc_ex.o
                0x08003fcc                HAL_ADCEx_MultiModeGetValue
 .text.HAL_ADCEx_InjectedConvCpltCallback
                0x08003fd8        0x4 G:\development\repos\AvalonStudio\SampleProject\LCDSample\obj\stm32f4xx_hal_adc_ex.o
                0x08003fd8                HAL_ADCEx_InjectedConvCpltCallback
 .text.HAL_ADCEx_InjectedConfigChannel
                0x08003fdc      0x1d8 G:\development\repos\AvalonStudio\SampleProject\LCDSample\obj\stm32f4xx_hal_adc_ex.o
                0x08003fdc                HAL_ADCEx_InjectedConfigChannel
 .text.HAL_ADCEx_MultiModeConfigChannel
                0x080041b4       0x5c G:\development\repos\AvalonStudio\SampleProject\LCDSample\obj\stm32f4xx_hal_adc_ex.o
                0x080041b4                HAL_ADCEx_MultiModeConfigChannel
 .text          0x08004210        0x0 G:\development\repos\AvalonStudio\SampleProject\LCDSample\obj\stm32f4xx_hal_can.o
 .text.HAL_CAN_ConfigFilter
                0x08004210      0x10c G:\development\repos\AvalonStudio\SampleProject\LCDSample\obj\stm32f4xx_hal_can.o
                0x08004210                HAL_CAN_ConfigFilter
 .text.HAL_CAN_MspInit
                0x0800431c        0x4 G:\development\repos\AvalonStudio\SampleProject\LCDSample\obj\stm32f4xx_hal_can.o
                0x0800431c                HAL_CAN_MspInit
 .text.HAL_CAN_Init
                0x08004320      0x184 G:\development\repos\AvalonStudio\SampleProject\LCDSample\obj\stm32f4xx_hal_can.o
                0x08004320                HAL_CAN_Init
 .text.HAL_CAN_MspDeInit
                0x080044a4        0x4 G:\development\repos\AvalonStudio\SampleProject\LCDSample\obj\stm32f4xx_hal_can.o
                0x080044a4                HAL_CAN_MspDeInit
 .text.HAL_CAN_DeInit
                0x080044a8       0x20 G:\development\repos\AvalonStudio\SampleProject\LCDSample\obj\stm32f4xx_hal_can.o
                0x080044a8                HAL_CAN_DeInit
 .text.HAL_CAN_Transmit
                0x080044c8      0x1bc G:\development\repos\AvalonStudio\SampleProject\LCDSample\obj\stm32f4xx_hal_can.o
                0x080044c8                HAL_CAN_Transmit
 .text.HAL_CAN_Transmit_IT
                0x08004684      0x17c G:\development\repos\AvalonStudio\SampleProject\LCDSample\obj\stm32f4xx_hal_can.o
                0x08004684                HAL_CAN_Transmit_IT
 .text.HAL_CAN_Receive
                0x08004800      0x1a4 G:\development\repos\AvalonStudio\SampleProject\LCDSample\obj\stm32f4xx_hal_can.o
                0x08004800                HAL_CAN_Receive
 .text.HAL_CAN_Receive_IT
                0x080049a4       0x9c G:\development\repos\AvalonStudio\SampleProject\LCDSample\obj\stm32f4xx_hal_can.o
                0x080049a4                HAL_CAN_Receive_IT
 .text.HAL_CAN_Sleep
                0x08004a40       0x74 G:\development\repos\AvalonStudio\SampleProject\LCDSample\obj\stm32f4xx_hal_can.o
                0x08004a40                HAL_CAN_Sleep
 .text.HAL_CAN_WakeUp
                0x08004ab4       0x6c G:\development\repos\AvalonStudio\SampleProject\LCDSample\obj\stm32f4xx_hal_can.o
                0x08004ab4                HAL_CAN_WakeUp
 .text.HAL_CAN_TxCpltCallback
                0x08004b20        0x4 G:\development\repos\AvalonStudio\SampleProject\LCDSample\obj\stm32f4xx_hal_can.o
                0x08004b20                HAL_CAN_TxCpltCallback
 .text.CAN_Transmit_IT
                0x08004b24       0x68 G:\development\repos\AvalonStudio\SampleProject\LCDSample\obj\stm32f4xx_hal_can.o
 .text.HAL_CAN_RxCpltCallback
                0x08004b8c        0x4 G:\development\repos\AvalonStudio\SampleProject\LCDSample\obj\stm32f4xx_hal_can.o
                0x08004b8c                HAL_CAN_RxCpltCallback
 .text.CAN_Receive_IT
                0x08004b90      0x170 G:\development\repos\AvalonStudio\SampleProject\LCDSample\obj\stm32f4xx_hal_can.o
 .text.HAL_CAN_ErrorCallback
                0x08004d00        0x4 G:\development\repos\AvalonStudio\SampleProject\LCDSample\obj\stm32f4xx_hal_can.o
                0x08004d00                HAL_CAN_ErrorCallback
 .text.HAL_CAN_IRQHandler
                0x08004d04      0x18c G:\development\repos\AvalonStudio\SampleProject\LCDSample\obj\stm32f4xx_hal_can.o
                0x08004d04                HAL_CAN_IRQHandler
 .text.HAL_CAN_GetState
                0x08004e90        0x8 G:\development\repos\AvalonStudio\SampleProject\LCDSample\obj\stm32f4xx_hal_can.o
                0x08004e90                HAL_CAN_GetState
 .text.HAL_CAN_GetError
                0x08004e98        0x4 G:\development\repos\AvalonStudio\SampleProject\LCDSample\obj\stm32f4xx_hal_can.o
                0x08004e98                HAL_CAN_GetError
 .text          0x08004e9c        0x0 G:\development\repos\AvalonStudio\SampleProject\LCDSample\obj\main.o
 .text.SystemClock_Config
                0x08004e9c       0x80 G:\development\repos\AvalonStudio\SampleProject\LCDSample\obj\main.o
 .text.main     0x08004f1c       0xc4 G:\development\repos\AvalonStudio\SampleProject\LCDSample\obj\main.o
                0x08004f1c                main
 .text          0x08004fe0        0x0 G:\development\repos\AvalonStudio\SampleProject\LCDSample\obj\stm32f4xx_hal_cortex.o
 .text.HAL_NVIC_SetPriorityGrouping
                0x08004fe0       0x24 G:\development\repos\AvalonStudio\SampleProject\LCDSample\obj\stm32f4xx_hal_cortex.o
                0x08004fe0                HAL_NVIC_SetPriorityGrouping
 .text.HAL_NVIC_SetPriority
                0x08005004       0x64 G:\development\repos\AvalonStudio\SampleProject\LCDSample\obj\stm32f4xx_hal_cortex.o
                0x08005004                HAL_NVIC_SetPriority
 .text.HAL_NVIC_EnableIRQ
                0x08005068       0x18 G:\development\repos\AvalonStudio\SampleProject\LCDSample\obj\stm32f4xx_hal_cortex.o
                0x08005068                HAL_NVIC_EnableIRQ
 .text.HAL_NVIC_DisableIRQ
                0x08005080       0x18 G:\development\repos\AvalonStudio\SampleProject\LCDSample\obj\stm32f4xx_hal_cortex.o
                0x08005080                HAL_NVIC_DisableIRQ
 .text.HAL_NVIC_SystemReset
                0x08005098       0x20 G:\development\repos\AvalonStudio\SampleProject\LCDSample\obj\stm32f4xx_hal_cortex.o
                0x08005098                HAL_NVIC_SystemReset
 .text.HAL_SYSTICK_Config
                0x080050b8       0x2c G:\development\repos\AvalonStudio\SampleProject\LCDSample\obj\stm32f4xx_hal_cortex.o
                0x080050b8                HAL_SYSTICK_Config
 .text.HAL_NVIC_GetPriorityGrouping
                0x080050e4       0x10 G:\development\repos\AvalonStudio\SampleProject\LCDSample\obj\stm32f4xx_hal_cortex.o
                0x080050e4                HAL_NVIC_GetPriorityGrouping
 .text.HAL_NVIC_GetPriority
                0x080050f4       0x5c G:\development\repos\AvalonStudio\SampleProject\LCDSample\obj\stm32f4xx_hal_cortex.o
                0x080050f4                HAL_NVIC_GetPriority
 .text.HAL_NVIC_SetPendingIRQ
                0x08005150       0x18 G:\development\repos\AvalonStudio\SampleProject\LCDSample\obj\stm32f4xx_hal_cortex.o
                0x08005150                HAL_NVIC_SetPendingIRQ
 .text.HAL_NVIC_GetPendingIRQ
                0x08005168       0x20 G:\development\repos\AvalonStudio\SampleProject\LCDSample\obj\stm32f4xx_hal_cortex.o
                0x08005168                HAL_NVIC_GetPendingIRQ
 .text.HAL_NVIC_ClearPendingIRQ
                0x08005188       0x18 G:\development\repos\AvalonStudio\SampleProject\LCDSample\obj\stm32f4xx_hal_cortex.o
                0x08005188                HAL_NVIC_ClearPendingIRQ
 .text.HAL_NVIC_GetActive
                0x080051a0       0x20 G:\development\repos\AvalonStudio\SampleProject\LCDSample\obj\stm32f4xx_hal_cortex.o
                0x080051a0                HAL_NVIC_GetActive
 .text.HAL_SYSTICK_CLKSourceConfig
                0x080051c0       0x20 G:\development\repos\AvalonStudio\SampleProject\LCDSample\obj\stm32f4xx_hal_cortex.o
                0x080051c0                HAL_SYSTICK_CLKSourceConfig
 .text.HAL_SYSTICK_Callback
                0x080051e0        0x4 G:\development\repos\AvalonStudio\SampleProject\LCDSample\obj\stm32f4xx_hal_cortex.o
                0x080051e0                HAL_SYSTICK_Callback
 .text.HAL_SYSTICK_IRQHandler
                0x080051e4        0x8 G:\development\repos\AvalonStudio\SampleProject\LCDSample\obj\stm32f4xx_hal_cortex.o
                0x080051e4                HAL_SYSTICK_IRQHandler
 .text          0x080051ec        0x0 G:\development\repos\AvalonStudio\SampleProject\LCDSample\obj\stm32f4xx_hal_crc.o
 .text.HAL_CRC_MspInit
                0x080051ec        0x4 G:\development\repos\AvalonStudio\SampleProject\LCDSample\obj\stm32f4xx_hal_crc.o
                0x080051ec                HAL_CRC_MspInit
 .text.HAL_CRC_Init
                0x080051f0       0x24 G:\development\repos\AvalonStudio\SampleProject\LCDSample\obj\stm32f4xx_hal_crc.o
                0x080051f0                HAL_CRC_Init
 .text.HAL_CRC_MspDeInit
                0x08005214        0x4 G:\development\repos\AvalonStudio\SampleProject\LCDSample\obj\stm32f4xx_hal_crc.o
                0x08005214                HAL_CRC_MspDeInit
 .text.HAL_CRC_DeInit
                0x08005218       0x1c G:\development\repos\AvalonStudio\SampleProject\LCDSample\obj\stm32f4xx_hal_crc.o
                0x08005218                HAL_CRC_DeInit
 .text.HAL_CRC_Accumulate
                0x08005234       0x38 G:\development\repos\AvalonStudio\SampleProject\LCDSample\obj\stm32f4xx_hal_crc.o
                0x08005234                HAL_CRC_Accumulate
 .text.HAL_CRC_Calculate
                0x0800526c       0x44 G:\development\repos\AvalonStudio\SampleProject\LCDSample\obj\stm32f4xx_hal_crc.o
                0x0800526c                HAL_CRC_Calculate
 .text.HAL_CRC_GetState
                0x080052b0        0x4 G:\development\repos\AvalonStudio\SampleProject\LCDSample\obj\stm32f4xx_hal_crc.o
                0x080052b0                HAL_CRC_GetState
 .text          0x080052b4        0x0 G:\development\repos\AvalonStudio\SampleProject\LCDSample\obj\stm32f4xx_hal_cryp.o
 .text          0x080052b4        0x0 G:\development\repos\AvalonStudio\SampleProject\LCDSample\obj\stm32f4xx_hal_cryp_ex.o
 .text          0x080052b4        0x0 G:\development\repos\AvalonStudio\SampleProject\LCDSample\obj\stm32f4xx_hal_dac.o
 .text.HAL_DAC_MspInit
                0x080052b4        0x4 G:\development\repos\AvalonStudio\SampleProject\LCDSample\obj\stm32f4xx_hal_dac.o
                0x080052b4                HAL_DAC_MspInit
 .text.HAL_DAC_Init
                0x080052b8       0x24 G:\development\repos\AvalonStudio\SampleProject\LCDSample\obj\stm32f4xx_hal_dac.o
                0x080052b8                HAL_DAC_Init
 .text.HAL_DAC_MspDeInit
                0x080052dc        0x4 G:\development\repos\AvalonStudio\SampleProject\LCDSample\obj\stm32f4xx_hal_dac.o
                0x080052dc                HAL_DAC_MspDeInit
 .text.HAL_DAC_DeInit
                0x080052e0       0x1c G:\development\repos\AvalonStudio\SampleProject\LCDSample\obj\stm32f4xx_hal_dac.o
                0x080052e0                HAL_DAC_DeInit
 .text.HAL_DAC_Start
                0x080052fc       0x70 G:\development\repos\AvalonStudio\SampleProject\LCDSample\obj\stm32f4xx_hal_dac.o
                0x080052fc                HAL_DAC_Start
 .text.HAL_DAC_Stop
                0x0800536c       0x1c G:\development\repos\AvalonStudio\SampleProject\LCDSample\obj\stm32f4xx_hal_dac.o
                0x0800536c                HAL_DAC_Stop
 .text.HAL_DAC_Start_DMA
                0x08005388       0xec G:\development\repos\AvalonStudio\SampleProject\LCDSample\obj\stm32f4xx_hal_dac.o
                0x08005388                HAL_DAC_Start_DMA
 .text.HAL_DAC_Stop_DMA
                0x08005474       0x44 G:\development\repos\AvalonStudio\SampleProject\LCDSample\obj\stm32f4xx_hal_dac.o
                0x08005474                HAL_DAC_Stop_DMA
 .text.HAL_DAC_GetValue
                0x080054b8       0x10 G:\development\repos\AvalonStudio\SampleProject\LCDSample\obj\stm32f4xx_hal_dac.o
                0x080054b8                HAL_DAC_GetValue
 .text.HAL_DAC_ConvCpltCallbackCh1
                0x080054c8        0x4 G:\development\repos\AvalonStudio\SampleProject\LCDSample\obj\stm32f4xx_hal_dac.o
                0x080054c8                HAL_DAC_ConvCpltCallbackCh1
 .text.DAC_DMAConvCpltCh1
                0x080054cc       0x10 G:\development\repos\AvalonStudio\SampleProject\LCDSample\obj\stm32f4xx_hal_dac.o
 .text.HAL_DAC_ConvHalfCpltCallbackCh1
                0x080054dc        0x4 G:\development\repos\AvalonStudio\SampleProject\LCDSample\obj\stm32f4xx_hal_dac.o
                0x080054dc                HAL_DAC_ConvHalfCpltCallbackCh1
 .text.DAC_DMAHalfConvCpltCh1
                0x080054e0        0xc G:\development\repos\AvalonStudio\SampleProject\LCDSample\obj\stm32f4xx_hal_dac.o
 .text.HAL_DAC_ErrorCallbackCh1
                0x080054ec        0x4 G:\development\repos\AvalonStudio\SampleProject\LCDSample\obj\stm32f4xx_hal_dac.o
                0x080054ec                HAL_DAC_ErrorCallbackCh1
 .text.DAC_DMAErrorCh1
                0x080054f0       0x18 G:\development\repos\AvalonStudio\SampleProject\LCDSample\obj\stm32f4xx_hal_dac.o
 .text.HAL_DAC_DMAUnderrunCallbackCh1
                0x08005508        0x4 G:\development\repos\AvalonStudio\SampleProject\LCDSample\obj\stm32f4xx_hal_dac.o
                0x08005508                HAL_DAC_DMAUnderrunCallbackCh1
 .text.HAL_DAC_IRQHandler
                0x0800550c       0x50 G:\development\repos\AvalonStudio\SampleProject\LCDSample\obj\stm32f4xx_hal_dac.o
                0x0800550c                HAL_DAC_IRQHandler
 .text.HAL_DAC_ConfigChannel
                0x0800555c       0x4c G:\development\repos\AvalonStudio\SampleProject\LCDSample\obj\stm32f4xx_hal_dac.o
                0x0800555c                HAL_DAC_ConfigChannel
 .text.HAL_DAC_SetValue
                0x080055a8       0x30 G:\development\repos\AvalonStudio\SampleProject\LCDSample\obj\stm32f4xx_hal_dac.o
                0x080055a8                HAL_DAC_SetValue
 .text.HAL_DAC_GetState
                0x080055d8        0x4 G:\development\repos\AvalonStudio\SampleProject\LCDSample\obj\stm32f4xx_hal_dac.o
                0x080055d8                HAL_DAC_GetState
 .text.HAL_DAC_GetError
                0x080055dc        0x4 G:\development\repos\AvalonStudio\SampleProject\LCDSample\obj\stm32f4xx_hal_dac.o
                0x080055dc                HAL_DAC_GetError
 .text          0x080055e0        0x0 G:\development\repos\AvalonStudio\SampleProject\LCDSample\obj\stm32f4xx_hal_dac_ex.o
 .text.HAL_DACEx_DualGetValue
                0x080055e0        0xc G:\development\repos\AvalonStudio\SampleProject\LCDSample\obj\stm32f4xx_hal_dac_ex.o
                0x080055e0                HAL_DACEx_DualGetValue
 .text.HAL_DACEx_TriangleWaveGenerate
                0x080055ec       0x30 G:\development\repos\AvalonStudio\SampleProject\LCDSample\obj\stm32f4xx_hal_dac_ex.o
                0x080055ec                HAL_DACEx_TriangleWaveGenerate
 .text.HAL_DACEx_NoiseWaveGenerate
                0x0800561c       0x30 G:\development\repos\AvalonStudio\SampleProject\LCDSample\obj\stm32f4xx_hal_dac_ex.o
                0x0800561c                HAL_DACEx_NoiseWaveGenerate
 .text.HAL_DACEx_DualSetValue
                0x0800564c       0x18 G:\development\repos\AvalonStudio\SampleProject\LCDSample\obj\stm32f4xx_hal_dac_ex.o
                0x0800564c                HAL_DACEx_DualSetValue
 .text.HAL_DACEx_ConvCpltCallbackCh2
                0x08005664        0x4 G:\development\repos\AvalonStudio\SampleProject\LCDSample\obj\stm32f4xx_hal_dac_ex.o
                0x08005664                HAL_DACEx_ConvCpltCallbackCh2
 .text.HAL_DACEx_ConvHalfCpltCallbackCh2
                0x08005668        0x4 G:\development\repos\AvalonStudio\SampleProject\LCDSample\obj\stm32f4xx_hal_dac_ex.o
                0x08005668                HAL_DACEx_ConvHalfCpltCallbackCh2
 .text.HAL_DACEx_ErrorCallbackCh2
                0x0800566c        0x4 G:\development\repos\AvalonStudio\SampleProject\LCDSample\obj\stm32f4xx_hal_dac_ex.o
                0x0800566c                HAL_DACEx_ErrorCallbackCh2
 .text.HAL_DACEx_DMAUnderrunCallbackCh2
                0x08005670        0x4 G:\development\repos\AvalonStudio\SampleProject\LCDSample\obj\stm32f4xx_hal_dac_ex.o
                0x08005670                HAL_DACEx_DMAUnderrunCallbackCh2
 .text.DAC_DMAConvCpltCh2
                0x08005674       0x10 G:\development\repos\AvalonStudio\SampleProject\LCDSample\obj\stm32f4xx_hal_dac_ex.o
                0x08005674                DAC_DMAConvCpltCh2
 .text.DAC_DMAHalfConvCpltCh2
                0x08005684        0xc G:\development\repos\AvalonStudio\SampleProject\LCDSample\obj\stm32f4xx_hal_dac_ex.o
                0x08005684                DAC_DMAHalfConvCpltCh2
 .text.DAC_DMAErrorCh2
                0x08005690       0x18 G:\development\repos\AvalonStudio\SampleProject\LCDSample\obj\stm32f4xx_hal_dac_ex.o
                0x08005690                DAC_DMAErrorCh2
 .text          0x080056a8        0x0 G:\development\repos\AvalonStudio\SampleProject\LCDSample\obj\stm32f4xx_hal_dcmi.o
 .text.HAL_DCMI_MspInit
                0x080056a8        0x4 G:\development\repos\AvalonStudio\SampleProject\LCDSample\obj\stm32f4xx_hal_dcmi.o
                0x080056a8                HAL_DCMI_MspInit
 .text.HAL_DCMI_Init
                0x080056ac       0xbc G:\development\repos\AvalonStudio\SampleProject\LCDSample\obj\stm32f4xx_hal_dcmi.o
                0x080056ac                HAL_DCMI_Init
 .text.HAL_DCMI_MspDeInit
                0x08005768        0x4 G:\development\repos\AvalonStudio\SampleProject\LCDSample\obj\stm32f4xx_hal_dcmi.o
                0x08005768                HAL_DCMI_MspDeInit
 .text.HAL_DCMI_DeInit
                0x0800576c       0x18 G:\development\repos\AvalonStudio\SampleProject\LCDSample\obj\stm32f4xx_hal_dcmi.o
                0x0800576c                HAL_DCMI_DeInit
 .text.HAL_DCMI_Start_DMA
                0x08005784       0xb0 G:\development\repos\AvalonStudio\SampleProject\LCDSample\obj\stm32f4xx_hal_dcmi.o
                0x08005784                HAL_DCMI_Start_DMA
 .text.HAL_DCMI_Stop
                0x08005834       0x70 G:\development\repos\AvalonStudio\SampleProject\LCDSample\obj\stm32f4xx_hal_dcmi.o
                0x08005834                HAL_DCMI_Stop
 .text.HAL_DCMI_ErrorCallback
                0x080058a4        0x4 G:\development\repos\AvalonStudio\SampleProject\LCDSample\obj\stm32f4xx_hal_dcmi.o
                0x080058a4                HAL_DCMI_ErrorCallback
 .text.DCMI_DMAError
                0x080058a8       0x10 G:\development\repos\AvalonStudio\SampleProject\LCDSample\obj\stm32f4xx_hal_dcmi.o
 .text.HAL_DCMI_LineEventCallback
                0x080058b8        0x4 G:\development\repos\AvalonStudio\SampleProject\LCDSample\obj\stm32f4xx_hal_dcmi.o
                0x080058b8                HAL_DCMI_LineEventCallback
 .text.HAL_DCMI_VsyncEventCallback
                0x080058bc        0x4 G:\development\repos\AvalonStudio\SampleProject\LCDSample\obj\stm32f4xx_hal_dcmi.o
                0x080058bc                HAL_DCMI_VsyncEventCallback
 .text.HAL_DCMI_FrameEventCallback
                0x080058c0        0x4 G:\development\repos\AvalonStudio\SampleProject\LCDSample\obj\stm32f4xx_hal_dcmi.o
                0x080058c0                HAL_DCMI_FrameEventCallback
 .text.DCMI_DMAConvCplt
                0x080058c4       0x98 G:\development\repos\AvalonStudio\SampleProject\LCDSample\obj\stm32f4xx_hal_dcmi.o
 .text.HAL_DCMI_IRQHandler
                0x0800595c      0x100 G:\development\repos\AvalonStudio\SampleProject\LCDSample\obj\stm32f4xx_hal_dcmi.o
                0x0800595c                HAL_DCMI_IRQHandler
 .text.HAL_DCMI_ConfigCROP
                0x08005a5c       0x3c G:\development\repos\AvalonStudio\SampleProject\LCDSample\obj\stm32f4xx_hal_dcmi.o
                0x08005a5c                HAL_DCMI_ConfigCROP
 .text.HAL_DCMI_DisableCROP
                0x08005a98       0x34 G:\development\repos\AvalonStudio\SampleProject\LCDSample\obj\stm32f4xx_hal_dcmi.o
                0x08005a98                HAL_DCMI_DisableCROP
 .text.HAL_DCMI_EnableCROP
                0x08005acc       0x34 G:\development\repos\AvalonStudio\SampleProject\LCDSample\obj\stm32f4xx_hal_dcmi.o
                0x08005acc                HAL_DCMI_EnableCROP
 .text.HAL_DCMI_GetState
                0x08005b00        0x8 G:\development\repos\AvalonStudio\SampleProject\LCDSample\obj\stm32f4xx_hal_dcmi.o
                0x08005b00                HAL_DCMI_GetState
 .text.HAL_DCMI_GetError
                0x08005b08        0x4 G:\development\repos\AvalonStudio\SampleProject\LCDSample\obj\stm32f4xx_hal_dcmi.o
                0x08005b08                HAL_DCMI_GetError
 .text          0x08005b0c        0x0 G:\development\repos\AvalonStudio\SampleProject\LCDSample\obj\stm32f4xx_hal_dma.o
 .text.DMA_SetConfig
                0x08005b0c       0x24 G:\development\repos\AvalonStudio\SampleProject\LCDSample\obj\stm32f4xx_hal_dma.o
 .text.HAL_DMA_Init
                0x08005b30       0x78 G:\development\repos\AvalonStudio\SampleProject\LCDSample\obj\stm32f4xx_hal_dma.o
                0x08005b30                HAL_DMA_Init
 .text.HAL_DMA_DeInit
                0x08005ba8      0xe3c G:\development\repos\AvalonStudio\SampleProject\LCDSample\obj\stm32f4xx_hal_dma.o
                0x08005ba8                HAL_DMA_DeInit
 .text.HAL_DMA_Start
                0x080069e4       0x3c G:\development\repos\AvalonStudio\SampleProject\LCDSample\obj\stm32f4xx_hal_dma.o
                0x080069e4                HAL_DMA_Start
 .text.HAL_DMA_Start_IT
                0x08006a20       0x6c G:\development\repos\AvalonStudio\SampleProject\LCDSample\obj\stm32f4xx_hal_dma.o
                0x08006a20                HAL_DMA_Start_IT
 .text.HAL_DMA_Abort
                0x08006a8c       0x50 G:\development\repos\AvalonStudio\SampleProject\LCDSample\obj\stm32f4xx_hal_dma.o
                0x08006a8c                HAL_DMA_Abort
 .text.HAL_DMA_PollForTransfer
                0x08006adc     0x243c G:\development\repos\AvalonStudio\SampleProject\LCDSample\obj\stm32f4xx_hal_dma.o
                0x08006adc                HAL_DMA_PollForTransfer
 .text.HAL_DMA_IRQHandler
                0x08008f18     0x236c G:\development\repos\AvalonStudio\SampleProject\LCDSample\obj\stm32f4xx_hal_dma.o
                0x08008f18                HAL_DMA_IRQHandler
 .text.HAL_DMA_GetState
                0x0800b284        0x8 G:\development\repos\AvalonStudio\SampleProject\LCDSample\obj\stm32f4xx_hal_dma.o
                0x0800b284                HAL_DMA_GetState
 .text.HAL_DMA_GetError
                0x0800b28c        0x4 G:\development\repos\AvalonStudio\SampleProject\LCDSample\obj\stm32f4xx_hal_dma.o
                0x0800b28c                HAL_DMA_GetError
 .text          0x0800b290        0x0 G:\development\repos\AvalonStudio\SampleProject\LCDSample\obj\stm32f4xx_hal_dma_ex.o
 .text.DMA_MultiBufferSetConfig
                0x0800b290       0x24 G:\development\repos\AvalonStudio\SampleProject\LCDSample\obj\stm32f4xx_hal_dma_ex.o
 .text.HAL_DMAEx_MultiBufferStart
                0x0800b2b4       0x64 G:\development\repos\AvalonStudio\SampleProject\LCDSample\obj\stm32f4xx_hal_dma_ex.o
                0x0800b2b4                HAL_DMAEx_MultiBufferStart
 .text.HAL_DMAEx_MultiBufferStart_IT
                0x0800b318       0x94 G:\development\repos\AvalonStudio\SampleProject\LCDSample\obj\stm32f4xx_hal_dma_ex.o
                0x0800b318                HAL_DMAEx_MultiBufferStart_IT
 .text.HAL_DMAEx_ChangeMemory
                0x0800b3ac       0x10 G:\development\repos\AvalonStudio\SampleProject\LCDSample\obj\stm32f4xx_hal_dma_ex.o
                0x0800b3ac                HAL_DMAEx_ChangeMemory
 .text          0x0800b3bc        0x0 G:\development\repos\AvalonStudio\SampleProject\LCDSample\obj\stm32f4xx_hal_dma2d.o
 .text.DMA2D_SetConfig
                0x0800b3bc       0x8c G:\development\repos\AvalonStudio\SampleProject\LCDSample\obj\stm32f4xx_hal_dma2d.o
 .text.HAL_DMA2D_MspInit
                0x0800b448        0x4 G:\development\repos\AvalonStudio\SampleProject\LCDSample\obj\stm32f4xx_hal_dma2d.o
                0x0800b448                HAL_DMA2D_MspInit
 .text.HAL_DMA2D_Init
                0x0800b44c       0x58 G:\development\repos\AvalonStudio\SampleProject\LCDSample\obj\stm32f4xx_hal_dma2d.o
                0x0800b44c                HAL_DMA2D_Init
 .text.HAL_DMA2D_MspDeInit
                0x0800b4a4        0x4 G:\development\repos\AvalonStudio\SampleProject\LCDSample\obj\stm32f4xx_hal_dma2d.o
                0x0800b4a4                HAL_DMA2D_MspDeInit
 .text.HAL_DMA2D_DeInit
                0x0800b4a8       0x1c G:\development\repos\AvalonStudio\SampleProject\LCDSample\obj\stm32f4xx_hal_dma2d.o
                0x0800b4a8                HAL_DMA2D_DeInit
 .text.HAL_DMA2D_Start
                0x0800b4c4       0x44 G:\development\repos\AvalonStudio\SampleProject\LCDSample\obj\stm32f4xx_hal_dma2d.o
                0x0800b4c4                HAL_DMA2D_Start
 .text.HAL_DMA2D_Start_IT
                0x0800b508       0x60 G:\development\repos\AvalonStudio\SampleProject\LCDSample\obj\stm32f4xx_hal_dma2d.o
                0x0800b508                HAL_DMA2D_Start_IT
 .text.HAL_DMA2D_BlendingStart
                0x0800b568       0x4c G:\development\repos\AvalonStudio\SampleProject\LCDSample\obj\stm32f4xx_hal_dma2d.o
                0x0800b568                HAL_DMA2D_BlendingStart
 .text.HAL_DMA2D_BlendingStart_IT
                0x0800b5b4       0x6c G:\development\repos\AvalonStudio\SampleProject\LCDSample\obj\stm32f4xx_hal_dma2d.o
[...]
 .debug_loc     0x0000f685       0xff G:\development\repos\AvalonStudio\SampleProject\LCDSample\obj\stm32f4xx_hal_iwdg.o
 .debug_loc     0x0000f784      0xaeb G:\development\repos\AvalonStudio\SampleProject\LCDSample\obj\stm32f4xx_hal_ltdc.o
 .debug_loc     0x0001026f      0xb46 G:\development\repos\AvalonStudio\SampleProject\LCDSample\obj\stm32f4xx_hal_nand.o
 .debug_loc     0x00010db5      0x8b2 G:\development\repos\AvalonStudio\SampleProject\LCDSample\obj\stm32f4xx_hal_nor.o
 .debug_loc     0x00011667      0x79b G:\development\repos\AvalonStudio\SampleProject\LCDSample\obj\stm32f4xx_hal_pccard.o
 .debug_loc     0x00011e02      0xa80 G:\development\repos\AvalonStudio\SampleProject\LCDSample\obj\stm32f4xx_hal_pcd.o
 .debug_loc     0x00012882       0xd0 G:\development\repos\AvalonStudio\SampleProject\LCDSample\obj\stm32f4xx_hal_pcd_ex.o
 .debug_loc     0x00012952       0x85 G:\development\repos\AvalonStudio\SampleProject\LCDSample\obj\stm32f4xx_hal_pwr.o
 .debug_loc     0x000129d7      0x1a5 G:\development\repos\AvalonStudio\SampleProject\LCDSample\obj\stm32f4xx_hal_pwr_ex.o
 .debug_loc     0x00012b7c      0x8eb G:\development\repos\AvalonStudio\SampleProject\LCDSample\obj\stm32f4xx_hal_rcc.o
 .debug_loc     0x00013467      0x377 G:\development\repos\AvalonStudio\SampleProject\LCDSample\obj\stm32f4xx_hal_rcc_ex.o
 .debug_loc     0x000137de      0x1c0 G:\development\repos\AvalonStudio\SampleProject\LCDSample\obj\stm32f4xx_hal_rng.o
 .debug_loc     0x0001399e      0xbb8 G:\development\repos\AvalonStudio\SampleProject\LCDSample\obj\stm32f4xx_hal_rtc.o
 .debug_loc     0x00014556      0xe0b G:\development\repos\AvalonStudio\SampleProject\LCDSample\obj\stm32f4xx_hal_rtc_ex.o
 .debug_loc     0x00015361      0xcd3 G:\development\repos\AvalonStudio\SampleProject\LCDSample\obj\stm32f4xx_hal_sai.o
 .debug_loc     0x00016034     0x1ea4 G:\development\repos\AvalonStudio\SampleProject\LCDSample\obj\stm32f4xx_hal_sd.o
 .debug_loc     0x00017ed8      0xc1c G:\development\repos\AvalonStudio\SampleProject\LCDSample\obj\stm32f4xx_hal_sdram.o
 .debug_loc     0x00018af4      0xb10 G:\development\repos\AvalonStudio\SampleProject\LCDSample\obj\stm32f4xx_hal_smartcard.o
 .debug_loc     0x00019604     0x108c G:\development\repos\AvalonStudio\SampleProject\LCDSample\obj\stm32f4xx_hal_spi.o
 .debug_loc     0x0001a690      0x7cc G:\development\repos\AvalonStudio\SampleProject\LCDSample\obj\stm32f4xx_hal_sram.o
 .debug_loc     0x0001ae5c     0x30f8 G:\development\repos\AvalonStudio\SampleProject\LCDSample\obj\stm32f4xx_hal_tim.o
 .debug_loc     0x0001df54      0xc47 G:\development\repos\AvalonStudio\SampleProject\LCDSample\obj\stm32f4xx_hal_tim_ex.o
 .debug_loc     0x0001eb9b      0xf96 G:\development\repos\AvalonStudio\SampleProject\LCDSample\obj\stm32f4xx_hal_uart.o
 .debug_loc     0x0001fb31     0x112e G:\development\repos\AvalonStudio\SampleProject\LCDSample\obj\stm32f4xx_hal_usart.o
 .debug_loc     0x00020c5f      0x1a0 G:\development\repos\AvalonStudio\SampleProject\LCDSample\obj\stm32f4xx_hal_wwdg.o
 .debug_loc     0x00020dff      0x7ac G:\development\repos\AvalonStudio\SampleProject\LCDSample\obj\stm32f4xx_ll_fmc.o
 .debug_loc     0x000215ab      0x229 G:\development\repos\AvalonStudio\SampleProject\LCDSample\obj\stm32f4xx_ll_sdmmc.o
 .debug_loc     0x000217d4     0x1277 G:\development\repos\AvalonStudio\SampleProject\LCDSample\obj\stm32f4xx_ll_usb.o
 .debug_loc     0x00022a4b       0xae G:\development\repos\AvalonStudio\SampleProject\LCDSample\obj\libArmSystem.a(startup.o)

.debug_ranges   0x00000000     0x2b10
 .debug_ranges  0x00000000       0x50 G:\development\repos\AvalonStudio\SampleProject\LCDSample\obj\lcd_log.o
 .debug_ranges  0x00000050      0x128 G:\development\repos\AvalonStudio\SampleProject\LCDSample\obj\stm32f429i_discovery.o
 .debug_ranges  0x00000178       0x40 G:\development\repos\AvalonStudio\SampleProject\LCDSample\obj\stm32f429i_discovery_io.o
 .debug_ranges  0x000001b8      0x170 G:\development\repos\AvalonStudio\SampleProject\LCDSample\obj\stm32f429i_discovery_lcd.o
 .debug_ranges  0x00000328       0x50 G:\development\repos\AvalonStudio\SampleProject\LCDSample\obj\stm32f429i_discovery_sdram.o
 .debug_ranges  0x00000378       0x30 G:\development\repos\AvalonStudio\SampleProject\LCDSample\obj\stm32f429i_discovery_ts.o
 .debug_ranges  0x000003a8       0x50 G:\development\repos\AvalonStudio\SampleProject\LCDSample\obj\stm32f4xx_it.o
 .debug_ranges  0x000003f8       0x88 G:\development\repos\AvalonStudio\SampleProject\LCDSample\obj\ili9325.o
 .debug_ranges  0x00000480       0x50 G:\development\repos\AvalonStudio\SampleProject\LCDSample\obj\ili9341.o
 .debug_ranges  0x000004d0      0x118 G:\development\repos\AvalonStudio\SampleProject\LCDSample\obj\stmpe811.o
 .debug_ranges  0x000005e8       0x20 G:\development\repos\AvalonStudio\SampleProject\LCDSample\obj\system_stm32f4xx.o
 .debug_ranges  0x00000608       0x10 G:\development\repos\AvalonStudio\SampleProject\LCDSample\obj\_initialize_hardware.o
 .debug_ranges  0x00000618       0x10 G:\development\repos\AvalonStudio\SampleProject\LCDSample\obj\_reset_hardware.o
 .debug_ranges  0x00000628       0xc0 G:\development\repos\AvalonStudio\SampleProject\LCDSample\obj\stm32f4xx_hal.o
 .debug_ranges  0x000006e8       0xd8 G:\development\repos\AvalonStudio\SampleProject\LCDSample\obj\stm32f4xx_hal_adc.o
 .debug_ranges  0x000007c0       0x80 G:\development\repos\AvalonStudio\SampleProject\LCDSample\obj\stm32f4xx_hal_adc_ex.o
 .debug_ranges  0x00000840       0xa0 G:\development\repos\AvalonStudio\SampleProject\LCDSample\obj\stm32f4xx_hal_can.o
 .debug_ranges  0x000008e0       0x18 G:\development\repos\AvalonStudio\SampleProject\LCDSample\obj\main.o
 .debug_ranges  0x000008f8       0x80 G:\development\repos\AvalonStudio\SampleProject\LCDSample\obj\stm32f4xx_hal_cortex.o
 .debug_ranges  0x00000978       0x40 G:\development\repos\AvalonStudio\SampleProject\LCDSample\obj\stm32f4xx_hal_crc.o
 .debug_ranges  0x000009b8       0xb0 G:\development\repos\AvalonStudio\SampleProject\LCDSample\obj\stm32f4xx_hal_dac.o
 .debug_ranges  0x00000a68       0x60 G:\development\repos\AvalonStudio\SampleProject\LCDSample\obj\stm32f4xx_hal_dac_ex.o
 .debug_ranges  0x00000ac8       0x98 G:\development\repos\AvalonStudio\SampleProject\LCDSample\obj\stm32f4xx_hal_dcmi.o
 .debug_ranges  0x00000b60       0x58 G:\development\repos\AvalonStudio\SampleProject\LCDSample\obj\stm32f4xx_hal_dma.o
 .debug_ranges  0x00000bb8       0x28 G:\development\repos\AvalonStudio\SampleProject\LCDSample\obj\stm32f4xx_hal_dma_ex.o
 .debug_ranges  0x00000be0       0xb0 G:\development\repos\AvalonStudio\SampleProject\LCDSample\obj\stm32f4xx_hal_dma2d.o
 .debug_ranges  0x00000c90      0x100 G:\development\repos\AvalonStudio\SampleProject\LCDSample\obj\stm32f4xx_hal_eth.o
 .debug_ranges  0x00000d90       0x90 G:\development\repos\AvalonStudio\SampleProject\LCDSample\obj\stm32f4xx_hal_flash.o
 .debug_ranges  0x00000e20       0xc0 G:\development\repos\AvalonStudio\SampleProject\LCDSample\obj\stm32f4xx_hal_flash_ex.o
 .debug_ranges  0x00000ee0       0x48 G:\development\repos\AvalonStudio\SampleProject\LCDSample\obj\stm32f4xx_hal_gpio.o
 .debug_ranges  0x00000f28       0xd0 G:\development\repos\AvalonStudio\SampleProject\LCDSample\obj\stm32f4xx_hal_hcd.o
 .debug_ranges  0x00000ff8      0x1d8 G:\development\repos\AvalonStudio\SampleProject\LCDSample\obj\stm32f4xx_hal_i2c.o
 .debug_ranges  0x000011d0       0x18 G:\development\repos\AvalonStudio\SampleProject\LCDSample\obj\stm32f4xx_hal_i2c_ex.o
 .debug_ranges  0x000011e8       0xf0 G:\development\repos\AvalonStudio\SampleProject\LCDSample\obj\stm32f4xx_hal_i2s.o
 .debug_ranges  0x000012d8       0x28 G:\development\repos\AvalonStudio\SampleProject\LCDSample\obj\stm32f4xx_hal_i2s_ex.o
 .debug_ranges  0x00001300       0xf8 G:\development\repos\AvalonStudio\SampleProject\LCDSample\obj\stm32f4xx_hal_irda.o
 .debug_ranges  0x000013f8       0x30 G:\development\repos\AvalonStudio\SampleProject\LCDSample\obj\stm32f4xx_hal_iwdg.o
 .debug_ranges  0x00001428       0xd0 G:\development\repos\AvalonStudio\SampleProject\LCDSample\obj\stm32f4xx_hal_ltdc.o
 .debug_ranges  0x000014f8       0x28 G:\development\repos\AvalonStudio\SampleProject\LCDSample\obj\stm32f4xx_hal_msp_template.o
 .debug_ranges  0x00001520       0xa0 G:\development\repos\AvalonStudio\SampleProject\LCDSample\obj\stm32f4xx_hal_nand.o
 .debug_ranges  0x000015c0       0x98 G:\development\repos\AvalonStudio\SampleProject\LCDSample\obj\stm32f4xx_hal_nor.o
 .debug_ranges  0x00001658       0x78 G:\development\repos\AvalonStudio\SampleProject\LCDSample\obj\stm32f4xx_hal_pccard.o
 .debug_ranges  0x000016d0      0x110 G:\development\repos\AvalonStudio\SampleProject\LCDSample\obj\stm32f4xx_hal_pcd.o
 .debug_ranges  0x000017e0       0x18 G:\development\repos\AvalonStudio\SampleProject\LCDSample\obj\stm32f4xx_hal_pcd_ex.o
 .debug_ranges  0x000017f8       0x70 G:\development\repos\AvalonStudio\SampleProject\LCDSample\obj\stm32f4xx_hal_pwr.o
 .debug_ranges  0x00001868       0x40 G:\development\repos\AvalonStudio\SampleProject\LCDSample\obj\stm32f4xx_hal_pwr_ex.o
 .debug_ranges  0x000018a8       0x78 G:\development\repos\AvalonStudio\SampleProject\LCDSample\obj\stm32f4xx_hal_rcc.o
 .debug_ranges  0x00001920       0x18 G:\development\repos\AvalonStudio\SampleProject\LCDSample\obj\stm32f4xx_hal_rcc_ex.o
 .debug_ranges  0x00001938       0x58 G:\development\repos\AvalonStudio\SampleProject\LCDSample\obj\stm32f4xx_hal_rng.o
 .debug_ranges  0x00001990       0xa8 G:\development\repos\AvalonStudio\SampleProject\LCDSample\obj\stm32f4xx_hal_rtc.o
 .debug_ranges  0x00001a38      0x120 G:\development\repos\AvalonStudio\SampleProject\LCDSample\obj\stm32f4xx_hal_rtc_ex.o
 .debug_ranges  0x00001b58       0xd8 G:\development\repos\AvalonStudio\SampleProject\LCDSample\obj\stm32f4xx_hal_sai.o
 .debug_ranges  0x00001c30      0x170 G:\development\repos\AvalonStudio\SampleProject\LCDSample\obj\stm32f4xx_hal_sd.o
 .debug_ranges  0x00001da0       0xc0 G:\development\repos\AvalonStudio\SampleProject\LCDSample\obj\stm32f4xx_hal_sdram.o
 .debug_ranges  0x00001e60       0xc0 G:\development\repos\AvalonStudio\SampleProject\LCDSample\obj\stm32f4xx_hal_smartcard.o
 .debug_ranges  0x00001f20      0x140 G:\development\repos\AvalonStudio\SampleProject\LCDSample\obj\stm32f4xx_hal_spi.o
 .debug_ranges  0x00002060       0x90 G:\development\repos\AvalonStudio\SampleProject\LCDSample\obj\stm32f4xx_hal_sram.o
 .debug_ranges  0x000020f0      0x348 G:\development\repos\AvalonStudio\SampleProject\LCDSample\obj\stm32f4xx_hal_tim.o
 .debug_ranges  0x00002438      0x130 G:\development\repos\AvalonStudio\SampleProject\LCDSample\obj\stm32f4xx_hal_tim_ex.o
 .debug_ranges  0x00002568      0x138 G:\development\repos\AvalonStudio\SampleProject\LCDSample\obj\stm32f4xx_hal_uart.o
 .debug_ranges  0x000026a0      0x120 G:\development\repos\AvalonStudio\SampleProject\LCDSample\obj\stm32f4xx_hal_usart.o
 .debug_ranges  0x000027c0       0x58 G:\development\repos\AvalonStudio\SampleProject\LCDSample\obj\stm32f4xx_hal_wwdg.o
 .debug_ranges  0x00002818       0xe0 G:\development\repos\AvalonStudio\SampleProject\LCDSample\obj\stm32f4xx_ll_fmc.o
 .debug_ranges  0x000028f8       0x70 G:\development\repos\AvalonStudio\SampleProject\LCDSample\obj\stm32f4xx_ll_sdmmc.o
 .debug_ranges  0x00002968      0x170 G:\development\repos\AvalonStudio\SampleProject\LCDSample\obj\stm32f4xx_ll_usb.o
 .debug_ranges  0x00002ad8       0x18 G:\development\repos\AvalonStudio\SampleProject\LCDSample\obj\startup_stm32f40xx.o
 .debug_ranges  0x00002af0       0x20 G:\development\repos\AvalonStudio\SampleProject\LCDSample\obj\libArmSystem.a(startup.o)

.debug_frame    0x00000000     0x80d8
 .debug_frame   0x00000000       0xf8 G:\development\repos\AvalonStudio\SampleProject\LCDSample\obj\lcd_log.o
 .debug_frame   0x000000f8      0x3fc G:\development\repos\AvalonStudio\SampleProject\LCDSample\obj\stm32f429i_discovery.o
 .debug_frame   0x000004f4       0xb0 G:\development\repos\AvalonStudio\SampleProject\LCDSample\obj\stm32f429i_discovery_io.o
 .debug_frame   0x000005a4      0x594 G:\development\repos\AvalonStudio\SampleProject\LCDSample\obj\stm32f429i_discovery_lcd.o
 .debug_frame   0x00000b38      0x11c G:\development\repos\AvalonStudio\SampleProject\LCDSample\obj\stm32f429i_discovery_sdram.o
 .debug_frame   0x00000c54       0x94 G:\development\repos\AvalonStudio\SampleProject\LCDSample\obj\stm32f429i_discovery_ts.o
 .debug_frame   0x00000ce8       0xa8 G:\development\repos\AvalonStudio\SampleProject\LCDSample\obj\stm32f4xx_it.o
 .debug_frame   0x00000d90      0x1a0 G:\development\repos\AvalonStudio\SampleProject\LCDSample\obj\ili9325.o
 .debug_frame   0x00000f30       0xe0 G:\development\repos\AvalonStudio\SampleProject\LCDSample\obj\ili9341.o
 .debug_frame   0x00001010      0x384 G:\development\repos\AvalonStudio\SampleProject\LCDSample\obj\stmpe811.o
 .debug_frame   0x00001394       0x54 G:\development\repos\AvalonStudio\SampleProject\LCDSample\obj\system_stm32f4xx.o
 .debug_frame   0x000013e8       0x28 G:\development\repos\AvalonStudio\SampleProject\LCDSample\obj\_initialize_hardware.o
 .debug_frame   0x00001410       0x20 G:\development\repos\AvalonStudio\SampleProject\LCDSample\obj\_reset_hardware.o
 .debug_frame   0x00001430      0x1a8 G:\development\repos\AvalonStudio\SampleProject\LCDSample\obj\stm32f4xx_hal.o
 .debug_frame   0x000015d8      0x244 G:\development\repos\AvalonStudio\SampleProject\LCDSample\obj\stm32f4xx_hal_adc.o
 .debug_frame   0x0000181c      0x1a4 G:\development\repos\AvalonStudio\SampleProject\LCDSample\obj\stm32f4xx_hal_adc_ex.o
 .debug_frame   0x000019c0      0x200 G:\development\repos\AvalonStudio\SampleProject\LCDSample\obj\stm32f4xx_hal_can.o
 .debug_frame   0x00001bc0       0x48 G:\development\repos\AvalonStudio\SampleProject\LCDSample\obj\main.o
 .debug_frame   0x00001c08      0x128 G:\development\repos\AvalonStudio\SampleProject\LCDSample\obj\stm32f4xx_hal_cortex.o
 .debug_frame   0x00001d30       0xc8 G:\development\repos\AvalonStudio\SampleProject\LCDSample\obj\stm32f4xx_hal_crc.o
 .debug_frame   0x00001df8      0x204 G:\development\repos\AvalonStudio\SampleProject\LCDSample\obj\stm32f4xx_hal_dac.o
 .debug_frame   0x00001ffc      0x108 G:\development\repos\AvalonStudio\SampleProject\LCDSample\obj\stm32f4xx_hal_dac_ex.o
 .debug_frame   0x00002104      0x188 G:\development\repos\AvalonStudio\SampleProject\LCDSample\obj\stm32f4xx_hal_dcmi.o
 .debug_frame   0x0000228c      0x110 G:\development\repos\AvalonStudio\SampleProject\LCDSample\obj\stm32f4xx_hal_dma.o
 .debug_frame   0x0000239c       0x74 G:\development\repos\AvalonStudio\SampleProject\LCDSample\obj\stm32f4xx_hal_dma_ex.o
 .debug_frame   0x00002410      0x220 G:\development\repos\AvalonStudio\SampleProject\LCDSample\obj\stm32f4xx_hal_dma2d.o
 .debug_frame   0x00002630      0x330 G:\development\repos\AvalonStudio\SampleProject\LCDSample\obj\stm32f4xx_hal_eth.o
 .debug_frame   0x00002960      0x164 G:\development\repos\AvalonStudio\SampleProject\LCDSample\obj\stm32f4xx_hal_flash.o
 .debug_frame   0x00002ac4      0x208 G:\development\repos\AvalonStudio\SampleProject\LCDSample\obj\stm32f4xx_hal_flash_ex.o
 .debug_frame   0x00002ccc       0xc0 G:\development\repos\AvalonStudio\SampleProject\LCDSample\obj\stm32f4xx_hal_gpio.o
 .debug_frame   0x00002d8c      0x284 G:\development\repos\AvalonStudio\SampleProject\LCDSample\obj\stm32f4xx_hal_hcd.o
 .debug_frame   0x00003010      0x5dc G:\development\repos\AvalonStudio\SampleProject\LCDSample\obj\stm32f4xx_hal_i2c.o
 .debug_frame   0x000035ec       0x44 G:\development\repos\AvalonStudio\SampleProject\LCDSample\obj\stm32f4xx_hal_i2c_ex.o
 .debug_frame   0x00003630      0x2e8 G:\development\repos\AvalonStudio\SampleProject\LCDSample\obj\stm32f4xx_hal_i2s.o
 .debug_frame   0x00003918       0x9c G:\development\repos\AvalonStudio\SampleProject\LCDSample\obj\stm32f4xx_hal_i2s_ex.o
 .debug_frame   0x000039b4      0x2a0 G:\development\repos\AvalonStudio\SampleProject\LCDSample\obj\stm32f4xx_hal_irda.o
 .debug_frame   0x00003c54       0x78 G:\development\repos\AvalonStudio\SampleProject\LCDSample\obj\stm32f4xx_hal_iwdg.o
 .debug_frame   0x00003ccc      0x288 G:\development\repos\AvalonStudio\SampleProject\LCDSample\obj\stm32f4xx_hal_ltdc.o
 .debug_frame   0x00003f54       0x50 G:\development\repos\AvalonStudio\SampleProject\LCDSample\obj\stm32f4xx_hal_msp_template.o
 .debug_frame   0x00003fa4      0x21c G:\development\repos\AvalonStudio\SampleProject\LCDSample\obj\stm32f4xx_hal_nand.o
 .debug_frame   0x000041c0      0x1e8 G:\development\repos\AvalonStudio\SampleProject\LCDSample\obj\stm32f4xx_hal_nor.o
 .debug_frame   0x000043a8      0x160 G:\development\repos\AvalonStudio\SampleProject\LCDSample\obj\stm32f4xx_hal_pccard.o
 .debug_frame   0x00004508      0x314 G:\development\repos\AvalonStudio\SampleProject\LCDSample\obj\stm32f4xx_hal_pcd.o
 .debug_frame   0x0000481c       0x3c G:\development\repos\AvalonStudio\SampleProject\LCDSample\obj\stm32f4xx_hal_pcd_ex.o
 .debug_frame   0x00004858       0xe8 G:\development\repos\AvalonStudio\SampleProject\LCDSample\obj\stm32f4xx_hal_pwr.o
 .debug_frame   0x00004940       0xac G:\development\repos\AvalonStudio\SampleProject\LCDSample\obj\stm32f4xx_hal_pwr_ex.o
 .debug_frame   0x000049ec      0x13c G:\development\repos\AvalonStudio\SampleProject\LCDSample\obj\stm32f4xx_hal_rcc.o
 .debug_frame   0x00004b28       0x4c G:\development\repos\AvalonStudio\SampleProject\LCDSample\obj\stm32f4xx_hal_rcc_ex.o
 .debug_frame   0x00004b74       0xdc G:\development\repos\AvalonStudio\SampleProject\LCDSample\obj\stm32f4xx_hal_rng.o
 .debug_frame   0x00004c50      0x218 G:\development\repos\AvalonStudio\SampleProject\LCDSample\obj\stm32f4xx_hal_rtc.o
 .debug_frame   0x00004e68      0x3b8 G:\development\repos\AvalonStudio\SampleProject\LCDSample\obj\stm32f4xx_hal_rtc_ex.o
 .debug_frame   0x00005220      0x2ac G:\development\repos\AvalonStudio\SampleProject\LCDSample\obj\stm32f4xx_hal_sai.o
 .debug_frame   0x000054cc      0x518 G:\development\repos\AvalonStudio\SampleProject\LCDSample\obj\stm32f4xx_hal_sd.o
 .debug_frame   0x000059e4      0x24c G:\development\repos\AvalonStudio\SampleProject\LCDSample\obj\stm32f4xx_hal_sdram.o
 .debug_frame   0x00005c30      0x220 G:\development\repos\AvalonStudio\SampleProject\LCDSample\obj\stm32f4xx_hal_smartcard.o
 .debug_frame   0x00005e50      0x3bc G:\development\repos\AvalonStudio\SampleProject\LCDSample\obj\stm32f4xx_hal_spi.o
 .debug_frame   0x0000620c      0x1b4 G:\development\repos\AvalonStudio\SampleProject\LCDSample\obj\stm32f4xx_hal_sram.o
 .debug_frame   0x000063c0      0x978 G:\development\repos\AvalonStudio\SampleProject\LCDSample\obj\stm32f4xx_hal_tim.o
 .debug_frame   0x00006d38      0x3c8 G:\development\repos\AvalonStudio\SampleProject\LCDSample\obj\stm32f4xx_hal_tim_ex.o
 .debug_frame   0x00007100      0x354 G:\development\repos\AvalonStudio\SampleProject\LCDSample\obj\stm32f4xx_hal_uart.o
 .debug_frame   0x00007454      0x32c G:\development\repos\AvalonStudio\SampleProject\LCDSample\obj\stm32f4xx_hal_usart.o
 .debug_frame   0x00007780       0xe8 G:\development\repos\AvalonStudio\SampleProject\LCDSample\obj\stm32f4xx_hal_wwdg.o
 .debug_frame   0x00007868      0x254 G:\development\repos\AvalonStudio\SampleProject\LCDSample\obj\stm32f4xx_ll_fmc.o
 .debug_frame   0x00007abc       0xf8 G:\development\repos\AvalonStudio\SampleProject\LCDSample\obj\stm32f4xx_ll_sdmmc.o
 .debug_frame   0x00007bb4      0x47c G:\development\repos\AvalonStudio\SampleProject\LCDSample\obj\stm32f4xx_ll_usb.o
 .debug_frame   0x00008030       0x38 G:\development\repos\AvalonStudio\SampleProject\LCDSample\obj\startup_stm32f40xx.o
 .debug_frame   0x00008068       0x50 G:\development\repos\AvalonStudio\SampleProject\LCDSample\obj\libArmSystem.a(startup.o)
 .debug_frame   0x000080b8       0x20 c:/vestudio/appdata/repos/gcctoolchain/bin/../lib/gcc/arm-none-eabi/4.9.3/../../../../arm-none-eabi/lib/armv7e-m/fpu\libc_nano.a(lib_a-memset.o)
