Archive member included because of file (symbol)

G:\development\repos\AvalonStudio\SampleProject\SampleProject\obj\libArmSystem.a(startup.o)
                              G:\development\repos\AvalonStudio\SampleProject\SampleProject\obj\startup_stm32f40xx.o (system_startup)
G:\development\repos\AvalonStudio\SampleProject\SampleProject\obj\libSTM32HalPlatform.a(stm32f4xx_hal.o)
                              G:\development\repos\AvalonStudio\SampleProject\SampleProject\obj\main.o (HAL_Init)
G:\development\repos\AvalonStudio\SampleProject\SampleProject\obj\libSTM32HalPlatform.a(stm32f4xx_hal_cortex.o)
                              G:\development\repos\AvalonStudio\SampleProject\SampleProject\obj\libSTM32HalPlatform.a(stm32f4xx_hal.o) (HAL_NVIC_SetPriorityGrouping)
G:\development\repos\AvalonStudio\SampleProject\SampleProject\obj\libSTM32HalPlatform.a(stm32f4xx_hal_dma.o)
                              G:\development\repos\AvalonStudio\SampleProject\SampleProject\obj\stm32f429i_discovery_sdram.o (HAL_DMA_Init)
G:\development\repos\AvalonStudio\SampleProject\SampleProject\obj\libSTM32HalPlatform.a(stm32f4xx_hal_gpio.o)
                              G:\development\repos\AvalonStudio\SampleProject\SampleProject\obj\stm32f429i_discovery.o (HAL_GPIO_Init)
G:\development\repos\AvalonStudio\SampleProject\SampleProject\obj\libSTM32HalPlatform.a(stm32f4xx_hal_pwr_ex.o)
                              G:\development\repos\AvalonStudio\SampleProject\SampleProject\obj\main.o (HAL_PWREx_EnableOverDrive)
G:\development\repos\AvalonStudio\SampleProject\SampleProject\obj\libSTM32HalPlatform.a(stm32f4xx_hal_rcc.o)
                              G:\development\repos\AvalonStudio\SampleProject\SampleProject\obj\main.o (HAL_RCC_OscConfig)
G:\development\repos\AvalonStudio\SampleProject\SampleProject\obj\libSTM32HalPlatform.a(stm32f4xx_hal_rcc_ex.o)
                              G:\development\repos\AvalonStudio\SampleProject\SampleProject\obj\main.o (HAL_RCCEx_PeriphCLKConfig)
G:\development\repos\AvalonStudio\SampleProject\SampleProject\obj\libSTM32HalPlatform.a(stm32f4xx_hal_spi.o)
                              G:\development\repos\AvalonStudio\SampleProject\SampleProject\obj\stm32f429i_discovery.o (HAL_SPI_Init)
G:\development\repos\AvalonStudio\SampleProject\SampleProject\obj\libSTM32HalPlatform.a(system_stm32f4xx.o)
                              G:\development\repos\AvalonStudio\SampleProject\SampleProject\obj\libSTM32HalPlatform.a(stm32f4xx_hal_rcc.o) (SystemCoreClock)

Allocating common symbols
Common symbol       size              file

LCD_CacheBuffer_yptr_bottom_bak
                    0x2               G:\development\repos\AvalonStudio\SampleProject\SampleProject\obj\lcd_log.o
LCD_CacheBuffer_yptr_top_bak
                    0x2               G:\development\repos\AvalonStudio\SampleProject\SampleProject\obj\lcd_log.o
LCD_CacheBuffer_yptr_bottom
                    0x2               G:\development\repos\AvalonStudio\SampleProject\SampleProject\obj\lcd_log.o
LCD_CacheBuffer_xptr
                    0x2               G:\development\repos\AvalonStudio\SampleProject\SampleProject\obj\lcd_log.o
LCD_CacheBuffer_yptr_invert
                    0x1               G:\development\repos\AvalonStudio\SampleProject\SampleProject\obj\lcd_log.o
LCD_Lock            0x1               G:\development\repos\AvalonStudio\SampleProject\SampleProject\obj\lcd_log.o
LCD_Scrolled        0x1               G:\development\repos\AvalonStudio\SampleProject\SampleProject\obj\lcd_log.o
LCD_CacheBuffer_yptr_top
                    0x2               G:\development\repos\AvalonStudio\SampleProject\SampleProject\obj\lcd_log.o
LCD_ScrollActive    0x1               G:\development\repos\AvalonStudio\SampleProject\SampleProject\obj\lcd_log.o
LCD_CacheBuffer     0x3c54            G:\development\repos\AvalonStudio\SampleProject\SampleProject\obj\lcd_log.o
LCD_LineColor       0x4               G:\development\repos\AvalonStudio\SampleProject\SampleProject\obj\lcd_log.o
I2cHandle           0x3c              G:\development\repos\AvalonStudio\SampleProject\SampleProject\obj\stm32f429i_discovery.o
LCD_ScrollBackStep  0x2               G:\development\repos\AvalonStudio\SampleProject\SampleProject\obj\lcd_log.o
LcdDrv              0x4               G:\development\repos\AvalonStudio\SampleProject\SampleProject\obj\stm32f429i_discovery_lcd.o

Memory Configuration

Name             Origin             Length             Attributes
FLASH            0x08000000         0x00100000         xr
RAM              0x20000000         0x00020000         xrw
*default*        0x00000000         0xffffffff

Linker script and memory map

                0x20020000                _eram = 0x20020000

.text           0x08000000     0xeca8
 *(.interrupt_vector)
 .interrupt_vector
                0x08000000      0x188 G:\development\repos\AvalonStudio\SampleProject\SampleProject\obj\startup_stm32f40xx.o
 *(.text*)
 .text          0x08000188        0x0 G:\development\repos\AvalonStudio\SampleProject\SampleProject\obj\font12.o
 .text          0x08000188        0x0 G:\development\repos\AvalonStudio\SampleProject\SampleProject\obj\font20.o
 .text          0x08000188        0x0 G:\development\repos\AvalonStudio\SampleProject\SampleProject\obj\font16.o
 .text          0x08000188        0x0 G:\development\repos\AvalonStudio\SampleProject\SampleProject\obj\ili9341.o
 .text.ili9341_GetLcdPixelWidth
                0x08000188        0x4 G:\development\repos\AvalonStudio\SampleProject\SampleProject\obj\ili9341.o
                0x08000188                ili9341_GetLcdPixelWidth
 .text.ili9341_GetLcdPixelHeight
                0x0800018c        0x8 G:\development\repos\AvalonStudio\SampleProject\SampleProject\obj\ili9341.o
                0x0800018c                ili9341_GetLcdPixelHeight
 .text.ili9341_WriteReg
                0x08000194        0x8 G:\development\repos\AvalonStudio\SampleProject\SampleProject\obj\ili9341.o
                0x08000194                ili9341_WriteReg
 .text.ili9341_DisplayOn
                0x0800019c        0xc G:\development\repos\AvalonStudio\SampleProject\SampleProject\obj\ili9341.o
                0x0800019c                ili9341_DisplayOn
 .text.ili9341_DisplayOff
                0x080001a8        0xc G:\development\repos\AvalonStudio\SampleProject\SampleProject\obj\ili9341.o
                0x080001a8                ili9341_DisplayOff
 .text.ili9341_WriteData
                0x080001b4        0x8 G:\development\repos\AvalonStudio\SampleProject\SampleProject\obj\ili9341.o
                0x080001b4                ili9341_WriteData
 .text.ili9341_Init
                0x080001bc      0x2a8 G:\development\repos\AvalonStudio\SampleProject\SampleProject\obj\ili9341.o
                0x080001bc                ili9341_Init
 .text.ili9341_ReadData
                0x08000464        0x8 G:\development\repos\AvalonStudio\SampleProject\SampleProject\obj\ili9341.o
                0x08000464                ili9341_ReadData
 .text.ili9341_ReadID
                0x0800046c       0x1c G:\development\repos\AvalonStudio\SampleProject\SampleProject\obj\ili9341.o
                0x0800046c                ili9341_ReadID
 .text          0x08000488        0x0 G:\development\repos\AvalonStudio\SampleProject\SampleProject\obj\font8.o
 .text          0x08000488        0x0 G:\development\repos\AvalonStudio\SampleProject\SampleProject\obj\font24.o
 .text          0x08000488        0x0 G:\development\repos\AvalonStudio\SampleProject\SampleProject\obj\lcd_log.o
 .text.LCD_LOG_DeInit
                0x08000488       0x64 G:\development\repos\AvalonStudio\SampleProject\SampleProject\obj\lcd_log.o
                0x08000488                LCD_LOG_DeInit
 .text.LCD_LOG_Init
                0x080004ec       0x10 G:\development\repos\AvalonStudio\SampleProject\SampleProject\obj\lcd_log.o
                0x080004ec                LCD_LOG_Init
 .text.LCD_LOG_SetHeader
                0x080004fc       0x6c G:\development\repos\AvalonStudio\SampleProject\SampleProject\obj\lcd_log.o
                0x080004fc                LCD_LOG_SetHeader
 .text.LCD_LOG_SetFooter
                0x08000568       0x80 G:\development\repos\AvalonStudio\SampleProject\SampleProject\obj\lcd_log.o
                0x08000568                LCD_LOG_SetFooter
 .text.LCD_LOG_ClearTextZone
                0x080005e8       0x1c G:\development\repos\AvalonStudio\SampleProject\SampleProject\obj\lcd_log.o
                0x080005e8                LCD_LOG_ClearTextZone
 .text.LCD_LOG_UpdateDisplay
                0x08000604       0xac G:\development\repos\AvalonStudio\SampleProject\SampleProject\obj\lcd_log.o
                0x08000604                LCD_LOG_UpdateDisplay
 .text.__io_putchar
                0x080006b0      0x150 G:\development\repos\AvalonStudio\SampleProject\SampleProject\obj\lcd_log.o
                0x080006b0                __io_putchar
 .text.LCD_LOG_ScrollBack
                0x08000800       0xdc G:\development\repos\AvalonStudio\SampleProject\SampleProject\obj\lcd_log.o
                0x08000800                LCD_LOG_ScrollBack
 .text.LCD_LOG_ScrollForward
                0x080008dc       0xb0 G:\development\repos\AvalonStudio\SampleProject\SampleProject\obj\lcd_log.o
                0x080008dc                LCD_LOG_ScrollForward
 .text          0x0800098c        0x0 G:\development\repos\AvalonStudio\SampleProject\SampleProject\obj\main.o
 .text.SystemClock_Config
                0x0800098c       0x98 G:\development\repos\AvalonStudio\SampleProject\SampleProject\obj\main.o
 .text.main     0x08000a24       0x80 G:\development\repos\AvalonStudio\SampleProject\SampleProject\obj\main.o
                0x08000a24                main
 .text          0x08000aa4        0x0 G:\development\repos\AvalonStudio\SampleProject\SampleProject\obj\startup_stm32f40xx.o
 .text.Default_Handler
                0x08000aa4        0x4 G:\development\repos\AvalonStudio\SampleProject\SampleProject\obj\startup_stm32f40xx.o
                0x08000aa4                RTC_Alarm_IRQHandler
                0x08000aa4                HASH_RNG_IRQHandler
                0x08000aa4                EXTI2_IRQHandler
                0x08000aa4                TIM8_CC_IRQHandler
                0x08000aa4                TIM1_CC_IRQHandler
                0x08000aa4                DMA2_Stream5_IRQHandler
                0x08000aa4                DMA1_Stream5_IRQHandler
                0x08000aa4                PVD_IRQHandler
                0x08000aa4                SDIO_IRQHandler
                0x08000aa4                TAMP_STAMP_IRQHandler
                0x08000aa4                CAN2_RX1_IRQHandler
                0x08000aa4                EXTI3_IRQHandler
                0x08000aa4                TIM8_TRG_COM_TIM14_IRQHandler
                0x08000aa4                TIM1_UP_TIM10_IRQHandler
                0x08000aa4                TIM8_UP_TIM13_IRQHandler
                0x08000aa4                I2C3_ER_IRQHandler
                0x08000aa4                EXTI0_IRQHandler
                0x08000aa4                I2C2_EV_IRQHandler
                0x08000aa4                DMA1_Stream2_IRQHandler
                0x08000aa4                CAN1_RX0_IRQHandler
                0x08000aa4                FPU_IRQHandler
                0x08000aa4                OTG_HS_WKUP_IRQHandler
                0x08000aa4                CAN2_SCE_IRQHandler
                0x08000aa4                DMA2_Stream2_IRQHandler
                0x08000aa4                SPI1_IRQHandler
                0x08000aa4                TIM6_DAC_IRQHandler
                0x08000aa4                TIM1_BRK_TIM9_IRQHandler
                0x08000aa4                DCMI_IRQHandler
                0x08000aa4                CAN2_RX0_IRQHandler
                0x08000aa4                DMA2_Stream3_IRQHandler
                0x08000aa4                USART6_IRQHandler
                0x08000aa4                USART3_IRQHandler
                0x08000aa4                CRYP_IRQHandler
                0x08000aa4                CAN1_RX1_IRQHandler
                0x08000aa4                UART5_IRQHandler
                0x08000aa4                DMA2_Stream0_IRQHandler
                0x08000aa4                TIM4_IRQHandler
                0x08000aa4                I2C1_EV_IRQHandler
                0x08000aa4                DMA1_Stream6_IRQHandler
                0x08000aa4                DMA1_Stream1_IRQHandler
                0x08000aa4                UART4_IRQHandler
                0x08000aa4                TIM3_IRQHandler
                0x08000aa4                RCC_IRQHandler
                0x08000aa4                TIM8_BRK_TIM12_IRQHandler
                0x08000aa4                EXTI15_10_IRQHandler
                0x08000aa4                ADC_IRQHandler
                0x08000aa4                DMA1_Stream7_IRQHandler
                0x08000aa4                TIM7_IRQHandler
                0x08000aa4                CAN2_TX_IRQHandler
                0x08000aa4                TIM5_IRQHandler
                0x08000aa4                DMA2_Stream7_IRQHandler
                0x08000aa4                I2C3_EV_IRQHandler
                0x08000aa4                EXTI9_5_IRQHandler
                0x08000aa4                RTC_WKUP_IRQHandler
                0x08000aa4                ETH_WKUP_IRQHandler
                0x08000aa4                SPI2_IRQHandler
                0x08000aa4                OTG_HS_EP1_IN_IRQHandler
                0x08000aa4                DMA1_Stream0_IRQHandler
                0x08000aa4                CAN1_TX_IRQHandler
                0x08000aa4                EXTI4_IRQHandler
                0x08000aa4                FSMC_IRQHandler
                0x08000aa4                ETH_IRQHandler
                0x08000aa4                OTG_HS_EP1_OUT_IRQHandler
                0x08000aa4                WWDG_IRQHandler
                0x08000aa4                TIM2_IRQHandler
                0x08000aa4                OTG_FS_WKUP_IRQHandler
                0x08000aa4                TIM1_TRG_COM_TIM11_IRQHandler
                0x08000aa4                OTG_HS_IRQHandler
                0x08000aa4                EXTI1_IRQHandler
                0x08000aa4                USART2_IRQHandler
                0x08000aa4                I2C2_ER_IRQHandler
                0x08000aa4                DMA2_Stream1_IRQHandler
                0x08000aa4                CAN1_SCE_IRQHandler
                0x08000aa4                FLASH_IRQHandler
                0x08000aa4                DMA2_Stream4_IRQHandler
                0x08000aa4                USART1_IRQHandler
                0x08000aa4                OTG_FS_IRQHandler
                0x08000aa4                SPI3_IRQHandler
                0x08000aa4                DMA1_Stream4_IRQHandler
                0x08000aa4                I2C1_ER_IRQHandler
                0x08000aa4                DMA2_Stream6_IRQHandler
                0x08000aa4                DMA1_Stream3_IRQHandler
 .text.Default_Reset_Handler
                0x08000aa8       0x18 G:\development\repos\AvalonStudio\SampleProject\SampleProject\obj\startup_stm32f40xx.o
                0x08000aa8                Default_Reset_Handler
                0x08000aa8                Reset_Handler
 .text          0x08000ac0        0x0 G:\development\repos\AvalonStudio\SampleProject\SampleProject\obj\stm32f429i_discovery_eeprom.o
 .text          0x08000ac0        0x0 G:\development\repos\AvalonStudio\SampleProject\SampleProject\obj\stm32f429i_discovery.o
 .text.SPIx_MspInit
                0x08000ac0       0x54 G:\development\repos\AvalonStudio\SampleProject\SampleProject\obj\stm32f429i_discovery.o
 .text.I2Cx_MspInit
                0x08000b14       0xb8 G:\development\repos\AvalonStudio\SampleProject\SampleProject\obj\stm32f429i_discovery.o
 .text.I2Cx_ITConfig
                0x08000bcc       0x54 G:\development\repos\AvalonStudio\SampleProject\SampleProject\obj\stm32f429i_discovery.o
 .text.SPIx_Init
                0x08000c20       0x4c G:\development\repos\AvalonStudio\SampleProject\SampleProject\obj\stm32f429i_discovery.o
 .text.SPIx_Error
                0x08000c6c       0x14 G:\development\repos\AvalonStudio\SampleProject\SampleProject\obj\stm32f429i_discovery.o
 .text.SPIx_Write
                0x08000c80       0x2c G:\development\repos\AvalonStudio\SampleProject\SampleProject\obj\stm32f429i_discovery.o
 .text.SPIx_Read
                0x08000cac       0x28 G:\development\repos\AvalonStudio\SampleProject\SampleProject\obj\stm32f429i_discovery.o
 .text.I2Cx_Init
                0x08000cd4       0x40 G:\development\repos\AvalonStudio\SampleProject\SampleProject\obj\stm32f429i_discovery.o
 .text.I2Cx_Error
                0x08000d14       0x14 G:\development\repos\AvalonStudio\SampleProject\SampleProject\obj\stm32f429i_discovery.o
 .text.I2Cx_WriteData
                0x08000d28       0x34 G:\development\repos\AvalonStudio\SampleProject\SampleProject\obj\stm32f429i_discovery.o
 .text.I2Cx_WriteBuffer
                0x08000d5c       0x30 G:\development\repos\AvalonStudio\SampleProject\SampleProject\obj\stm32f429i_discovery.o
 .text.I2Cx_ReadData
                0x08000d8c       0x3c G:\development\repos\AvalonStudio\SampleProject\SampleProject\obj\stm32f429i_discovery.o
 .text.I2Cx_ReadBuffer
                0x08000dc8       0x38 G:\development\repos\AvalonStudio\SampleProject\SampleProject\obj\stm32f429i_discovery.o
 .text.SPIx_WriteRead
                0x08000e00       0x3c G:\development\repos\AvalonStudio\SampleProject\SampleProject\obj\stm32f429i_discovery.o
 .text.BSP_GetVersion
                0x08000e3c        0x8 G:\development\repos\AvalonStudio\SampleProject\SampleProject\obj\stm32f429i_discovery.o
                0x08000e3c                BSP_GetVersion
 .text.BSP_LED_Init
                0x08000e44       0x3c G:\development\repos\AvalonStudio\SampleProject\SampleProject\obj\stm32f429i_discovery.o
                0x08000e44                BSP_LED_Init
 .text.BSP_LED_On
                0x08000e80       0x20 G:\development\repos\AvalonStudio\SampleProject\SampleProject\obj\stm32f429i_discovery.o
                0x08000e80                BSP_LED_On
 .text.BSP_LED_Off
                0x08000ea0       0x20 G:\development\repos\AvalonStudio\SampleProject\SampleProject\obj\stm32f429i_discovery.o
                0x08000ea0                BSP_LED_Off
 .text.BSP_LED_Toggle
                0x08000ec0       0x20 G:\development\repos\AvalonStudio\SampleProject\SampleProject\obj\stm32f429i_discovery.o
                0x08000ec0                BSP_LED_Toggle
 .text.BSP_PB_Init
                0x08000ee0       0x88 G:\development\repos\AvalonStudio\SampleProject\SampleProject\obj\stm32f429i_discovery.o
                0x08000ee0                BSP_PB_Init
 .text.BSP_PB_GetState
                0x08000f68       0x14 G:\development\repos\AvalonStudio\SampleProject\SampleProject\obj\stm32f429i_discovery.o
                0x08000f68                BSP_PB_GetState
 .text.LCD_IO_Init
                0x08000f7c       0xb0 G:\development\repos\AvalonStudio\SampleProject\SampleProject\obj\stm32f429i_discovery.o
                0x08000f7c                LCD_IO_Init
 .text.LCD_IO_WriteData
                0x0800102c       0x38 G:\development\repos\AvalonStudio\SampleProject\SampleProject\obj\stm32f429i_discovery.o
                0x0800102c                LCD_IO_WriteData
 .text.LCD_IO_WriteReg
                0x08001064       0x38 G:\development\repos\AvalonStudio\SampleProject\SampleProject\obj\stm32f429i_discovery.o
                0x08001064                LCD_IO_WriteReg
 .text.LCD_IO_ReadData
                0x0800109c       0x50 G:\development\repos\AvalonStudio\SampleProject\SampleProject\obj\stm32f429i_discovery.o
                0x0800109c                LCD_IO_ReadData
 .text.LCD_Delay
                0x080010ec        0x8 G:\development\repos\AvalonStudio\SampleProject\SampleProject\obj\stm32f429i_discovery.o
                0x080010ec                LCD_Delay
 .text.IOE_Init
                0x080010f4        0x8 G:\development\repos\AvalonStudio\SampleProject\SampleProject\obj\stm32f429i_discovery.o
                0x080010f4                IOE_Init
 .text.IOE_ITConfig
                0x080010fc        0x8 G:\development\repos\AvalonStudio\SampleProject\SampleProject\obj\stm32f429i_discovery.o
                0x080010fc                IOE_ITConfig
 .text.IOE_Write
                0x08001104        0x8 G:\development\repos\AvalonStudio\SampleProject\SampleProject\obj\stm32f429i_discovery.o
                0x08001104                IOE_Write
 .text.IOE_Read
                0x0800110c        0x8 G:\development\repos\AvalonStudio\SampleProject\SampleProject\obj\stm32f429i_discovery.o
                0x0800110c                IOE_Read
 .text.IOE_WriteMultiple
                0x08001114        0x8 G:\development\repos\AvalonStudio\SampleProject\SampleProject\obj\stm32f429i_discovery.o
                0x08001114                IOE_WriteMultiple
 .text.IOE_ReadMultiple
                0x0800111c        0x8 G:\development\repos\AvalonStudio\SampleProject\SampleProject\obj\stm32f429i_discovery.o
                0x0800111c                IOE_ReadMultiple
 .text.IOE_Delay
                0x08001124        0x8 G:\development\repos\AvalonStudio\SampleProject\SampleProject\obj\stm32f429i_discovery.o
                0x08001124                IOE_Delay
 .text.GYRO_IO_Init
                0x0800112c       0x74 G:\development\repos\AvalonStudio\SampleProject\SampleProject\obj\stm32f429i_discovery.o
                0x0800112c                GYRO_IO_Init
 .text.GYRO_IO_Write
                0x080011a0       0x44 G:\development\repos\AvalonStudio\SampleProject\SampleProject\obj\stm32f429i_discovery.o
                0x080011a0                GYRO_IO_Write
 .text.GYRO_IO_Read
                0x080011e4       0x48 G:\development\repos\AvalonStudio\SampleProject\SampleProject\obj\stm32f429i_discovery.o
                0x080011e4                GYRO_IO_Read
 .text          0x0800122c        0x0 G:\development\repos\AvalonStudio\SampleProject\SampleProject\obj\stm32f429i_discovery_io.o
 .text.BSP_IO_Init
                0x0800122c        0x4 G:\development\repos\AvalonStudio\SampleProject\SampleProject\obj\stm32f429i_discovery_io.o
                0x0800122c                BSP_IO_Init
 .text.BSP_IO_ITGetStatus
                0x08001230       0x14 G:\development\repos\AvalonStudio\SampleProject\SampleProject\obj\stm32f429i_discovery_io.o
                0x08001230                BSP_IO_ITGetStatus
 .text.BSP_IO_ITClear
                0x08001244       0x14 G:\development\repos\AvalonStudio\SampleProject\SampleProject\obj\stm32f429i_discovery_io.o
                0x08001244                BSP_IO_ITClear
 .text.BSP_IO_ConfigPin
                0x08001258       0x18 G:\development\repos\AvalonStudio\SampleProject\SampleProject\obj\stm32f429i_discovery_io.o
                0x08001258                BSP_IO_ConfigPin
 .text.BSP_IO_WritePin
                0x08001270       0x18 G:\development\repos\AvalonStudio\SampleProject\SampleProject\obj\stm32f429i_discovery_io.o
                0x08001270                BSP_IO_WritePin
 .text.BSP_IO_ReadPin
                0x08001288       0x14 G:\development\repos\AvalonStudio\SampleProject\SampleProject\obj\stm32f429i_discovery_io.o
                0x08001288                BSP_IO_ReadPin
 .text.BSP_IO_TogglePin
                0x0800129c       0x38 G:\development\repos\AvalonStudio\SampleProject\SampleProject\obj\stm32f429i_discovery_io.o
                0x0800129c                BSP_IO_TogglePin
 .text          0x080012d4        0x0 G:\development\repos\AvalonStudio\SampleProject\SampleProject\obj\stm32f429i_discovery_sdram.o
 .text.MspInit  0x080012d4      0x17c G:\development\repos\AvalonStudio\SampleProject\SampleProject\obj\stm32f429i_discovery_sdram.o
 .text.BSP_SDRAM_Initialization_sequence
                0x08001450       0xa0 G:\development\repos\AvalonStudio\SampleProject\SampleProject\obj\stm32f429i_discovery_sdram.o
                0x08001450                BSP_SDRAM_Initialization_sequence
 .text.BSP_SDRAM_Init
                0x080014f0       0x68 G:\development\repos\AvalonStudio\SampleProject\SampleProject\obj\stm32f429i_discovery_sdram.o
                0x080014f0                BSP_SDRAM_Init
 .text.BSP_SDRAM_ReadData
                0x08001558       0x18 G:\development\repos\AvalonStudio\SampleProject\SampleProject\obj\stm32f429i_discovery_sdram.o
                0x08001558                BSP_SDRAM_ReadData
 .text.BSP_SDRAM_ReadData_DMA
                0x08001570       0x18 G:\development\repos\AvalonStudio\SampleProject\SampleProject\obj\stm32f429i_discovery_sdram.o
                0x08001570                BSP_SDRAM_ReadData_DMA
 .text.BSP_SDRAM_WriteData
                0x08001588       0x24 G:\development\repos\AvalonStudio\SampleProject\SampleProject\obj\stm32f429i_discovery_sdram.o
                0x08001588                BSP_SDRAM_WriteData
 .text.BSP_SDRAM_WriteData_DMA
                0x080015ac       0x18 G:\development\repos\AvalonStudio\SampleProject\SampleProject\obj\stm32f429i_discovery_sdram.o
                0x080015ac                BSP_SDRAM_WriteData_DMA
 .text.BSP_SDRAM_Sendcmd
                0x080015c4       0x14 G:\development\repos\AvalonStudio\SampleProject\SampleProject\obj\stm32f429i_discovery_sdram.o
                0x080015c4                BSP_SDRAM_Sendcmd
 .text.BSP_SDRAM_DMA_IRQHandler
                0x080015d8       0x10 G:\development\repos\AvalonStudio\SampleProject\SampleProject\obj\stm32f429i_discovery_sdram.o
                0x080015d8                BSP_SDRAM_DMA_IRQHandler
 .text          0x080015e8        0x0 G:\development\repos\AvalonStudio\SampleProject\SampleProject\obj\STM32F4Graphic.o
 .text._ZN14STM32F4GraphicC2Ev
                0x080015e8        0x4 G:\development\repos\AvalonStudio\SampleProject\SampleProject\obj\STM32F4Graphic.o
                0x080015e8                STM32F4Graphic::STM32F4Graphic()
                0x080015e8                STM32F4Graphic::STM32F4Graphic()
 .text._ZN14STM32F4GraphicD2Ev
                0x080015ec        0x4 G:\development\repos\AvalonStudio\SampleProject\SampleProject\obj\STM32F4Graphic.o
                0x080015ec                STM32F4Graphic::~STM32F4Graphic()
                0x080015ec                STM32F4Graphic::~STM32F4Graphic()
 .text._ZN14STM32F4Graphic4InitEv
                0x080015f0       0x50 G:\development\repos\AvalonStudio\SampleProject\SampleProject\obj\STM32F4Graphic.o
                0x080015f0                STM32F4Graphic::Init()
 .text          0x08001640        0x0 G:\development\repos\AvalonStudio\SampleProject\SampleProject\obj\stm32f429i_discovery_lcd.o
 .text.MspInit  0x08001640      0x130 G:\development\repos\AvalonStudio\SampleProject\SampleProject\obj\stm32f429i_discovery_lcd.o
 .text.FillBuffer
                0x08001770       0x54 G:\development\repos\AvalonStudio\SampleProject\SampleProject\obj\stm32f429i_discovery_lcd.o
 .text.ConvertLineToARGB8888
                0x080017c4       0x5c G:\development\repos\AvalonStudio\SampleProject\SampleProject\obj\stm32f429i_discovery_lcd.o
 .text.BSP_LCD_GetXSize
                0x08001820       0x10 G:\development\repos\AvalonStudio\SampleProject\SampleProject\obj\stm32f429i_discovery_lcd.o
                0x08001820                BSP_LCD_GetXSize
 .text.BSP_LCD_GetYSize
                0x08001830       0x10 G:\development\repos\AvalonStudio\SampleProject\SampleProject\obj\stm32f429i_discovery_lcd.o
                0x08001830                BSP_LCD_GetYSize
 .text.BSP_LCD_LayerDefaultInit
                0x08001840       0x88 G:\development\repos\AvalonStudio\SampleProject\SampleProject\obj\stm32f429i_discovery_lcd.o
                0x08001840                BSP_LCD_LayerDefaultInit
 .text.BSP_LCD_LayerDefaultInitPixelFormat
                0x080018c8       0x88 G:\development\repos\AvalonStudio\SampleProject\SampleProject\obj\stm32f429i_discovery_lcd.o
                0x080018c8                BSP_LCD_LayerDefaultInitPixelFormat
 .text.BSP_LCD_SelectLayer
                0x08001950        0xc G:\development\repos\AvalonStudio\SampleProject\SampleProject\obj\stm32f429i_discovery_lcd.o
                0x08001950                BSP_LCD_SelectLayer
 .text.BSP_LCD_SetLayerVisible
                0x0800195c       0x40 G:\development\repos\AvalonStudio\SampleProject\SampleProject\obj\stm32f429i_discovery_lcd.o
                0x0800195c                BSP_LCD_SetLayerVisible
 .text.BSP_LCD_SetTransparency
                0x0800199c       0x10 G:\development\repos\AvalonStudio\SampleProject\SampleProject\obj\stm32f429i_discovery_lcd.o
                0x0800199c                BSP_LCD_SetTransparency
 .text.BSP_LCD_SetLayerAddress
                0x080019ac       0x10 G:\development\repos\AvalonStudio\SampleProject\SampleProject\obj\stm32f429i_discovery_lcd.o
                0x080019ac                BSP_LCD_SetLayerAddress
 .text.BSP_LCD_SetLayerWindow
                0x080019bc       0x2c G:\development\repos\AvalonStudio\SampleProject\SampleProject\obj\stm32f429i_discovery_lcd.o
                0x080019bc                BSP_LCD_SetLayerWindow
 .text.BSP_LCD_SetColorKeying
                0x080019e8       0x1c G:\development\repos\AvalonStudio\SampleProject\SampleProject\obj\stm32f429i_discovery_lcd.o
                0x080019e8                BSP_LCD_SetColorKeying
 .text.BSP_LCD_ResetColorKeying
                0x08001a04       0x10 G:\development\repos\AvalonStudio\SampleProject\SampleProject\obj\stm32f429i_discovery_lcd.o
                0x08001a04                BSP_LCD_ResetColorKeying
 .text.BSP_LCD_GetTextColor
                0x08001a14       0x18 G:\development\repos\AvalonStudio\SampleProject\SampleProject\obj\stm32f429i_discovery_lcd.o
                0x08001a14                BSP_LCD_GetTextColor
 .text.BSP_LCD_GetBackColor
                0x08001a2c       0x1c G:\development\repos\AvalonStudio\SampleProject\SampleProject\obj\stm32f429i_discovery_lcd.o
                0x08001a2c                BSP_LCD_GetBackColor
 .text.BSP_LCD_SetTextColor
                0x08001a48       0x18 G:\development\repos\AvalonStudio\SampleProject\SampleProject\obj\stm32f429i_discovery_lcd.o
                0x08001a48                BSP_LCD_SetTextColor
 .text.BSP_LCD_SetBackColor
                0x08001a60       0x1c G:\development\repos\AvalonStudio\SampleProject\SampleProject\obj\stm32f429i_discovery_lcd.o
                0x08001a60                BSP_LCD_SetBackColor
 .text.BSP_LCD_SetFont
                0x08001a7c       0x1c G:\development\repos\AvalonStudio\SampleProject\SampleProject\obj\stm32f429i_discovery_lcd.o
                0x08001a7c                BSP_LCD_SetFont
 .text.BSP_LCD_Init
                0x08001a98       0x98 G:\development\repos\AvalonStudio\SampleProject\SampleProject\obj\stm32f429i_discovery_lcd.o
                0x08001a98                BSP_LCD_Init
 .text.BSP_LCD_GetFont
                0x08001b30       0x1c G:\development\repos\AvalonStudio\SampleProject\SampleProject\obj\stm32f429i_discovery_lcd.o
                0x08001b30                BSP_LCD_GetFont
 .text.BSP_LCD_ReadPixel
                0x08001b4c       0x94 G:\development\repos\AvalonStudio\SampleProject\SampleProject\obj\stm32f429i_discovery_lcd.o
                0x08001b4c                BSP_LCD_ReadPixel
 .text.BSP_LCD_Clear
                0x08001be0       0x3c G:\development\repos\AvalonStudio\SampleProject\SampleProject\obj\stm32f429i_discovery_lcd.o
                0x08001be0                BSP_LCD_Clear
 .text.BSP_LCD_DrawHLine
                0x08001c1c       0x54 G:\development\repos\AvalonStudio\SampleProject\SampleProject\obj\stm32f429i_discovery_lcd.o
                0x08001c1c                BSP_LCD_DrawHLine
 .text.BSP_LCD_DrawVLine
                0x08001c70       0x5c G:\development\repos\AvalonStudio\SampleProject\SampleProject\obj\stm32f429i_discovery_lcd.o
                0x08001c70                BSP_LCD_DrawVLine
 .text.BSP_LCD_DrawRect
                0x08001ccc       0x34 G:\development\repos\AvalonStudio\SampleProject\SampleProject\obj\stm32f429i_discovery_lcd.o
                0x08001ccc                BSP_LCD_DrawRect
 .text.BSP_LCD_DrawBitmap
                0x08001d00       0xa8 G:\development\repos\AvalonStudio\SampleProject\SampleProject\obj\stm32f429i_discovery_lcd.o
                0x08001d00                BSP_LCD_DrawBitmap
 .text.BSP_LCD_FillRect
                0x08001da8       0x74 G:\development\repos\AvalonStudio\SampleProject\SampleProject\obj\stm32f429i_discovery_lcd.o
                0x08001da8                BSP_LCD_FillRect
 .text.BSP_LCD_ClearStringLine
                0x08001e1c       0x5c G:\development\repos\AvalonStudio\SampleProject\SampleProject\obj\stm32f429i_discovery_lcd.o
                0x08001e1c                BSP_LCD_ClearStringLine
 .text.BSP_LCD_FillEllipse
                0x08001e78       0xc0 G:\development\repos\AvalonStudio\SampleProject\SampleProject\obj\stm32f429i_discovery_lcd.o
                0x08001e78                BSP_LCD_FillEllipse
 .text.BSP_LCD_DisplayOn
                0x08001f38       0x14 G:\development\repos\AvalonStudio\SampleProject\SampleProject\obj\stm32f429i_discovery_lcd.o
                0x08001f38                BSP_LCD_DisplayOn
 .text.BSP_LCD_DisplayOff
                0x08001f4c       0x14 G:\development\repos\AvalonStudio\SampleProject\SampleProject\obj\stm32f429i_discovery_lcd.o
                0x08001f4c                BSP_LCD_DisplayOff
 .text.BSP_LCD_DrawPixel
                0x08001f60       0x2c G:\development\repos\AvalonStudio\SampleProject\SampleProject\obj\stm32f429i_discovery_lcd.o
                0x08001f60                BSP_LCD_DrawPixel
 .text.DrawChar
                0x08001f8c       0xe0 G:\development\repos\AvalonStudio\SampleProject\SampleProject\obj\stm32f429i_discovery_lcd.o
 .text.BSP_LCD_DisplayChar
                0x0800206c       0x34 G:\development\repos\AvalonStudio\SampleProject\SampleProject\obj\stm32f429i_discovery_lcd.o
                0x0800206c                BSP_LCD_DisplayChar
 .text.BSP_LCD_DisplayStringAt
                0x080020a0       0xc4 G:\development\repos\AvalonStudio\SampleProject\SampleProject\obj\stm32f429i_discovery_lcd.o
                0x080020a0                BSP_LCD_DisplayStringAt
 .text.BSP_LCD_DisplayStringAtLine
                0x08002164       0x20 G:\development\repos\AvalonStudio\SampleProject\SampleProject\obj\stm32f429i_discovery_lcd.o
                0x08002164                BSP_LCD_DisplayStringAtLine
 .text.BSP_LCD_DisplayStringAtLineMode
                0x08002184       0x20 G:\development\repos\AvalonStudio\SampleProject\SampleProject\obj\stm32f429i_discovery_lcd.o
                0x08002184                BSP_LCD_DisplayStringAtLineMode
 .text.BSP_LCD_DrawLine
                0x080021a4       0xf8 G:\development\repos\AvalonStudio\SampleProject\SampleProject\obj\stm32f429i_discovery_lcd.o
                0x080021a4                BSP_LCD_DrawLine
 .text.BSP_LCD_DrawPolygon
                0x0800229c       0x3c G:\development\repos\AvalonStudio\SampleProject\SampleProject\obj\stm32f429i_discovery_lcd.o
                0x0800229c                BSP_LCD_DrawPolygon
 .text.BSP_LCD_FillTriangle
                0x080022d8       0xf4 G:\development\repos\AvalonStudio\SampleProject\SampleProject\obj\stm32f429i_discovery_lcd.o
                0x080022d8                BSP_LCD_FillTriangle
 .text.BSP_LCD_FillPolygon
                0x080023cc      0x124 G:\development\repos\AvalonStudio\SampleProject\SampleProject\obj\stm32f429i_discovery_lcd.o
                0x080023cc                BSP_LCD_FillPolygon
 .text.BSP_LCD_DrawCircle
                0x080024f0      0x134 G:\development\repos\AvalonStudio\SampleProject\SampleProject\obj\stm32f429i_discovery_lcd.o
                0x080024f0                BSP_LCD_DrawCircle
 .text.BSP_LCD_FillCircle
                0x08002624       0xd0 G:\development\repos\AvalonStudio\SampleProject\SampleProject\obj\stm32f429i_discovery_lcd.o
                0x08002624                BSP_LCD_FillCircle
 .text.BSP_LCD_DrawEllipse
                0x080026f4      0x10c G:\development\repos\AvalonStudio\SampleProject\SampleProject\obj\stm32f429i_discovery_lcd.o
                0x080026f4                BSP_LCD_DrawEllipse
 .text          0x08002800        0x0 G:\development\repos\AvalonStudio\SampleProject\SampleProject\obj\stm32f4xx_hal_msp.o
 .text.HAL_MspInit
                0x08002800        0x4 G:\development\repos\AvalonStudio\SampleProject\SampleProject\obj\stm32f4xx_hal_msp.o
                0x08002800                HAL_MspInit
 .text.HAL_TIM_IC_MspInit
                0x08002804       0x8c G:\development\repos\AvalonStudio\SampleProject\SampleProject\obj\stm32f4xx_hal_msp.o
                0x08002804                HAL_TIM_IC_MspInit
 .text          0x08002890        0x0 G:\development\repos\AvalonStudio\SampleProject\SampleProject\obj\stm32f4xx_it.o
 .text.NMI_Handler
                0x08002890        0x4 G:\development\repos\AvalonStudio\SampleProject\SampleProject\obj\stm32f4xx_it.o
                0x08002890                NMI_Handler
 .text.HardFault_Handler
                0x08002894        0x4 G:\development\repos\AvalonStudio\SampleProject\SampleProject\obj\stm32f4xx_it.o
                0x08002894                HardFault_Handler
 .text.MemManage_Handler
                0x08002898        0x4 G:\development\repos\AvalonStudio\SampleProject\SampleProject\obj\stm32f4xx_it.o
                0x08002898                MemManage_Handler
 .text.BusFault_Handler
                0x0800289c        0x4 G:\development\repos\AvalonStudio\SampleProject\SampleProject\obj\stm32f4xx_it.o
                0x0800289c                BusFault_Handler
 .text.UsageFault_Handler
                0x080028a0        0x4 G:\development\repos\AvalonStudio\SampleProject\SampleProject\obj\stm32f4xx_it.o
                0x080028a0                UsageFault_Handler
 .text.SVC_Handler
                0x080028a4        0x4 G:\development\repos\AvalonStudio\SampleProject\SampleProject\obj\stm32f4xx_it.o
                0x080028a4                SVC_Handler
 .text.DebugMon_Handler
                0x080028a8        0x4 G:\development\repos\AvalonStudio\SampleProject\SampleProject\obj\stm32f4xx_it.o
                0x080028a8                DebugMon_Handler
 .text.PendSV_Handler
                0x080028ac        0x4 G:\development\repos\AvalonStudio\SampleProject\SampleProject\obj\stm32f4xx_it.o
                0x080028ac                PendSV_Handler
 .text.SysTick_Handler
                0x080028b0        0x8 G:\development\repos\AvalonStudio\SampleProject\SampleProject\obj\stm32f4xx_it.o
                0x080028b0                SysTick_Handler
 .text          0x080028b8        0x0 G:\development\repos\AvalonStudio\SampleProject\SampleProject\obj\libArmSystem.a(startup.o)
 .text.system_startup
                0x080028b8       0x3c G:\development\repos\AvalonStudio\SampleProject\SampleProject\obj\libArmSystem.a(startup.o)
                0x080028b8                system_startup
 .text.system_init
                0x080028f4       0x1c G:\development\repos\AvalonStudio\SampleProject\SampleProject\obj\libArmSystem.a(startup.o)
                0x080028f4                system_init
 .text.system_cleanup
                0x08002910       0x1c G:\development\repos\AvalonStudio\SampleProject\SampleProject\obj\libArmSystem.a(startup.o)
                0x08002910                system_cleanup
 .text          0x0800292c        0x0 G:\development\repos\AvalonStudio\SampleProject\SampleProject\obj\libSTM32HalPlatform.a(stm32f4xx_hal.o)
 .text.HAL_MspInit
                0x0800292c        0x4 G:\development\repos\AvalonStudio\SampleProject\SampleProject\obj\libSTM32HalPlatform.a(stm32f4xx_hal.o)
 .text.HAL_MspDeInit
                0x08002930        0x4 G:\development\repos\AvalonStudio\SampleProject\SampleProject\obj\libSTM32HalPlatform.a(stm32f4xx_hal.o)
                0x08002930                HAL_MspDeInit
 .text.HAL_DeInit
                0x08002934       0x2c G:\development\repos\AvalonStudio\SampleProject\SampleProject\obj\libSTM32HalPlatform.a(stm32f4xx_hal.o)
                0x08002934                HAL_DeInit
 .text.HAL_InitTick
                0x08002960       0x28 G:\development\repos\AvalonStudio\SampleProject\SampleProject\obj\libSTM32HalPlatform.a(stm32f4xx_hal.o)
                0x08002960                HAL_InitTick
 .text.HAL_Init
                0x08002988       0x34 G:\development\repos\AvalonStudio\SampleProject\SampleProject\obj\libSTM32HalPlatform.a(stm32f4xx_hal.o)
                0x08002988                HAL_Init
 .text.HAL_IncTick
                0x080029bc       0x10 G:\development\repos\AvalonStudio\SampleProject\SampleProject\obj\libSTM32HalPlatform.a(stm32f4xx_hal.o)
                0x080029bc                HAL_IncTick
 .text.HAL_GetTick
                0x080029cc        0xc G:\development\repos\AvalonStudio\SampleProject\SampleProject\obj\libSTM32HalPlatform.a(stm32f4xx_hal.o)
                0x080029cc                HAL_GetTick
 .text.HAL_Delay
                0x080029d8       0x1c G:\development\repos\AvalonStudio\SampleProject\SampleProject\obj\libSTM32HalPlatform.a(stm32f4xx_hal.o)
                0x080029d8                HAL_Delay
 .text.HAL_SuspendTick
                0x080029f4       0x10 G:\development\repos\AvalonStudio\SampleProject\SampleProject\obj\libSTM32HalPlatform.a(stm32f4xx_hal.o)
                0x080029f4                HAL_SuspendTick
 .text.HAL_ResumeTick
                0x08002a04       0x10 G:\development\repos\AvalonStudio\SampleProject\SampleProject\obj\libSTM32HalPlatform.a(stm32f4xx_hal.o)
                0x08002a04                HAL_ResumeTick
 .text.HAL_GetHalVersion
                0x08002a14        0x8 G:\development\repos\AvalonStudio\SampleProject\SampleProject\obj\libSTM32HalPlatform.a(stm32f4xx_hal.o)
                0x08002a14                HAL_GetHalVersion
 .text.HAL_GetREVID
                0x08002a1c        0xc G:\development\repos\AvalonStudio\SampleProject\SampleProject\obj\libSTM32HalPlatform.a(stm32f4xx_hal.o)
                0x08002a1c                HAL_GetREVID
 .text.HAL_GetDEVID
                0x08002a28       0x10 G:\development\repos\AvalonStudio\SampleProject\SampleProject\obj\libSTM32HalPlatform.a(stm32f4xx_hal.o)
                0x08002a28                HAL_GetDEVID
 .text.HAL_DBGMCU_EnableDBGSleepMode
                0x08002a38       0x10 G:\development\repos\AvalonStudio\SampleProject\SampleProject\obj\libSTM32HalPlatform.a(stm32f4xx_hal.o)
                0x08002a38                HAL_DBGMCU_EnableDBGSleepMode
 .text.HAL_DBGMCU_DisableDBGSleepMode
                0x08002a48       0x10 G:\development\repos\AvalonStudio\SampleProject\SampleProject\obj\libSTM32HalPlatform.a(stm32f4xx_hal.o)
                0x08002a48                HAL_DBGMCU_DisableDBGSleepMode
 .text.HAL_DBGMCU_EnableDBGStopMode
                0x08002a58       0x10 G:\development\repos\AvalonStudio\SampleProject\SampleProject\obj\libSTM32HalPlatform.a(stm32f4xx_hal.o)
                0x08002a58                HAL_DBGMCU_EnableDBGStopMode
 .text.HAL_DBGMCU_DisableDBGStopMode
                0x08002a68       0x10 G:\development\repos\AvalonStudio\SampleProject\SampleProject\obj\libSTM32HalPlatform.a(stm32f4xx_hal.o)
                0x08002a68                HAL_DBGMCU_DisableDBGStopMode
 .text.HAL_DBGMCU_EnableDBGStandbyMode
                0x08002a78       0x10 G:\development\repos\AvalonStudio\SampleProject\SampleProject\obj\libSTM32HalPlatform.a(stm32f4xx_hal.o)
                0x08002a78                HAL_DBGMCU_EnableDBGStandbyMode
 .text.HAL_DBGMCU_DisableDBGStandbyMode
                0x08002a88       0x10 G:\development\repos\AvalonStudio\SampleProject\SampleProject\obj\libSTM32HalPlatform.a(stm32f4xx_hal.o)
                0x08002a88                HAL_DBGMCU_DisableDBGStandbyMode
 .text.HAL_EnableCompensationCell
                0x08002a98       0x18 G:\development\repos\AvalonStudio\SampleProject\SampleProject\obj\libSTM32HalPlatform.a(stm32f4xx_hal.o)
                0x08002a98                HAL_EnableCompensationCell
 .text.HAL_DisableCompensationCell
                0x08002ab0       0x1c G:\development\repos\AvalonStudio\SampleProject\SampleProject\obj\libSTM32HalPlatform.a(stm32f4xx_hal.o)
                0x08002ab0                HAL_DisableCompensationCell
 .text.HAL_EnableMemorySwappingBank
                0x08002acc       0x20 G:\development\repos\AvalonStudio\SampleProject\SampleProject\obj\libSTM32HalPlatform.a(stm32f4xx_hal.o)
                0x08002acc                HAL_EnableMemorySwappingBank
 .text.HAL_DisableMemorySwappingBank
                0x08002aec       0x20 G:\development\repos\AvalonStudio\SampleProject\SampleProject\obj\libSTM32HalPlatform.a(stm32f4xx_hal.o)
                0x08002aec                HAL_DisableMemorySwappingBank
 .text          0x08002b0c        0x0 G:\development\repos\AvalonStudio\SampleProject\SampleProject\obj\libSTM32HalPlatform.a(stm32f4xx_hal_cortex.o)
 .text.HAL_NVIC_SetPriorityGrouping
                0x08002b0c       0x24 G:\development\repos\AvalonStudio\SampleProject\SampleProject\obj\libSTM32HalPlatform.a(stm32f4xx_hal_cortex.o)
                0x08002b0c                HAL_NVIC_SetPriorityGrouping
 .text.HAL_NVIC_SetPriority
                0x08002b30       0x64 G:\development\repos\AvalonStudio\SampleProject\SampleProject\obj\libSTM32HalPlatform.a(stm32f4xx_hal_cortex.o)
                0x08002b30                HAL_NVIC_SetPriority
 .text.HAL_NVIC_EnableIRQ
                0x08002b94       0x18 G:\development\repos\AvalonStudio\SampleProject\SampleProject\obj\libSTM32HalPlatform.a(stm32f4xx_hal_cortex.o)
                0x08002b94                HAL_NVIC_EnableIRQ
 .text.HAL_NVIC_DisableIRQ
                0x08002bac       0x18 G:\development\repos\AvalonStudio\SampleProject\SampleProject\obj\libSTM32HalPlatform.a(stm32f4xx_hal_cortex.o)
                0x08002bac                HAL_NVIC_DisableIRQ
 .text.HAL_NVIC_SystemReset
                0x08002bc4       0x20 G:\development\repos\AvalonStudio\SampleProject\SampleProject\obj\libSTM32HalPlatform.a(stm32f4xx_hal_cortex.o)
                0x08002bc4                HAL_NVIC_SystemReset
 .text.HAL_SYSTICK_Config
                0x08002be4       0x2c G:\development\repos\AvalonStudio\SampleProject\SampleProject\obj\libSTM32HalPlatform.a(stm32f4xx_hal_cortex.o)
                0x08002be4                HAL_SYSTICK_Config
 .text.HAL_NVIC_GetPriorityGrouping
                0x08002c10       0x10 G:\development\repos\AvalonStudio\SampleProject\SampleProject\obj\libSTM32HalPlatform.a(stm32f4xx_hal_cortex.o)
                0x08002c10                HAL_NVIC_GetPriorityGrouping
 .text.HAL_NVIC_GetPriority
                0x08002c20       0x5c G:\development\repos\AvalonStudio\SampleProject\SampleProject\obj\libSTM32HalPlatform.a(stm32f4xx_hal_cortex.o)
                0x08002c20                HAL_NVIC_GetPriority
 .text.HAL_NVIC_SetPendingIRQ
                0x08002c7c       0x18 G:\development\repos\AvalonStudio\SampleProject\SampleProject\obj\libSTM32HalPlatform.a(stm32f4xx_hal_cortex.o)
                0x08002c7c                HAL_NVIC_SetPendingIRQ
 .text.HAL_NVIC_GetPendingIRQ
                0x08002c94       0x20 G:\development\repos\AvalonStudio\SampleProject\SampleProject\obj\libSTM32HalPlatform.a(stm32f4xx_hal_cortex.o)
                0x08002c94                HAL_NVIC_GetPendingIRQ
 .text.HAL_NVIC_ClearPendingIRQ
                0x08002cb4       0x18 G:\development\repos\AvalonStudio\SampleProject\SampleProject\obj\libSTM32HalPlatform.a(stm32f4xx_hal_cortex.o)
                0x08002cb4                HAL_NVIC_ClearPendingIRQ
 .text.HAL_NVIC_GetActive
                0x08002ccc       0x20 G:\development\repos\AvalonStudio\SampleProject\SampleProject\obj\libSTM32HalPlatform.a(stm32f4xx_hal_cortex.o)
                0x08002ccc                HAL_NVIC_GetActive
 .text.HAL_SYSTICK_CLKSourceConfig
                0x08002cec       0x20 G:\development\repos\AvalonStudio\SampleProject\SampleProject\obj\libSTM32HalPlatform.a(stm32f4xx_hal_cortex.o)
                0x08002cec                HAL_SYSTICK_CLKSourceConfig
 .text.HAL_SYSTICK_Callback
                0x08002d0c        0x4 G:\development\repos\AvalonStudio\SampleProject\SampleProject\obj\libSTM32HalPlatform.a(stm32f4xx_hal_cortex.o)
                0x08002d0c                HAL_SYSTICK_Callback
 .text.HAL_SYSTICK_IRQHandler
                0x08002d10        0x8 G:\development\repos\AvalonStudio\SampleProject\SampleProject\obj\libSTM32HalPlatform.a(stm32f4xx_hal_cortex.o)
                0x08002d10                HAL_SYSTICK_IRQHandler
 .text          0x08002d18        0x0 G:\development\repos\AvalonStudio\SampleProject\SampleProject\obj\libSTM32HalPlatform.a(stm32f4xx_hal_dma.o)
 .text.DMA_SetConfig
                0x08002d18       0x2c G:\development\repos\AvalonStudio\SampleProject\SampleProject\obj\libSTM32HalPlatform.a(stm32f4xx_hal_dma.o)
 .text.HAL_DMA_Init
                0x08002d44       0x78 G:\development\repos\AvalonStudio\SampleProject\SampleProject\obj\libSTM32HalPlatform.a(stm32f4xx_hal_dma.o)
                0x08002d44                HAL_DMA_Init
 .text.HAL_DMA_DeInit
                0x08002dbc      0xe3c G:\development\repos\AvalonStudio\SampleProject\SampleProject\obj\libSTM32HalPlatform.a(stm32f4xx_hal_dma.o)
                0x08002dbc                HAL_DMA_DeInit
 .text.HAL_DMA_Start
                0x08003bf8       0x3c G:\development\repos\AvalonStudio\SampleProject\SampleProject\obj\libSTM32HalPlatform.a(stm32f4xx_hal_dma.o)
                0x08003bf8                HAL_DMA_Start
 .text.HAL_DMA_Start_IT
                0x08003c34       0x6c G:\development\repos\AvalonStudio\SampleProject\SampleProject\obj\libSTM32HalPlatform.a(stm32f4xx_hal_dma.o)
                0x08003c34                HAL_DMA_Start_IT
 .text.HAL_DMA_Abort
                0x08003ca0       0x50 G:\development\repos\AvalonStudio\SampleProject\SampleProject\obj\libSTM32HalPlatform.a(stm32f4xx_hal_dma.o)
                0x08003ca0                HAL_DMA_Abort
 .text.HAL_DMA_PollForTransfer
                0x08003cf0     0x243c G:\development\repos\AvalonStudio\SampleProject\SampleProject\obj\libSTM32HalPlatform.a(stm32f4xx_hal_dma.o)
                0x08003cf0                HAL_DMA_PollForTransfer
 .text.HAL_DMA_IRQHandler
                0x0800612c     0x236c G:\development\repos\AvalonStudio\SampleProject\SampleProject\obj\libSTM32HalPlatform.a(stm32f4xx_hal_dma.o)
                0x0800612c                HAL_DMA_IRQHandler
 .text.HAL_DMA_GetState
                0x08008498        0x8 G:\development\repos\AvalonStudio\SampleProject\SampleProject\obj\libSTM32HalPlatform.a(stm32f4xx_hal_dma.o)
                0x08008498                HAL_DMA_GetState
 .text.HAL_DMA_GetError
                0x080084a0        0x4 G:\development\repos\AvalonStudio\SampleProject\SampleProject\obj\libSTM32HalPlatform.a(stm32f4xx_hal_dma.o)
                0x080084a0                HAL_DMA_GetError
 .text          0x080084a4        0x0 G:\development\repos\AvalonStudio\SampleProject\SampleProject\obj\libSTM32HalPlatform.a(stm32f4xx_hal_gpio.o)
 .text.HAL_GPIO_Init
                0x080084a4      0x1e4 G:\development\repos\AvalonStudio\SampleProject\SampleProject\obj\libSTM32HalPlatform.a(stm32f4xx_hal_gpio.o)
                0x080084a4                HAL_GPIO_Init
 .text.HAL_GPIO_DeInit
                0x08008688      0x134 G:\development\repos\AvalonStudio\SampleProject\SampleProject\obj\libSTM32HalPlatform.a(stm32f4xx_hal_gpio.o)
                0x08008688                HAL_GPIO_DeInit
 .text.HAL_GPIO_ReadPin
                0x080087bc       0x10 G:\development\repos\AvalonStudio\SampleProject\SampleProject\obj\libSTM32HalPlatform.a(stm32f4xx_hal_gpio.o)
                0x080087bc                HAL_GPIO_ReadPin
 .text.HAL_GPIO_WritePin
                0x080087cc        0xc G:\development\repos\AvalonStudio\SampleProject\SampleProject\obj\libSTM32HalPlatform.a(stm32f4xx_hal_gpio.o)
                0x080087cc                HAL_GPIO_WritePin
 .text.HAL_GPIO_TogglePin
                0x080087d8        0x8 G:\development\repos\AvalonStudio\SampleProject\SampleProject\obj\libSTM32HalPlatform.a(stm32f4xx_hal_gpio.o)
                0x080087d8                HAL_GPIO_TogglePin
 .text.HAL_GPIO_LockPin
                0x080087e0       0x30 G:\development\repos\AvalonStudio\SampleProject\SampleProject\obj\libSTM32HalPlatform.a(stm32f4xx_hal_gpio.o)
                0x080087e0                HAL_GPIO_LockPin
 .text.HAL_GPIO_EXTI_Callback
                0x08008810        0x4 G:\development\repos\AvalonStudio\SampleProject\SampleProject\obj\libSTM32HalPlatform.a(stm32f4xx_hal_gpio.o)
                0x08008810                HAL_GPIO_EXTI_Callback
 .text.HAL_GPIO_EXTI_IRQHandler
                0x08008814       0x18 G:\development\repos\AvalonStudio\SampleProject\SampleProject\obj\libSTM32HalPlatform.a(stm32f4xx_hal_gpio.o)
                0x08008814                HAL_GPIO_EXTI_IRQHandler
 .text          0x0800882c        0x0 G:\development\repos\AvalonStudio\SampleProject\SampleProject\obj\libSTM32HalPlatform.a(stm32f4xx_hal_pwr_ex.o)
 .text.HAL_PWREx_EnableBkUpReg
                0x0800882c       0x48 G:\development\repos\AvalonStudio\SampleProject\SampleProject\obj\libSTM32HalPlatform.a(stm32f4xx_hal_pwr_ex.o)
                0x0800882c                HAL_PWREx_EnableBkUpReg
 .text.HAL_PWREx_DisableBkUpReg
                0x08008874       0x48 G:\development\repos\AvalonStudio\SampleProject\SampleProject\obj\libSTM32HalPlatform.a(stm32f4xx_hal_pwr_ex.o)
                0x08008874                HAL_PWREx_DisableBkUpReg
 .text.HAL_PWREx_EnableFlashPowerDown
                0x080088bc       0x20 G:\development\repos\AvalonStudio\SampleProject\SampleProject\obj\libSTM32HalPlatform.a(stm32f4xx_hal_pwr_ex.o)
                0x080088bc                HAL_PWREx_EnableFlashPowerDown
 .text.HAL_PWREx_DisableFlashPowerDown
                0x080088dc       0x20 G:\development\repos\AvalonStudio\SampleProject\SampleProject\obj\libSTM32HalPlatform.a(stm32f4xx_hal_pwr_ex.o)
                0x080088dc                HAL_PWREx_DisableFlashPowerDown
 .text.HAL_PWREx_GetVoltageRange
                0x080088fc       0x10 G:\development\repos\AvalonStudio\SampleProject\SampleProject\obj\libSTM32HalPlatform.a(stm32f4xx_hal_pwr_ex.o)
                0x080088fc                HAL_PWREx_GetVoltageRange
 .text.HAL_PWREx_ControlVoltageScaling
                0x0800890c       0xc0 G:\development\repos\AvalonStudio\SampleProject\SampleProject\obj\libSTM32HalPlatform.a(stm32f4xx_hal_pwr_ex.o)
                0x0800890c                HAL_PWREx_ControlVoltageScaling
 .text.HAL_PWREx_EnableOverDrive
                0x080089cc       0xa4 G:\development\repos\AvalonStudio\SampleProject\SampleProject\obj\libSTM32HalPlatform.a(stm32f4xx_hal_pwr_ex.o)
                0x080089cc                HAL_PWREx_EnableOverDrive
 .text.HAL_PWREx_DisableOverDrive
                0x08008a70       0xa4 G:\development\repos\AvalonStudio\SampleProject\SampleProject\obj\libSTM32HalPlatform.a(stm32f4xx_hal_pwr_ex.o)
                0x08008a70                HAL_PWREx_DisableOverDrive
 .text.HAL_PWREx_EnterUnderDriveSTOPMode
                0x08008b14       0x94 G:\development\repos\AvalonStudio\SampleProject\SampleProject\obj\libSTM32HalPlatform.a(stm32f4xx_hal_pwr_ex.o)
                0x08008b14                HAL_PWREx_EnterUnderDriveSTOPMode
 .text          0x08008ba8        0x0 G:\development\repos\AvalonStudio\SampleProject\SampleProject\obj\libSTM32HalPlatform.a(stm32f4xx_hal_rcc.o)
 .text.HAL_RCC_DeInit
                0x08008ba8       0x4c G:\development\repos\AvalonStudio\SampleProject\SampleProject\obj\libSTM32HalPlatform.a(stm32f4xx_hal_rcc.o)
                0x08008ba8                HAL_RCC_DeInit
 .text.HAL_RCC_OscConfig
                0x08008bf4      0x3d4 G:\development\repos\AvalonStudio\SampleProject\SampleProject\obj\libSTM32HalPlatform.a(stm32f4xx_hal_rcc.o)
                0x08008bf4                HAL_RCC_OscConfig
 .text.HAL_RCC_ClockConfig
                0x08008fc8      0x268 G:\development\repos\AvalonStudio\SampleProject\SampleProject\obj\libSTM32HalPlatform.a(stm32f4xx_hal_rcc.o)
                0x08008fc8                HAL_RCC_ClockConfig
 .text.HAL_RCC_MCOConfig
                0x08009230       0x98 G:\development\repos\AvalonStudio\SampleProject\SampleProject\obj\libSTM32HalPlatform.a(stm32f4xx_hal_rcc.o)
                0x08009230                HAL_RCC_MCOConfig
 .text.HAL_RCC_EnableCSS
                0x080092c8        0xc G:\development\repos\AvalonStudio\SampleProject\SampleProject\obj\libSTM32HalPlatform.a(stm32f4xx_hal_rcc.o)
                0x080092c8                HAL_RCC_EnableCSS
 .text.HAL_RCC_DisableCSS
                0x080092d4        0xc G:\development\repos\AvalonStudio\SampleProject\SampleProject\obj\libSTM32HalPlatform.a(stm32f4xx_hal_rcc.o)
                0x080092d4                HAL_RCC_DisableCSS
 .text.HAL_RCC_GetSysClockFreq
                0x080092e0       0x98 G:\development\repos\AvalonStudio\SampleProject\SampleProject\obj\libSTM32HalPlatform.a(stm32f4xx_hal_rcc.o)
                0x080092e0                HAL_RCC_GetSysClockFreq
 .text.HAL_RCC_GetHCLKFreq
                0x08009378       0x38 G:\development\repos\AvalonStudio\SampleProject\SampleProject\obj\libSTM32HalPlatform.a(stm32f4xx_hal_rcc.o)
                0x08009378                HAL_RCC_GetHCLKFreq
 .text.HAL_RCC_GetPCLK1Freq
                0x080093b0       0x30 G:\development\repos\AvalonStudio\SampleProject\SampleProject\obj\libSTM32HalPlatform.a(stm32f4xx_hal_rcc.o)
                0x080093b0                HAL_RCC_GetPCLK1Freq
 .text.HAL_RCC_GetPCLK2Freq
                0x080093e0       0x30 G:\development\repos\AvalonStudio\SampleProject\SampleProject\obj\libSTM32HalPlatform.a(stm32f4xx_hal_rcc.o)
                0x080093e0                HAL_RCC_GetPCLK2Freq
 .text.HAL_RCC_GetOscConfig
                0x08009410      0x108 G:\development\repos\AvalonStudio\SampleProject\SampleProject\obj\libSTM32HalPlatform.a(stm32f4xx_hal_rcc.o)
                0x08009410                HAL_RCC_GetOscConfig
 .text.HAL_RCC_GetClockConfig
                0x08009518       0x3c G:\development\repos\AvalonStudio\SampleProject\SampleProject\obj\libSTM32HalPlatform.a(stm32f4xx_hal_rcc.o)
                0x08009518                HAL_RCC_GetClockConfig
 .text.HAL_RCC_CSSCallback
                0x08009554        0x4 G:\development\repos\AvalonStudio\SampleProject\SampleProject\obj\libSTM32HalPlatform.a(stm32f4xx_hal_rcc.o)
                0x08009554                HAL_RCC_CSSCallback
 .text.HAL_RCC_NMI_IRQHandler
                0x08009558       0x20 G:\development\repos\AvalonStudio\SampleProject\SampleProject\obj\libSTM32HalPlatform.a(stm32f4xx_hal_rcc.o)
                0x08009558                HAL_RCC_NMI_IRQHandler
 .text          0x08009578        0x0 G:\development\repos\AvalonStudio\SampleProject\SampleProject\obj\libSTM32HalPlatform.a(stm32f4xx_hal_rcc_ex.o)
 .text.HAL_RCCEx_PeriphCLKConfig
                0x08009578      0x310 G:\development\repos\AvalonStudio\SampleProject\SampleProject\obj\libSTM32HalPlatform.a(stm32f4xx_hal_rcc_ex.o)
                0x08009578                HAL_RCCEx_PeriphCLKConfig
 .text.HAL_RCCEx_GetPeriphCLKConfig
                0x08009888      0x104 G:\development\repos\AvalonStudio\SampleProject\SampleProject\obj\libSTM32HalPlatform.a(stm32f4xx_hal_rcc_ex.o)
                0x08009888                HAL_RCCEx_GetPeriphCLKConfig
 .text          0x0800998c        0x0 G:\development\repos\AvalonStudio\SampleProject\SampleProject\obj\libSTM32HalPlatform.a(stm32f4xx_hal_spi.o)
 .text.SPI_WaitOnFlagUntilTimeout
                0x0800998c       0xe4 G:\development\repos\AvalonStudio\SampleProject\SampleProject\obj\libSTM32HalPlatform.a(stm32f4xx_hal_spi.o)
 .text.SPI_DMAEndTransmitReceive
                0x08009a70       0xa0 G:\development\repos\AvalonStudio\SampleProject\SampleProject\obj\libSTM32HalPlatform.a(stm32f4xx_hal_spi.o)
 .text.HAL_SPI_MspInit
                0x08009b10        0x4 G:\development\repos\AvalonStudio\SampleProject\SampleProject\obj\libSTM32HalPlatform.a(stm32f4xx_hal_spi.o)
                0x08009b10                HAL_SPI_MspInit
 .text.HAL_SPI_Init
                0x08009b14       0x84 G:\development\repos\AvalonStudio\SampleProject\SampleProject\obj\libSTM32HalPlatform.a(stm32f4xx_hal_spi.o)
                0x08009b14                HAL_SPI_Init
 .text.HAL_SPI_MspDeInit
                0x08009b98        0x4 G:\development\repos\AvalonStudio\SampleProject\SampleProject\obj\libSTM32HalPlatform.a(stm32f4xx_hal_spi.o)
                0x08009b98                HAL_SPI_MspDeInit
 .text.HAL_SPI_DeInit
                0x08009b9c       0x28 G:\development\repos\AvalonStudio\SampleProject\SampleProject\obj\libSTM32HalPlatform.a(stm32f4xx_hal_spi.o)
                0x08009b9c                HAL_SPI_DeInit
 .text.HAL_SPI_Transmit
                0x08009bc4      0x1b4 G:\development\repos\AvalonStudio\SampleProject\SampleProject\obj\libSTM32HalPlatform.a(stm32f4xx_hal_spi.o)
                0x08009bc4                HAL_SPI_Transmit
 .text.HAL_SPI_TransmitReceive
                0x08009d78      0x340 G:\development\repos\AvalonStudio\SampleProject\SampleProject\obj\libSTM32HalPlatform.a(stm32f4xx_hal_spi.o)
                0x08009d78                HAL_SPI_TransmitReceive
 .text.HAL_SPI_Receive
                0x0800a0b8      0x21c G:\development\repos\AvalonStudio\SampleProject\SampleProject\obj\libSTM32HalPlatform.a(stm32f4xx_hal_spi.o)
                0x0800a0b8                HAL_SPI_Receive
 .text.HAL_SPI_Transmit_IT
                0x0800a2d4       0xbc G:\development\repos\AvalonStudio\SampleProject\SampleProject\obj\libSTM32HalPlatform.a(stm32f4xx_hal_spi.o)
                0x0800a2d4                HAL_SPI_Transmit_IT
 .text.HAL_SPI_TransmitReceive_IT
                0x0800a390       0xcc G:\development\repos\AvalonStudio\SampleProject\SampleProject\obj\libSTM32HalPlatform.a(stm32f4xx_hal_spi.o)
                0x0800a390                HAL_SPI_TransmitReceive_IT
 .text.HAL_SPI_Receive_IT
                0x0800a45c       0xc8 G:\development\repos\AvalonStudio\SampleProject\SampleProject\obj\libSTM32HalPlatform.a(stm32f4xx_hal_spi.o)
                0x0800a45c                HAL_SPI_Receive_IT
 .text.HAL_SPI_Transmit_DMA
                0x0800a524       0xcc G:\development\repos\AvalonStudio\SampleProject\SampleProject\obj\libSTM32HalPlatform.a(stm32f4xx_hal_spi.o)
                0x0800a524                HAL_SPI_Transmit_DMA
 .text.HAL_SPI_TransmitReceive_DMA
                0x0800a5f0      0x140 G:\development\repos\AvalonStudio\SampleProject\SampleProject\obj\libSTM32HalPlatform.a(stm32f4xx_hal_spi.o)
                0x0800a5f0                HAL_SPI_TransmitReceive_DMA
 .text.HAL_SPI_Receive_DMA
                0x0800a730       0xec G:\development\repos\AvalonStudio\SampleProject\SampleProject\obj\libSTM32HalPlatform.a(stm32f4xx_hal_spi.o)
                0x0800a730                HAL_SPI_Receive_DMA
 .text.HAL_SPI_DMAPause
                0x0800a81c       0x30 G:\development\repos\AvalonStudio\SampleProject\SampleProject\obj\libSTM32HalPlatform.a(stm32f4xx_hal_spi.o)
                0x0800a81c                HAL_SPI_DMAPause
 .text.HAL_SPI_DMAResume
                0x0800a84c       0x30 G:\development\repos\AvalonStudio\SampleProject\SampleProject\obj\libSTM32HalPlatform.a(stm32f4xx_hal_spi.o)
                0x0800a84c                HAL_SPI_DMAResume
 .text.HAL_SPI_DMAStop
                0x0800a87c       0x34 G:\development\repos\AvalonStudio\SampleProject\SampleProject\obj\libSTM32HalPlatform.a(stm32f4xx_hal_spi.o)
                0x0800a87c                HAL_SPI_DMAStop
 .text.HAL_SPI_TxCpltCallback
                0x0800a8b0        0x4 G:\development\repos\AvalonStudio\SampleProject\SampleProject\obj\libSTM32HalPlatform.a(stm32f4xx_hal_spi.o)
                0x0800a8b0                HAL_SPI_TxCpltCallback
 .text.HAL_SPI_RxCpltCallback
                0x0800a8b4        0x4 G:\development\repos\AvalonStudio\SampleProject\SampleProject\obj\libSTM32HalPlatform.a(stm32f4xx_hal_spi.o)
                0x0800a8b4                HAL_SPI_RxCpltCallback
 .text.HAL_SPI_TxRxCpltCallback
                0x0800a8b8        0x4 G:\development\repos\AvalonStudio\SampleProject\SampleProject\obj\libSTM32HalPlatform.a(stm32f4xx_hal_spi.o)
                0x0800a8b8                HAL_SPI_TxRxCpltCallback
 .text.HAL_SPI_TxHalfCpltCallback
                0x0800a8bc        0x4 G:\development\repos\AvalonStudio\SampleProject\SampleProject\obj\libSTM32HalPlatform.a(stm32f4xx_hal_spi.o)
                0x0800a8bc                HAL_SPI_TxHalfCpltCallback
 .text.SPI_DMAHalfTransmitCplt
                0x0800a8c0        0xc G:\development\repos\AvalonStudio\SampleProject\SampleProject\obj\libSTM32HalPlatform.a(stm32f4xx_hal_spi.o)
 .text.HAL_SPI_RxHalfCpltCallback
                0x0800a8cc        0x4 G:\development\repos\AvalonStudio\SampleProject\SampleProject\obj\libSTM32HalPlatform.a(stm32f4xx_hal_spi.o)
                0x0800a8cc                HAL_SPI_RxHalfCpltCallback
 .text.SPI_DMAHalfReceiveCplt
                0x0800a8d0        0xc G:\development\repos\AvalonStudio\SampleProject\SampleProject\obj\libSTM32HalPlatform.a(stm32f4xx_hal_spi.o)
 .text.HAL_SPI_TxRxHalfCpltCallback
                0x0800a8dc        0x4 G:\development\repos\AvalonStudio\SampleProject\SampleProject\obj\libSTM32HalPlatform.a(stm32f4xx_hal_spi.o)
                0x0800a8dc                HAL_SPI_TxRxHalfCpltCallback
 .text.SPI_DMAHalfTransmitReceiveCplt
                0x0800a8e0        0xc G:\development\repos\AvalonStudio\SampleProject\SampleProject\obj\libSTM32HalPlatform.a(stm32f4xx_hal_spi.o)
 .text.HAL_SPI_ErrorCallback
                0x0800a8ec        0x4 G:\development\repos\AvalonStudio\SampleProject\SampleProject\obj\libSTM32HalPlatform.a(stm32f4xx_hal_spi.o)
                0x0800a8ec                HAL_SPI_ErrorCallback
 .text.SPI_TxCloseIRQHandler
                0x0800a8f0       0x98 G:\development\repos\AvalonStudio\SampleProject\SampleProject\obj\libSTM32HalPlatform.a(stm32f4xx_hal_spi.o)
 .text.SPI_TxISR
                0x0800a988       0x44 G:\development\repos\AvalonStudio\SampleProject\SampleProject\obj\libSTM32HalPlatform.a(stm32f4xx_hal_spi.o)
 .text.SPI_RxCloseIRQHandler
                0x0800a9cc       0xe0 G:\development\repos\AvalonStudio\SampleProject\SampleProject\obj\libSTM32HalPlatform.a(stm32f4xx_hal_spi.o)
 .text.SPI_RxISR
                0x0800aaac       0x4c G:\development\repos\AvalonStudio\SampleProject\SampleProject\obj\libSTM32HalPlatform.a(stm32f4xx_hal_spi.o)
 .text.SPI_2LinesRxISR
                0x0800aaf8       0x34 G:\development\repos\AvalonStudio\SampleProject\SampleProject\obj\libSTM32HalPlatform.a(stm32f4xx_hal_spi.o)
 .text.SPI_DMAError
                0x0800ab2c       0x20 G:\development\repos\AvalonStudio\SampleProject\SampleProject\obj\libSTM32HalPlatform.a(stm32f4xx_hal_spi.o)
 .text.SPI_DMATransmitCplt
                0x0800ab4c       0x78 G:\development\repos\AvalonStudio\SampleProject\SampleProject\obj\libSTM32HalPlatform.a(stm32f4xx_hal_spi.o)
 .text.SPI_DMAReceiveCplt
                0x0800abc4       0xd0 G:\development\repos\AvalonStudio\SampleProject\SampleProject\obj\libSTM32HalPlatform.a(stm32f4xx_hal_spi.o)
 .text.SPI_DMATransmitReceiveCplt
                0x0800ac94       0x38 G:\development\repos\AvalonStudio\SampleProject\SampleProject\obj\libSTM32HalPlatform.a(stm32f4xx_hal_spi.o)
 .text.HAL_SPI_IRQHandler
                0x0800accc       0xc8 G:\development\repos\AvalonStudio\SampleProject\SampleProject\obj\libSTM32HalPlatform.a(stm32f4xx_hal_spi.o)
                0x0800accc                HAL_SPI_IRQHandler
 .text.HAL_SPI_GetState
                0x0800ad94        0x8 G:\development\repos\AvalonStudio\SampleProject\SampleProject\obj\libSTM32HalPlatform.a(stm32f4xx_hal_spi.o)
                0x0800ad94                HAL_SPI_GetState
 .text.HAL_SPI_GetError
                0x0800ad9c        0x4 G:\development\repos\AvalonStudio\SampleProject\SampleProject\obj\libSTM32HalPlatform.a(stm32f4xx_hal_spi.o)
                0x0800ad9c                HAL_SPI_GetError
 .text          0x0800ada0        0x0 G:\development\repos\AvalonStudio\SampleProject\SampleProject\obj\libSTM32HalPlatform.a(system_stm32f4xx.o)
 .text.SystemInit_ExtMemCtl
                0x0800ada0       0xe4 G:\development\repos\AvalonStudio\SampleProject\SampleProject\obj\libSTM32HalPlatform.a(system_stm32f4xx.o)
 .text.SystemInit
                0x0800ae84       0x50 G:\development\repos\AvalonStudio\SampleProject\SampleProject\obj\libSTM32HalPlatform.a(system_stm32f4xx.o)
                0x0800ae84                SystemInit
 .text.SystemCoreClockUpdate
                0x0800aed4       0xa0 G:\development\repos\AvalonStudio\SampleProject\SampleProject\obj\libSTM32HalPlatform.a(system_stm32f4xx.o)
                0x0800aed4                SystemCoreClockUpdate
 *(.init)
 *(.fini)
 *crtbegin.o(.ctors)
 *crtbegin?.o(.ctors)
 *(EXCLUDE_FILE(*crtend.o *crtend?.o) .ctors)
 *(SORT(.ctors.*))
 *(.ctors)
 *crtbegin.o(.dtors)
 *crtbegin?.o(.dtors)
 *(EXCLUDE_FILE(*crtend.o *crtend?.o) .dtors)
 *(SORT(.dtors.*))
 *(.dtors)
 *(.rodata*)
 .rodata.Font12_Table
                0x0800af74      0x474 G:\development\repos\AvalonStudio\SampleProject\SampleProject\obj\font12.o
                0x0800af74                Font12_Table
 .rodata.Font20_Table
                0x0800b3e8      0xed8 G:\development\repos\AvalonStudio\SampleProject\SampleProject\obj\font20.o
                0x0800b3e8                Font20_Table
 .rodata.Font16_Table
                0x0800c2c0      0xbe0 G:\development\repos\AvalonStudio\SampleProject\SampleProject\obj\font16.o
                0x0800c2c0                Font16_Table
 .rodata.Font8_Table
                0x0800cea0      0x2f8 G:\development\repos\AvalonStudio\SampleProject\SampleProject\obj\font8.o
                0x0800cea0                Font8_Table
 .rodata.Font24_Table
                0x0800d198     0x1ab8 G:\development\repos\AvalonStudio\SampleProject\SampleProject\obj\font24.o
                0x0800d198                Font24_Table
 .rodata.str1.4
                0x0800ec50       0x2c G:\development\repos\AvalonStudio\SampleProject\SampleProject\obj\main.o
                                 0x2a (size before relaxing)
 .rodata.BUTTON_IRQn
                0x0800ec7c        0x1 G:\development\repos\AvalonStudio\SampleProject\SampleProject\obj\stm32f429i_discovery.o
                0x0800ec7c                BUTTON_IRQn
 *fill*         0x0800ec7d        0x3 
 .rodata.BUTTON_PIN
                0x0800ec80        0x2 G:\development\repos\AvalonStudio\SampleProject\SampleProject\obj\stm32f429i_discovery.o
                0x0800ec80                BUTTON_PIN
 *fill*         0x0800ec82        0x2 
 .rodata.GPIO_PIN
                0x0800ec84        0x4 G:\development\repos\AvalonStudio\SampleProject\SampleProject\obj\stm32f429i_discovery.o
                0x0800ec84                GPIO_PIN
 .rodata.APBAHBPrescTable
                0x0800ec88       0x10 G:\development\repos\AvalonStudio\SampleProject\SampleProject\obj\libSTM32HalPlatform.a(stm32f4xx_hal_rcc.o)
                0x0800ec88                APBAHBPrescTable
 .rodata.AHBPrescTable
                0x0800ec98       0x10 G:\development\repos\AvalonStudio\SampleProject\SampleProject\obj\libSTM32HalPlatform.a(system_stm32f4xx.o)
                0x0800ec98                AHBPrescTable
 *(.eh_fram e*)

.glue_7         0x0800eca8        0x0
 .glue_7        0x00000000        0x0 linker stubs

.glue_7t        0x0800eca8        0x0
 .glue_7t       0x00000000        0x0 linker stubs

.vfp11_veneer   0x0800eca8        0x0
 .vfp11_veneer  0x00000000        0x0 linker stubs

.v4_bx          0x0800eca8        0x0
 .v4_bx         0x00000000        0x0 linker stubs

.iplt           0x0800eca8        0x0
 .iplt          0x00000000        0x0 G:\development\repos\AvalonStudio\SampleProject\SampleProject\obj\font12.o

.rel.dyn        0x0800eca8        0x0
 .rel.iplt      0x00000000        0x0 G:\development\repos\AvalonStudio\SampleProject\SampleProject\obj\font12.o

.ARM.extab
 *(.ARM.extab* .gnu.linkonce.armextab.*)
                0x0800eca8                __exidx_start = .

.ARM.exidx
 *(.ARM.exidx* .gnu.linkonce.armexidx.*)
                0x0800eca8                __exidx_end = .
                0x0800eca8                __etext = .
                0x0800eca8                _data_flash = .

.data           0x20000000       0x78 load address 0x0800eca8
                0x20000000                . = ALIGN (0x4)
                0x20000000                _data_begin = .
 *(vtable)
 *(.data)
 .data          0x20000000        0x0 G:\development\repos\AvalonStudio\SampleProject\SampleProject\obj\font12.o
 .data          0x20000000        0x0 G:\development\repos\AvalonStudio\SampleProject\SampleProject\obj\font20.o
 .data          0x20000000        0x0 G:\development\repos\AvalonStudio\SampleProject\SampleProject\obj\font16.o
 .data          0x20000000        0x0 G:\development\repos\AvalonStudio\SampleProject\SampleProject\obj\ili9341.o
 .data          0x20000000        0x0 G:\development\repos\AvalonStudio\SampleProject\SampleProject\obj\font8.o
 .data          0x20000000        0x0 G:\development\repos\AvalonStudio\SampleProject\SampleProject\obj\font24.o
 .data          0x20000000        0x0 G:\development\repos\AvalonStudio\SampleProject\SampleProject\obj\lcd_log.o
 .data          0x20000000        0x0 G:\development\repos\AvalonStudio\SampleProject\SampleProject\obj\main.o
 .data          0x20000000        0x0 G:\development\repos\AvalonStudio\SampleProject\SampleProject\obj\startup_stm32f40xx.o
 .data          0x20000000        0x0 G:\development\repos\AvalonStudio\SampleProject\SampleProject\obj\stm32f429i_discovery_eeprom.o
 .data          0x20000000        0x0 G:\development\repos\AvalonStudio\SampleProject\SampleProject\obj\stm32f429i_discovery.o
 .data          0x20000000        0x0 G:\development\repos\AvalonStudio\SampleProject\SampleProject\obj\stm32f429i_discovery_io.o
 .data          0x20000000        0x0 G:\development\repos\AvalonStudio\SampleProject\SampleProject\obj\stm32f429i_discovery_sdram.o
 .data          0x20000000        0x0 G:\development\repos\AvalonStudio\SampleProject\SampleProject\obj\STM32F4Graphic.o
 .data          0x20000000        0x0 G:\development\repos\AvalonStudio\SampleProject\SampleProject\obj\stm32f429i_discovery_lcd.o
 .data          0x20000000        0x0 G:\development\repos\AvalonStudio\SampleProject\SampleProject\obj\stm32f4xx_hal_msp.o
 .data          0x20000000        0x0 G:\development\repos\AvalonStudio\SampleProject\SampleProject\obj\stm32f4xx_it.o
 .data          0x20000000        0x0 G:\development\repos\AvalonStudio\SampleProject\SampleProject\obj\libArmSystem.a(startup.o)
 .data          0x20000000        0x0 G:\development\repos\AvalonStudio\SampleProject\SampleProject\obj\libSTM32HalPlatform.a(stm32f4xx_hal.o)
 .data          0x20000000        0x0 G:\development\repos\AvalonStudio\SampleProject\SampleProject\obj\libSTM32HalPlatform.a(stm32f4xx_hal_cortex.o)
 .data          0x20000000        0x0 G:\development\repos\AvalonStudio\SampleProject\SampleProject\obj\libSTM32HalPlatform.a(stm32f4xx_hal_dma.o)
 .data          0x20000000        0x0 G:\development\repos\AvalonStudio\SampleProject\SampleProject\obj\libSTM32HalPlatform.a(stm32f4xx_hal_gpio.o)
 .data          0x20000000        0x0 G:\development\repos\AvalonStudio\SampleProject\SampleProject\obj\libSTM32HalPlatform.a(stm32f4xx_hal_pwr_ex.o)
 .data          0x20000000        0x0 G:\development\repos\AvalonStudio\SampleProject\SampleProject\obj\libSTM32HalPlatform.a(stm32f4xx_hal_rcc.o)
 .data          0x20000000        0x0 G:\development\repos\AvalonStudio\SampleProject\SampleProject\obj\libSTM32HalPlatform.a(stm32f4xx_hal_rcc_ex.o)
 .data          0x20000000        0x0 G:\development\repos\AvalonStudio\SampleProject\SampleProject\obj\libSTM32HalPlatform.a(stm32f4xx_hal_spi.o)
 .data          0x20000000        0x0 G:\development\repos\AvalonStudio\SampleProject\SampleProject\obj\libSTM32HalPlatform.a(system_stm32f4xx.o)
 *(.data*)
 .data.Font12   0x20000000        0x8 G:\development\repos\AvalonStudio\SampleProject\SampleProject\obj\font12.o
                0x20000000                Font12
 .data.Font20   0x20000008        0x8 G:\development\repos\AvalonStudio\SampleProject\SampleProject\obj\font20.o
                0x20000008                Font20
 .data.Font16   0x20000010        0x8 G:\development\repos\AvalonStudio\SampleProject\SampleProject\obj\font16.o
                0x20000010                Font16
 .data.ili9341_drv
                0x20000018       0x38 G:\development\repos\AvalonStudio\SampleProject\SampleProject\obj\ili9341.o
                0x20000018                ili9341_drv
 .data.Font8    0x20000050        0x8 G:\development\repos\AvalonStudio\SampleProject\SampleProject\obj\font8.o
                0x20000050                Font8
 .data.Font24   0x20000058        0x8 G:\development\repos\AvalonStudio\SampleProject\SampleProject\obj\font24.o
                0x20000058                Font24
 .data.GPIO_PORT
                0x20000060        0x8 G:\development\repos\AvalonStudio\SampleProject\SampleProject\obj\stm32f429i_discovery.o
                0x20000060                GPIO_PORT
 .data.SpixTimeout
                0x20000068        0x4 G:\development\repos\AvalonStudio\SampleProject\SampleProject\obj\stm32f429i_discovery.o
                0x20000068                SpixTimeout
 .data.BUTTON_PORT
                0x2000006c        0x4 G:\development\repos\AvalonStudio\SampleProject\SampleProject\obj\stm32f429i_discovery.o
                0x2000006c                BUTTON_PORT
 .data.I2cxTimeout
                0x20000070        0x4 G:\development\repos\AvalonStudio\SampleProject\SampleProject\obj\stm32f429i_discovery.o
                0x20000070                I2cxTimeout
 .data.SystemCoreClock
                0x20000074        0x4 G:\development\repos\AvalonStudio\SampleProject\SampleProject\obj\libSTM32HalPlatform.a(system_stm32f4xx.o)
                0x20000074                SystemCoreClock
                0x20000078                . = ALIGN (0x4)
                0x20000078                PROVIDE (__preinit_array_start, .)
 *(.preinit_array)
[...]
 .debug_str     0x00000505      0x3a9 G:\development\repos\AvalonStudio\SampleProject\SampleProject\obj\lcd_log.o
                                0x578 (size before relaxing)
 .debug_str     0x000008ae      0x495 G:\development\repos\AvalonStudio\SampleProject\SampleProject\obj\main.o
                                0x6fd (size before relaxing)
 .debug_str     0x00000d43       0xce G:\development\repos\AvalonStudio\SampleProject\SampleProject\obj\startup_stm32f40xx.o
                                0x20f (size before relaxing)
 .debug_str     0x00000e11       0x5c G:\development\repos\AvalonStudio\SampleProject\SampleProject\obj\stm32f429i_discovery_eeprom.o
                                0x1ec (size before relaxing)
 .debug_str     0x00000e6d      0xfb9 G:\development\repos\AvalonStudio\SampleProject\SampleProject\obj\stm32f429i_discovery.o
                               0x13d9 (size before relaxing)
 .debug_str     0x00001e26      0x1ac G:\development\repos\AvalonStudio\SampleProject\SampleProject\obj\stm32f429i_discovery_io.o
                                0x39b (size before relaxing)
 .debug_str     0x00001fd2      0x4bc G:\development\repos\AvalonStudio\SampleProject\SampleProject\obj\stm32f429i_discovery_sdram.o
                               0x107a (size before relaxing)
 .debug_str     0x0000248e      0x242 G:\development\repos\AvalonStudio\SampleProject\SampleProject\obj\STM32F4Graphic.o
                                0x4d5 (size before relaxing)
 .debug_str     0x000026d0      0x9dd G:\development\repos\AvalonStudio\SampleProject\SampleProject\obj\stm32f429i_discovery_lcd.o
                               0x1250 (size before relaxing)
 .debug_str     0x000030ad      0x224 G:\development\repos\AvalonStudio\SampleProject\SampleProject\obj\stm32f4xx_hal_msp.o
                                0x81f (size before relaxing)
 .debug_str     0x000032d1       0xe9 G:\development\repos\AvalonStudio\SampleProject\SampleProject\obj\stm32f4xx_it.o
                                0x279 (size before relaxing)
 .debug_str     0x000033ba       0xdc G:\development\repos\AvalonStudio\SampleProject\SampleProject\obj\libArmSystem.a(startup.o)
                                0x249 (size before relaxing)
 .debug_str     0x00003496      0x2ef G:\development\repos\AvalonStudio\SampleProject\SampleProject\obj\libSTM32HalPlatform.a(stm32f4xx_hal.o)
                                0xba8 (size before relaxing)
 .debug_str     0x00003785      0x2c5 G:\development\repos\AvalonStudio\SampleProject\SampleProject\obj\libSTM32HalPlatform.a(stm32f4xx_hal_cortex.o)
                                0xb80 (size before relaxing)
 .debug_str     0x00003a4a      0x172 G:\development\repos\AvalonStudio\SampleProject\SampleProject\obj\libSTM32HalPlatform.a(stm32f4xx_hal_dma.o)
                                0x635 (size before relaxing)
 .debug_str     0x00003bbc      0x131 G:\development\repos\AvalonStudio\SampleProject\SampleProject\obj\libSTM32HalPlatform.a(stm32f4xx_hal_gpio.o)
                                0x544 (size before relaxing)
 .debug_str     0x00003ced      0x183 G:\development\repos\AvalonStudio\SampleProject\SampleProject\obj\libSTM32HalPlatform.a(stm32f4xx_hal_pwr_ex.o)
                                0x555 (size before relaxing)
 .debug_str     0x00003e70      0x1bb G:\development\repos\AvalonStudio\SampleProject\SampleProject\obj\libSTM32HalPlatform.a(stm32f4xx_hal_rcc.o)
                                0x725 (size before relaxing)
 .debug_str     0x0000402b       0xa7 G:\development\repos\AvalonStudio\SampleProject\SampleProject\obj\libSTM32HalPlatform.a(stm32f4xx_hal_rcc_ex.o)
                                0x4fa (size before relaxing)
 .debug_str     0x000040d2      0x371 G:\development\repos\AvalonStudio\SampleProject\SampleProject\obj\libSTM32HalPlatform.a(stm32f4xx_hal_spi.o)
                                0xaa0 (size before relaxing)
 .debug_str     0x00004443       0xf1 G:\development\repos\AvalonStudio\SampleProject\SampleProject\obj\libSTM32HalPlatform.a(system_stm32f4xx.o)
                                0x436 (size before relaxing)

.comment        0x00000000       0x70
 .comment       0x00000000       0x70 G:\development\repos\AvalonStudio\SampleProject\SampleProject\obj\font12.o
                                 0x71 (size before relaxing)
 .comment       0x00000000       0x71 G:\development\repos\AvalonStudio\SampleProject\SampleProject\obj\font20.o
 .comment       0x00000000       0x71 G:\development\repos\AvalonStudio\SampleProject\SampleProject\obj\font16.o
 .comment       0x00000000       0x71 G:\development\repos\AvalonStudio\SampleProject\SampleProject\obj\ili9341.o
 .comment       0x00000000       0x71 G:\development\repos\AvalonStudio\SampleProject\SampleProject\obj\font8.o
 .comment       0x00000000       0x71 G:\development\repos\AvalonStudio\SampleProject\SampleProject\obj\font24.o
 .comment       0x00000000       0x71 G:\development\repos\AvalonStudio\SampleProject\SampleProject\obj\lcd_log.o
 .comment       0x00000000       0x71 G:\development\repos\AvalonStudio\SampleProject\SampleProject\obj\main.o
 .comment       0x00000000       0x71 G:\development\repos\AvalonStudio\SampleProject\SampleProject\obj\startup_stm32f40xx.o
 .comment       0x00000000       0x71 G:\development\repos\AvalonStudio\SampleProject\SampleProject\obj\stm32f429i_discovery_eeprom.o
 .comment       0x00000000       0x71 G:\development\repos\AvalonStudio\SampleProject\SampleProject\obj\stm32f429i_discovery.o
 .comment       0x00000000       0x71 G:\development\repos\AvalonStudio\SampleProject\SampleProject\obj\stm32f429i_discovery_io.o
 .comment       0x00000000       0x71 G:\development\repos\AvalonStudio\SampleProject\SampleProject\obj\stm32f429i_discovery_sdram.o
 .comment       0x00000000       0x71 G:\development\repos\AvalonStudio\SampleProject\SampleProject\obj\STM32F4Graphic.o
 .comment       0x00000000       0x71 G:\development\repos\AvalonStudio\SampleProject\SampleProject\obj\stm32f429i_discovery_lcd.o
 .comment       0x00000000       0x71 G:\development\repos\AvalonStudio\SampleProject\SampleProject\obj\stm32f4xx_hal_msp.o
 .comment       0x00000000       0x71 G:\development\repos\AvalonStudio\SampleProject\SampleProject\obj\stm32f4xx_it.o
 .comment       0x00000000       0x71 G:\development\repos\AvalonStudio\SampleProject\SampleProject\obj\libArmSystem.a(startup.o)
 .comment       0x00000000       0x71 G:\development\repos\AvalonStudio\SampleProject\SampleProject\obj\libSTM32HalPlatform.a(stm32f4xx_hal.o)
 .comment       0x00000000       0x71 G:\development\repos\AvalonStudio\SampleProject\SampleProject\obj\libSTM32HalPlatform.a(stm32f4xx_hal_cortex.o)
 .comment       0x00000000       0x71 G:\development\repos\AvalonStudio\SampleProject\SampleProject\obj\libSTM32HalPlatform.a(stm32f4xx_hal_dma.o)
 .comment       0x00000000       0x71 G:\development\repos\AvalonStudio\SampleProject\SampleProject\obj\libSTM32HalPlatform.a(stm32f4xx_hal_gpio.o)
 .comment       0x00000000       0x71 G:\development\repos\AvalonStudio\SampleProject\SampleProject\obj\libSTM32HalPlatform.a(stm32f4xx_hal_pwr_ex.o)
 .comment       0x00000000       0x71 G:\development\repos\AvalonStudio\SampleProject\SampleProject\obj\libSTM32HalPlatform.a(stm32f4xx_hal_rcc.o)
 .comment       0x00000000       0x71 G:\development\repos\AvalonStudio\SampleProject\SampleProject\obj\libSTM32HalPlatform.a(stm32f4xx_hal_rcc_ex.o)
 .comment       0x00000000       0x71 G:\development\repos\AvalonStudio\SampleProject\SampleProject\obj\libSTM32HalPlatform.a(stm32f4xx_hal_spi.o)
 .comment       0x00000000       0x71 G:\development\repos\AvalonStudio\SampleProject\SampleProject\obj\libSTM32HalPlatform.a(system_stm32f4xx.o)

.ARM.attributes
                0x00000000       0x39
 .ARM.attributes
                0x00000000       0x39 G:\development\repos\AvalonStudio\SampleProject\SampleProject\obj\font12.o
 .ARM.attributes
                0x00000039       0x39 G:\development\repos\AvalonStudio\SampleProject\SampleProject\obj\font20.o
 .ARM.attributes
                0x00000072       0x39 G:\development\repos\AvalonStudio\SampleProject\SampleProject\obj\font16.o
 .ARM.attributes
                0x000000ab       0x39 G:\development\repos\AvalonStudio\SampleProject\SampleProject\obj\ili9341.o
 .ARM.attributes
                0x000000e4       0x39 G:\development\repos\AvalonStudio\SampleProject\SampleProject\obj\font8.o
 .ARM.attributes
                0x0000011d       0x39 G:\development\repos\AvalonStudio\SampleProject\SampleProject\obj\font24.o
 .ARM.attributes
                0x00000156       0x39 G:\development\repos\AvalonStudio\SampleProject\SampleProject\obj\lcd_log.o
 .ARM.attributes
                0x0000018f       0x39 G:\development\repos\AvalonStudio\SampleProject\SampleProject\obj\main.o
 .ARM.attributes
                0x000001c8       0x39 G:\development\repos\AvalonStudio\SampleProject\SampleProject\obj\startup_stm32f40xx.o
 .ARM.attributes
                0x00000201       0x39 G:\development\repos\AvalonStudio\SampleProject\SampleProject\obj\stm32f429i_discovery_eeprom.o
 .ARM.attributes
                0x0000023a       0x39 G:\development\repos\AvalonStudio\SampleProject\SampleProject\obj\stm32f429i_discovery.o
 .ARM.attributes
                0x00000273       0x39 G:\development\repos\AvalonStudio\SampleProject\SampleProject\obj\stm32f429i_discovery_io.o
 .ARM.attributes
                0x000002ac       0x39 G:\development\repos\AvalonStudio\SampleProject\SampleProject\obj\stm32f429i_discovery_sdram.o
 .ARM.attributes
                0x000002e5       0x39 G:\development\repos\AvalonStudio\SampleProject\SampleProject\obj\STM32F4Graphic.o
 .ARM.attributes
                0x0000031e       0x39 G:\development\repos\AvalonStudio\SampleProject\SampleProject\obj\stm32f429i_discovery_lcd.o
 .ARM.attributes
                0x00000357       0x39 G:\development\repos\AvalonStudio\SampleProject\SampleProject\obj\stm32f4xx_hal_msp.o
 .ARM.attributes
                0x00000390       0x39 G:\development\repos\AvalonStudio\SampleProject\SampleProject\obj\stm32f4xx_it.o
 .ARM.attributes
                0x000003c9       0x39 G:\development\repos\AvalonStudio\SampleProject\SampleProject\obj\libArmSystem.a(startup.o)
 .ARM.attributes
                0x00000402       0x39 G:\development\repos\AvalonStudio\SampleProject\SampleProject\obj\libSTM32HalPlatform.a(stm32f4xx_hal.o)
 .ARM.attributes
                0x0000043b       0x39 G:\development\repos\AvalonStudio\SampleProject\SampleProject\obj\libSTM32HalPlatform.a(stm32f4xx_hal_cortex.o)
 .ARM.attributes
                0x00000474       0x39 G:\development\repos\AvalonStudio\SampleProject\SampleProject\obj\libSTM32HalPlatform.a(stm32f4xx_hal_dma.o)
 .ARM.attributes
                0x000004ad       0x39 G:\development\repos\AvalonStudio\SampleProject\SampleProject\obj\libSTM32HalPlatform.a(stm32f4xx_hal_gpio.o)
 .ARM.attributes
                0x000004e6       0x39 G:\development\repos\AvalonStudio\SampleProject\SampleProject\obj\libSTM32HalPlatform.a(stm32f4xx_hal_pwr_ex.o)
 .ARM.attributes
                0x0000051f       0x39 G:\development\repos\AvalonStudio\SampleProject\SampleProject\obj\libSTM32HalPlatform.a(stm32f4xx_hal_rcc.o)
 .ARM.attributes
                0x00000558       0x39 G:\development\repos\AvalonStudio\SampleProject\SampleProject\obj\libSTM32HalPlatform.a(stm32f4xx_hal_rcc_ex.o)
 .ARM.attributes
                0x00000591       0x39 G:\development\repos\AvalonStudio\SampleProject\SampleProject\obj\libSTM32HalPlatform.a(stm32f4xx_hal_spi.o)
 .ARM.attributes
                0x000005ca       0x39 G:\development\repos\AvalonStudio\SampleProject\SampleProject\obj\libSTM32HalPlatform.a(system_stm32f4xx.o)

.debug_loc      0x00000000     0x5eac
 .debug_loc     0x00000000       0x84 G:\development\repos\AvalonStudio\SampleProject\SampleProject\obj\ili9341.o
 .debug_loc     0x00000084      0x158 G:\development\repos\AvalonStudio\SampleProject\SampleProject\obj\lcd_log.o
 .debug_loc     0x000001dc      0x85c G:\development\repos\AvalonStudio\SampleProject\SampleProject\obj\stm32f429i_discovery.o
 .debug_loc     0x00000a38       0xe7 G:\development\repos\AvalonStudio\SampleProject\SampleProject\obj\stm32f429i_discovery_io.o
 .debug_loc     0x00000b1f      0x268 G:\development\repos\AvalonStudio\SampleProject\SampleProject\obj\stm32f429i_discovery_sdram.o
 .debug_loc     0x00000d87     0x1f21 G:\development\repos\AvalonStudio\SampleProject\SampleProject\obj\stm32f429i_discovery_lcd.o
 .debug_loc     0x00002ca8       0x3a G:\development\repos\AvalonStudio\SampleProject\SampleProject\obj\stm32f4xx_hal_msp.o
 .debug_loc     0x00002ce2       0xae G:\development\repos\AvalonStudio\SampleProject\SampleProject\obj\libArmSystem.a(startup.o)
 .debug_loc     0x00002d90      0x102 G:\development\repos\AvalonStudio\SampleProject\SampleProject\obj\libSTM32HalPlatform.a(stm32f4xx_hal.o)
 .debug_loc     0x00002e92      0x4cd G:\development\repos\AvalonStudio\SampleProject\SampleProject\obj\libSTM32HalPlatform.a(stm32f4xx_hal_cortex.o)
 .debug_loc     0x0000335f      0x48c G:\development\repos\AvalonStudio\SampleProject\SampleProject\obj\libSTM32HalPlatform.a(stm32f4xx_hal_dma.o)
 .debug_loc     0x000037eb      0x368 G:\development\repos\AvalonStudio\SampleProject\SampleProject\obj\libSTM32HalPlatform.a(stm32f4xx_hal_gpio.o)
 .debug_loc     0x00003b53      0x3da G:\development\repos\AvalonStudio\SampleProject\SampleProject\obj\libSTM32HalPlatform.a(stm32f4xx_hal_pwr_ex.o)
 .debug_loc     0x00003f2d      0x8db G:\development\repos\AvalonStudio\SampleProject\SampleProject\obj\libSTM32HalPlatform.a(stm32f4xx_hal_rcc.o)
 .debug_loc     0x00004808      0x4df G:\development\repos\AvalonStudio\SampleProject\SampleProject\obj\libSTM32HalPlatform.a(stm32f4xx_hal_rcc_ex.o)
 .debug_loc     0x00004ce7     0x108e G:\development\repos\AvalonStudio\SampleProject\SampleProject\obj\libSTM32HalPlatform.a(stm32f4xx_hal_spi.o)
 .debug_loc     0x00005d75      0x137 G:\development\repos\AvalonStudio\SampleProject\SampleProject\obj\libSTM32HalPlatform.a(system_stm32f4xx.o)

.debug_ranges   0x00000000      0x8c8
 .debug_ranges  0x00000000       0x50 G:\development\repos\AvalonStudio\SampleProject\SampleProject\obj\ili9341.o
 .debug_ranges  0x00000050       0x50 G:\development\repos\AvalonStudio\SampleProject\SampleProject\obj\lcd_log.o
 .debug_ranges  0x000000a0       0x18 G:\development\repos\AvalonStudio\SampleProject\SampleProject\obj\main.o
 .debug_ranges  0x000000b8       0x18 G:\development\repos\AvalonStudio\SampleProject\SampleProject\obj\startup_stm32f40xx.o
 .debug_ranges  0x000000d0      0x128 G:\development\repos\AvalonStudio\SampleProject\SampleProject\obj\stm32f429i_discovery.o
 .debug_ranges  0x000001f8       0x40 G:\development\repos\AvalonStudio\SampleProject\SampleProject\obj\stm32f429i_discovery_io.o
 .debug_ranges  0x00000238       0x50 G:\development\repos\AvalonStudio\SampleProject\SampleProject\obj\stm32f429i_discovery_sdram.o
 .debug_ranges  0x00000288       0x20 G:\development\repos\AvalonStudio\SampleProject\SampleProject\obj\STM32F4Graphic.o
 .debug_ranges  0x000002a8      0x170 G:\development\repos\AvalonStudio\SampleProject\SampleProject\obj\stm32f429i_discovery_lcd.o
 .debug_ranges  0x00000418       0x18 G:\development\repos\AvalonStudio\SampleProject\SampleProject\obj\stm32f4xx_hal_msp.o
 .debug_ranges  0x00000430       0x50 G:\development\repos\AvalonStudio\SampleProject\SampleProject\obj\stm32f4xx_it.o
 .debug_ranges  0x00000480       0x20 G:\development\repos\AvalonStudio\SampleProject\SampleProject\obj\libArmSystem.a(startup.o)
 .debug_ranges  0x000004a0       0xc0 G:\development\repos\AvalonStudio\SampleProject\SampleProject\obj\libSTM32HalPlatform.a(stm32f4xx_hal.o)
 .debug_ranges  0x00000560       0x80 G:\development\repos\AvalonStudio\SampleProject\SampleProject\obj\libSTM32HalPlatform.a(stm32f4xx_hal_cortex.o)
 .debug_ranges  0x000005e0       0x58 G:\development\repos\AvalonStudio\SampleProject\SampleProject\obj\libSTM32HalPlatform.a(stm32f4xx_hal_dma.o)
 .debug_ranges  0x00000638       0x48 G:\development\repos\AvalonStudio\SampleProject\SampleProject\obj\libSTM32HalPlatform.a(stm32f4xx_hal_gpio.o)
 .debug_ranges  0x00000680       0x50 G:\development\repos\AvalonStudio\SampleProject\SampleProject\obj\libSTM32HalPlatform.a(stm32f4xx_hal_pwr_ex.o)
 .debug_ranges  0x000006d0       0x78 G:\development\repos\AvalonStudio\SampleProject\SampleProject\obj\libSTM32HalPlatform.a(stm32f4xx_hal_rcc.o)
 .debug_ranges  0x00000748       0x18 G:\development\repos\AvalonStudio\SampleProject\SampleProject\obj\libSTM32HalPlatform.a(stm32f4xx_hal_rcc_ex.o)
 .debug_ranges  0x00000760      0x148 G:\development\repos\AvalonStudio\SampleProject\SampleProject\obj\libSTM32HalPlatform.a(stm32f4xx_hal_spi.o)
 .debug_ranges  0x000008a8       0x20 G:\development\repos\AvalonStudio\SampleProject\SampleProject\obj\libSTM32HalPlatform.a(system_stm32f4xx.o)

.debug_frame    0x00000000     0x1ab8
 .debug_frame   0x00000000       0xe0 G:\development\repos\AvalonStudio\SampleProject\SampleProject\obj\ili9341.o
 .debug_frame   0x000000e0       0xf8 G:\development\repos\AvalonStudio\SampleProject\SampleProject\obj\lcd_log.o
 .debug_frame   0x000001d8       0x4c G:\development\repos\AvalonStudio\SampleProject\SampleProject\obj\main.o
 .debug_frame   0x00000224       0x38 G:\development\repos\AvalonStudio\SampleProject\SampleProject\obj\startup_stm32f40xx.o
 .debug_frame   0x0000025c      0x3fc G:\development\repos\AvalonStudio\SampleProject\SampleProject\obj\stm32f429i_discovery.o
 .debug_frame   0x00000658       0xb0 G:\development\repos\AvalonStudio\SampleProject\SampleProject\obj\stm32f429i_discovery_io.o
 .debug_frame   0x00000708      0x11c G:\development\repos\AvalonStudio\SampleProject\SampleProject\obj\stm32f429i_discovery_sdram.o
 .debug_frame   0x00000824       0x50 G:\development\repos\AvalonStudio\SampleProject\SampleProject\obj\STM32F4Graphic.o
 .debug_frame   0x00000874      0x594 G:\development\repos\AvalonStudio\SampleProject\SampleProject\obj\stm32f429i_discovery_lcd.o
 .debug_frame   0x00000e08       0x3c G:\development\repos\AvalonStudio\SampleProject\SampleProject\obj\stm32f4xx_hal_msp.o
 .debug_frame   0x00000e44       0xa8 G:\development\repos\AvalonStudio\SampleProject\SampleProject\obj\stm32f4xx_it.o
 .debug_frame   0x00000eec       0x50 G:\development\repos\AvalonStudio\SampleProject\SampleProject\obj\libArmSystem.a(startup.o)
 .debug_frame   0x00000f3c      0x1a8 G:\development\repos\AvalonStudio\SampleProject\SampleProject\obj\libSTM32HalPlatform.a(stm32f4xx_hal.o)
 .debug_frame   0x000010e4      0x128 G:\development\repos\AvalonStudio\SampleProject\SampleProject\obj\libSTM32HalPlatform.a(stm32f4xx_hal_cortex.o)
 .debug_frame   0x0000120c      0x110 G:\development\repos\AvalonStudio\SampleProject\SampleProject\obj\libSTM32HalPlatform.a(stm32f4xx_hal_dma.o)
 .debug_frame   0x0000131c       0xc8 G:\development\repos\AvalonStudio\SampleProject\SampleProject\obj\libSTM32HalPlatform.a(stm32f4xx_hal_gpio.o)
 .debug_frame   0x000013e4       0xf4 G:\development\repos\AvalonStudio\SampleProject\SampleProject\obj\libSTM32HalPlatform.a(stm32f4xx_hal_pwr_ex.o)
 .debug_frame   0x000014d8      0x144 G:\development\repos\AvalonStudio\SampleProject\SampleProject\obj\libSTM32HalPlatform.a(stm32f4xx_hal_rcc.o)
 .debug_frame   0x0000161c       0x54 G:\development\repos\AvalonStudio\SampleProject\SampleProject\obj\libSTM32HalPlatform.a(stm32f4xx_hal_rcc_ex.o)
 .debug_frame   0x00001670      0x3f0 G:\development\repos\AvalonStudio\SampleProject\SampleProject\obj\libSTM32HalPlatform.a(stm32f4xx_hal_spi.o)
 .debug_frame   0x00001a60       0x58 G:\development\repos\AvalonStudio\SampleProject\SampleProject\obj\libSTM32HalPlatform.a(system_stm32f4xx.o)
